
====================================================================================
[12 JUL 2018 09:50:44 GMT-8] Pre-Sync - Preparing for execution...

====================================================================================
[12 JUL 2018 09:50:44 GMT-8] Pre-Sync Request:
"C:\PROGRA~2\MYHERI~1\Bin\FAMILY~2.EXE" https://www.myheritage.com/FP/API/FTB/ftb-api.php --data "@C:\Users\Eric\AppData\Roaming\MYHERI~1\Temp\dat6193.tmp" --progress-bar --output "C:\Users\Eric\AppData\Roaming\MYHERI~1\Temp\out6194.tmp" --stderr "C:\Users\Eric\AppData\Roaming\MYHERI~1\Temp\err6195.tmp" --ssl-no-revoke -A "Family Tree Builder 8.0.0.8397"
---DATA:---
action=api-sync-pre-sync&site_admin=maytrasvarsanos@gmail.com&site_pwd=1.373f21efaeb14380a3cb574ed6e254dd.832521481.1531414087.43200.33.0d19b8851b436d27de1a37e170a27378&project_guid=5B4670CF5B2BB6BD5E06995A33EE9395&publishing_guid=&revision=0&client_program_version=8.0.0.8397&site_id=533249471&computer_name=DESKTOP-G4N757J&bin_log_transaction_offset=0
------------------------------------------------------------------------------------
[12 JUL 2018 09:50:45 GMT-8] Pre-Sync Connection result:
0 (WAIT_OBJECT_0)

------------------------------------------------------------------------------------
[12 JUL 2018 09:50:45 GMT-8] Pre-Sync Response:
<?xml version="1.0"?>
<Pre-sync site_id="533249471" project_guid="5B4670CF5B2BB6BD5E06995A33EE9395" client_revision="0" is_synced_with_ftb="0"/>


====================================================================================
[12 JUL 2018 09:50:45 GMT-8] Downloading Binlog Commands - Preparing for execution...

====================================================================================
[12 JUL 2018 09:50:45 GMT-8] Downloading Binlog Commands Request:
"C:\PROGRA~2\MYHERI~1\Bin\FAMILY~2.EXE" https://www.myheritage.com/FP/API/FTB/ftb-api.php --data "@C:\Users\Eric\AppData\Roaming\MYHERI~1\Temp\dat64A8.tmp" --output "C:\Users\Eric\AppData\Roaming\MYHERI~1\Temp\out64A9.tmp" --stderr "C:\Users\Eric\AppData\Roaming\MYHERI~1\Temp\err64AA.tmp" --ssl-no-revoke -A "Family Tree Builder 8.0.0.8397"
---DATA:---
action=api-sync-get-bin-log-transactions&site_admin=maytrasvarsanos@gmail.com&site_pwd=1.373f21efaeb14380a3cb574ed6e254dd.832521481.1531414087.43200.33.0d19b8851b436d27de1a37e170a27378&site_id=533249471&client_program_version=8.0.0.8397&project_guid=5B4670CF5B2BB6BD5E06995A33EE9395&revision=0&offset=0&limit=1
------------------------------------------------------------------------------------
[12 JUL 2018 09:50:46 GMT-8] Downloading Binlog Commands Connection result:
0 (WAIT_OBJECT_0)

------------------------------------------------------------------------------------
[12 JUL 2018 09:50:46 GMT-8] Downloading Binlog Commands Response:
<?xml version="1.0"?>
<Get-bin-log-transactions site_id="533249471" project_guid="5B4670CF5B2BB6BD5E06995A33EE9395" client_revision="0" is_synced_with_ftb="0" total="0">
  <transactions/>
</Get-bin-log-transactions>


====================================================================================
[12 JUL 2018 11:46:02 GMT-8] Pre-Sync - Preparing for execution...

====================================================================================
[12 JUL 2018 11:46:03 GMT-8] Pre-Sync Request:
"C:\PROGRA~2\MYHERI~1\Bin\FAMILY~2.EXE" https://www.myheritage.com/FP/API/FTB/ftb-api.php --data "@C:\Users\Eric\AppData\Roaming\MYHERI~1\Temp\dat1EED.tmp" --progress-bar --output "C:\Users\Eric\AppData\Roaming\MYHERI~1\Temp\out1EEE.tmp" --stderr "C:\Users\Eric\AppData\Roaming\MYHERI~1\Temp\err1EFF.tmp" --ssl-no-revoke -A "Family Tree Builder 8.0.0.8397"
---DATA:---
action=api-sync-pre-sync&site_admin=maytrasvarsanos@gmail.com&site_pwd=1.373f21efaeb14380a3cb574ed6e254dd.832521481.1531421114.43200.33.c6769a2adad4631809fe05c4a18a3f52&project_guid=5B4670CF5B2BB6BD5E06995A33EE9395&publishing_guid=&revision=0&client_program_version=8.0.0.8397&site_id=533249471&computer_name=DESKTOP-G4N757J&bin_log_transaction_offset=0
------------------------------------------------------------------------------------
[12 JUL 2018 11:46:04 GMT-8] Pre-Sync Connection result:
0 (WAIT_OBJECT_0)

------------------------------------------------------------------------------------
[12 JUL 2018 11:46:04 GMT-8] Pre-Sync Response:
<?xml version="1.0"?>
<Pre-sync site_id="533249471" project_guid="5B4670CF5B2BB6BD5E06995A33EE9395" client_revision="0" is_synced_with_ftb="0"/>


====================================================================================
[12 JUL 2018 11:46:04 GMT-8] Downloading Binlog Commands - Preparing for execution...

====================================================================================
[12 JUL 2018 11:46:04 GMT-8] Downloading Binlog Commands Request:
"C:\PROGRA~2\MYHERI~1\Bin\FAMILY~2.EXE" https://www.myheritage.com/FP/API/FTB/ftb-api.php --data "@C:\Users\Eric\AppData\Roaming\MYHERI~1\Temp\dat227B.tmp" --output "C:\Users\Eric\AppData\Roaming\MYHERI~1\Temp\out227C.tmp" --stderr "C:\Users\Eric\AppData\Roaming\MYHERI~1\Temp\err227D.tmp" --ssl-no-revoke -A "Family Tree Builder 8.0.0.8397"
---DATA:---
action=api-sync-get-bin-log-transactions&site_admin=maytrasvarsanos@gmail.com&site_pwd=1.373f21efaeb14380a3cb574ed6e254dd.832521481.1531421114.43200.33.c6769a2adad4631809fe05c4a18a3f52&site_id=533249471&client_program_version=8.0.0.8397&project_guid=5B4670CF5B2BB6BD5E06995A33EE9395&revision=0&offset=0&limit=1
------------------------------------------------------------------------------------
[12 JUL 2018 11:46:04 GMT-8] Downloading Binlog Commands Connection result:
0 (WAIT_OBJECT_0)

------------------------------------------------------------------------------------
[12 JUL 2018 11:46:04 GMT-8] Downloading Binlog Commands Response:
<?xml version="1.0"?>
<Get-bin-log-transactions site_id="533249471" project_guid="5B4670CF5B2BB6BD5E06995A33EE9395" client_revision="0" is_synced_with_ftb="0" total="0">
  <transactions/>
</Get-bin-log-transactions>

