
====================================================================================
[11 JUL 2018 09:12:11 GMT-8] Pre-Sync - Preparing for execution...

====================================================================================
[11 JUL 2018 09:12:11 GMT-8] Pre-Sync Request:
"C:\PROGRA~2\MYHERI~1\Bin\FAMILY~2.EXE" https://www.myheritage.com/FP/API/FTB/ftb-api.php --data "@C:\Users\Eric\AppData\Roaming\MYHERI~1\Temp\datB818.tmp" --progress-bar --output "C:\Users\Eric\AppData\Roaming\MYHERI~1\Temp\outB819.tmp" --stderr "C:\Users\Eric\AppData\Roaming\MYHERI~1\Temp\errB81A.tmp" --ssl-no-revoke -A "Family Tree Builder 8.0.0.8397"
---DATA:---
action=api-sync-pre-sync&site_admin=theogrammaticus@gmail.com&site_pwd=791164d2dd92abb749c1cc2eb89cfe5e766c4492&project_guid=5AE1752AAFFC51B46E06995A33EE917A&publishing_guid=&revision=0&client_program_version=8.0.0.8397&site_id=511413591&computer_name=DESKTOP-G4N757J&bin_log_transaction_offset=0
------------------------------------------------------------------------------------
[11 JUL 2018 09:12:17 GMT-8] Pre-Sync Connection result:
0 (WAIT_OBJECT_0)

------------------------------------------------------------------------------------
[11 JUL 2018 09:12:17 GMT-8] Pre-Sync Response:
<?xml version="1.0"?>
<Pre-sync error_code="200" error_desc="MyHeritage\Web\Ftb\Model\Api\ApiBase::handleAuthorizeUserResponse: Unauthorized request, error code: '201'" outcome="error"/>


====================================================================================
[11 JUL 2018 09:16:07 GMT-8] Pre-Sync - Preparing for execution...

====================================================================================
[11 JUL 2018 09:16:08 GMT-8] Pre-Sync Request:
"C:\PROGRA~2\MYHERI~1\Bin\FAMILY~2.EXE" https://www.myheritage.com/FP/API/FTB/ftb-api.php --data "@C:\Users\Eric\AppData\Roaming\MYHERI~1\Temp\dat5402.tmp" --progress-bar --output "C:\Users\Eric\AppData\Roaming\MYHERI~1\Temp\out5403.tmp" --stderr "C:\Users\Eric\AppData\Roaming\MYHERI~1\Temp\err5404.tmp" --ssl-no-revoke -A "Family Tree Builder 8.0.0.8397"
---DATA:---
action=api-sync-pre-sync&site_admin=theogrammaticus@gmail.com&site_pwd=791164d2dd92abb749c1cc2eb89cfe5e766c4492&project_guid=5AE1752AAFFC51B46E06995A33EE917A&publishing_guid=&revision=0&client_program_version=8.0.0.8397&site_id=511413591&computer_name=DESKTOP-G4N757J&bin_log_transaction_offset=0
------------------------------------------------------------------------------------
[11 JUL 2018 09:16:09 GMT-8] Pre-Sync Connection result:
0 (WAIT_OBJECT_0)

------------------------------------------------------------------------------------
[11 JUL 2018 09:16:09 GMT-8] Pre-Sync Response:
<?xml version="1.0"?>
<Pre-sync error_code="200" error_desc="MyHeritage\Web\Ftb\Model\Api\ApiBase::handleAuthorizeUserResponse: Unauthorized request, error code: '201'" outcome="error"/>


====================================================================================
[11 JUL 2018 09:28:56 GMT-8] Pre-Sync - Preparing for execution...

====================================================================================
[11 JUL 2018 09:28:56 GMT-8] Pre-Sync Request:
"C:\PROGRA~2\MYHERI~1\Bin\FAMILY~2.EXE" https://www.myheritage.com/FP/API/FTB/ftb-api.php --data "@C:\Users\Eric\AppData\Roaming\MYHERI~1\Temp\datEF3.tmp" --progress-bar --output "C:\Users\Eric\AppData\Roaming\MYHERI~1\Temp\outEF4.tmp" --stderr "C:\Users\Eric\AppData\Roaming\MYHERI~1\Temp\errF04.tmp" --ssl-no-revoke -A "Family Tree Builder 8.0.0.8397"
---DATA:---
action=api-sync-pre-sync&site_admin=theogrammaticus@gmail.com&site_pwd=1.373f21efaeb14380a3cb574ed6e254dd.832521481.1531326529.43200.33.83635c06e86f2f588ba123e2cf74ff63&project_guid=5AE1752AAFFC51B46E06995A33EE917A&publishing_guid=&revision=0&client_program_version=8.0.0.8397&site_id=511413591&computer_name=DESKTOP-G4N757J&bin_log_transaction_offset=0
------------------------------------------------------------------------------------
[11 JUL 2018 09:28:57 GMT-8] Pre-Sync Connection result:
0 (WAIT_OBJECT_0)

------------------------------------------------------------------------------------
[11 JUL 2018 09:28:57 GMT-8] Pre-Sync Response:
<?xml version="1.0"?>
<Pre-sync error_code="200" error_desc="MyHeritage\Web\Ftb\Model\Api\ApiBase::handleAuthorizeUserResponse: Unauthorized request, error code: '201'" outcome="error"/>


====================================================================================
[11 JUL 2018 09:54:00 GMT-8] Pre-Sync - Preparing for execution...

====================================================================================
[11 JUL 2018 09:54:00 GMT-8] Pre-Sync Request:
"C:\PROGRA~2\MYHERI~1\Bin\FAMILY~2.EXE" https://www.myheritage.com/FP/API/FTB/ftb-api.php --data "@C:\Users\Eric\AppData\Roaming\MYHERI~1\Temp\dat5C.tmp" --progress-bar --output "C:\Users\Eric\AppData\Roaming\MYHERI~1\Temp\out5D.tmp" --stderr "C:\Users\Eric\AppData\Roaming\MYHERI~1\Temp\err6E.tmp" --ssl-no-revoke -A "Family Tree Builder 8.0.0.8397"
---DATA:---
action=api-sync-pre-sync&site_admin=theogrammaticus@gmail.com&site_pwd=1.373f21efaeb14380a3cb574ed6e254dd.832521481.1531328032.43200.33.5d7f77804cccc7455b78eb412b2ea97f&project_guid=5AE1752AAFFC51B46E06995A33EE917A&publishing_guid=&revision=0&client_program_version=8.0.0.8397&site_id=511413591&computer_name=DESKTOP-G4N757J&bin_log_transaction_offset=0
------------------------------------------------------------------------------------
[11 JUL 2018 09:54:01 GMT-8] Pre-Sync Connection result:
0 (WAIT_OBJECT_0)

------------------------------------------------------------------------------------
[11 JUL 2018 09:54:01 GMT-8] Pre-Sync Response:
<?xml version="1.0"?>
<Pre-sync error_code="200" error_desc="MyHeritage\Web\Ftb\Model\Api\ApiBase::handleAuthorizeUserResponse: Unauthorized request, error code: '201'" outcome="error"/>

