
====================================================================================
[11 JUL 2018 11:58:02 GMT-8] Pre-Sync - Preparing for execution...

====================================================================================
[11 JUL 2018 11:58:02 GMT-8] Pre-Sync Request:
"C:\PROGRA~2\MYHERI~1\Bin\FAMILY~2.EXE" https://www.myheritage.com/FP/API/FTB/ftb-api.php --data "@C:\Users\Eric\AppData\Roaming\MYHERI~1\Temp\dat9197.tmp" --progress-bar --output "C:\Users\Eric\AppData\Roaming\MYHERI~1\Temp\out9198.tmp" --stderr "C:\Users\Eric\AppData\Roaming\MYHERI~1\Temp\err9199.tmp" --ssl-no-revoke -A "Family Tree Builder 8.0.0.8397"
---DATA:---
action=api-sync-pre-sync&site_admin=maytrasvarsanos@gmail.com&site_pwd=1.373f21efaeb14380a3cb574ed6e254dd.832521481.1531335120.43200.33.24ec9dda57878b9a6551fa889732d96b&project_guid=5B44CA0AF0E0D12216627371728B31B6&publishing_guid=&revision=0&client_program_version=8.0.0.8397&site_id=533249471&computer_name=DESKTOP-G4N757J&bin_log_transaction_offset=0
------------------------------------------------------------------------------------
[11 JUL 2018 11:58:03 GMT-8] Pre-Sync Connection result:
0 (WAIT_OBJECT_0)

------------------------------------------------------------------------------------
[11 JUL 2018 11:58:03 GMT-8] Pre-Sync Response:
<?xml version="1.0"?>
<Pre-sync site_id="533249471" project_guid="5B44CA0AF0E0D12216627371728B31B6" client_revision="0" is_synced_with_ftb="0"/>


====================================================================================
[11 JUL 2018 11:58:03 GMT-8] Downloading Binlog Commands - Preparing for execution...

====================================================================================
[11 JUL 2018 11:58:03 GMT-8] Downloading Binlog Commands Request:
"C:\PROGRA~2\MYHERI~1\Bin\FAMILY~2.EXE" https://www.myheritage.com/FP/API/FTB/ftb-api.php --data "@C:\Users\Eric\AppData\Roaming\MYHERI~1\Temp\dat95B1.tmp" --output "C:\Users\Eric\AppData\Roaming\MYHERI~1\Temp\out95B2.tmp" --stderr "C:\Users\Eric\AppData\Roaming\MYHERI~1\Temp\err95B3.tmp" --ssl-no-revoke -A "Family Tree Builder 8.0.0.8397"
---DATA:---
action=api-sync-get-bin-log-transactions&site_admin=maytrasvarsanos@gmail.com&site_pwd=1.373f21efaeb14380a3cb574ed6e254dd.832521481.1531335120.43200.33.24ec9dda57878b9a6551fa889732d96b&site_id=533249471&client_program_version=8.0.0.8397&project_guid=5B44CA0AF0E0D12216627371728B31B6&revision=0&offset=0&limit=1
------------------------------------------------------------------------------------
[11 JUL 2018 11:58:04 GMT-8] Downloading Binlog Commands Connection result:
0 (WAIT_OBJECT_0)

------------------------------------------------------------------------------------
[11 JUL 2018 11:58:04 GMT-8] Downloading Binlog Commands Response:
<?xml version="1.0"?>
<Get-bin-log-transactions site_id="533249471" project_guid="5B44CA0AF0E0D12216627371728B31B6" client_revision="0" is_synced_with_ftb="0" total="0">
  <transactions/>
</Get-bin-log-transactions>


====================================================================================
[11 JUL 2018 13:30:26 GMT-8] Pre-Sync - Preparing for execution...

====================================================================================
[11 JUL 2018 13:30:26 GMT-8] Pre-Sync Request:
"C:\PROGRA~2\MYHERI~1\Bin\FAMILY~2.EXE" https://www.myheritage.com/FP/API/FTB/ftb-api.php --data "@C:\Users\Eric\AppData\Roaming\MYHERI~1\Temp\dat28F9.tmp" --progress-bar --output "C:\Users\Eric\AppData\Roaming\MYHERI~1\Temp\out28FA.tmp" --stderr "C:\Users\Eric\AppData\Roaming\MYHERI~1\Temp\err290B.tmp" --ssl-no-revoke -A "Family Tree Builder 8.0.0.8397"
---DATA:---
action=api-sync-pre-sync&site_admin=maytrasvarsanos@gmail.com&site_pwd=1.373f21efaeb14380a3cb574ed6e254dd.832521481.1531339272.43200.33.e8ae222527385ae69387b5398c6bbb24&project_guid=5B44CA0AF0E0D12216627371728B31B6&publishing_guid=&revision=0&client_program_version=8.0.0.8397&site_id=533249471&computer_name=DESKTOP-G4N757J&bin_log_transaction_offset=0
------------------------------------------------------------------------------------
[11 JUL 2018 13:30:27 GMT-8] Pre-Sync Connection result:
0 (WAIT_OBJECT_0)

------------------------------------------------------------------------------------
[11 JUL 2018 13:30:27 GMT-8] Pre-Sync Response:
<?xml version="1.0"?>
<Pre-sync site_id="533249471" project_guid="5B44CA0AF0E0D12216627371728B31B6" client_revision="0" is_synced_with_ftb="0"/>


====================================================================================
[11 JUL 2018 13:30:27 GMT-8] Downloading Binlog Commands - Preparing for execution...

====================================================================================
[11 JUL 2018 13:30:27 GMT-8] Downloading Binlog Commands Request:
"C:\PROGRA~2\MYHERI~1\Bin\FAMILY~2.EXE" https://www.myheritage.com/FP/API/FTB/ftb-api.php --data "@C:\Users\Eric\AppData\Roaming\MYHERI~1\Temp\dat2DA0.tmp" --output "C:\Users\Eric\AppData\Roaming\MYHERI~1\Temp\out2DA1.tmp" --stderr "C:\Users\Eric\AppData\Roaming\MYHERI~1\Temp\err2DA2.tmp" --ssl-no-revoke -A "Family Tree Builder 8.0.0.8397"
---DATA:---
action=api-sync-get-bin-log-transactions&site_admin=maytrasvarsanos@gmail.com&site_pwd=1.373f21efaeb14380a3cb574ed6e254dd.832521481.1531339272.43200.33.e8ae222527385ae69387b5398c6bbb24&site_id=533249471&client_program_version=8.0.0.8397&project_guid=5B44CA0AF0E0D12216627371728B31B6&revision=0&offset=0&limit=1
------------------------------------------------------------------------------------
[11 JUL 2018 13:30:28 GMT-8] Downloading Binlog Commands Connection result:
0 (WAIT_OBJECT_0)

------------------------------------------------------------------------------------
[11 JUL 2018 13:30:28 GMT-8] Downloading Binlog Commands Response:
<?xml version="1.0"?>
<Get-bin-log-transactions site_id="533249471" project_guid="5B44CA0AF0E0D12216627371728B31B6" client_revision="0" is_synced_with_ftb="0" total="0">
  <transactions/>
</Get-bin-log-transactions>


====================================================================================
[11 JUL 2018 17:10:27 GMT-8] Pre-Sync - Preparing for execution...

====================================================================================
[11 JUL 2018 17:10:27 GMT-8] Pre-Sync Request:
"C:\PROGRA~2\MYHERI~1\Bin\FAMILY~2.EXE" https://www.myheritage.com/FP/API/FTB/ftb-api.php --data "@C:\Users\Eric\AppData\Roaming\MYHERI~1\Temp\dat9670.tmp" --progress-bar --output "C:\Users\Eric\AppData\Roaming\MYHERI~1\Temp\out9681.tmp" --stderr "C:\Users\Eric\AppData\Roaming\MYHERI~1\Temp\err9682.tmp" --ssl-no-revoke -A "Family Tree Builder 8.0.0.8397"
---DATA:---
action=api-sync-pre-sync&site_admin=maytrasvarsanos@gmail.com&site_pwd=1.373f21efaeb14380a3cb574ed6e254dd.832521481.1531342180.43200.33.744a17de32300c2942f1e6aa780d5a87&project_guid=5B44CA0AF0E0D12216627371728B31B6&publishing_guid=&revision=0&client_program_version=8.0.0.8397&site_id=533249471&computer_name=DESKTOP-G4N757J&bin_log_transaction_offset=0
------------------------------------------------------------------------------------
[11 JUL 2018 17:10:28 GMT-8] Pre-Sync Connection result:
0 (WAIT_OBJECT_0)

------------------------------------------------------------------------------------
[11 JUL 2018 17:10:28 GMT-8] Pre-Sync Response:
<?xml version="1.0"?>
<Pre-sync site_id="533249471" project_guid="5B44CA0AF0E0D12216627371728B31B6" client_revision="0" is_synced_with_ftb="0"/>


====================================================================================
[11 JUL 2018 17:10:28 GMT-8] Downloading Binlog Commands - Preparing for execution...

====================================================================================
[11 JUL 2018 17:10:28 GMT-8] Downloading Binlog Commands Request:
"C:\PROGRA~2\MYHERI~1\Bin\FAMILY~2.EXE" https://www.myheritage.com/FP/API/FTB/ftb-api.php --data "@C:\Users\Eric\AppData\Roaming\MYHERI~1\Temp\dat9A1D.tmp" --output "C:\Users\Eric\AppData\Roaming\MYHERI~1\Temp\out9A2D.tmp" --stderr "C:\Users\Eric\AppData\Roaming\MYHERI~1\Temp\err9A2E.tmp" --ssl-no-revoke -A "Family Tree Builder 8.0.0.8397"
---DATA:---
action=api-sync-get-bin-log-transactions&site_admin=maytrasvarsanos@gmail.com&site_pwd=1.373f21efaeb14380a3cb574ed6e254dd.832521481.1531342180.43200.33.744a17de32300c2942f1e6aa780d5a87&site_id=533249471&client_program_version=8.0.0.8397&project_guid=5B44CA0AF0E0D12216627371728B31B6&revision=0&offset=0&limit=1
------------------------------------------------------------------------------------
[11 JUL 2018 17:10:28 GMT-8] Downloading Binlog Commands Connection result:
0 (WAIT_OBJECT_0)

------------------------------------------------------------------------------------
[11 JUL 2018 17:10:28 GMT-8] Downloading Binlog Commands Response:
<?xml version="1.0"?>
<Get-bin-log-transactions site_id="533249471" project_guid="5B44CA0AF0E0D12216627371728B31B6" client_revision="0" is_synced_with_ftb="0" total="0">
  <transactions/>
</Get-bin-log-transactions>


====================================================================================
[12 JUL 2018 17:18:39 GMT-8] Pre-Sync - Preparing for execution...

====================================================================================
[12 JUL 2018 17:18:39 GMT-8] Pre-Sync Request:
"C:\PROGRA~2\MYHERI~1\Bin\FAMILY~2.EXE" https://www.myheritage.com/FP/API/FTB/ftb-api.php --data "@C:\Users\Eric\AppData\Roaming\MYHERI~1\Temp\datA0D1.tmp" --progress-bar --output "C:\Users\Eric\AppData\Roaming\MYHERI~1\Temp\outA0E2.tmp" --stderr "C:\Users\Eric\AppData\Roaming\MYHERI~1\Temp\errA0E3.tmp" --ssl-no-revoke -A "Family Tree Builder 8.0.0.8397"
---DATA:---
action=api-sync-pre-sync&site_admin=maytrasvarsanos@gmail.com&site_pwd=1.373f21efaeb14380a3cb574ed6e254dd.832521481.1531421114.43200.33.c6769a2adad4631809fe05c4a18a3f52&project_guid=5B44CA0AF0E0D12216627371728B31B6&publishing_guid=&revision=0&client_program_version=8.0.0.8397&site_id=533249471&computer_name=DESKTOP-G4N757J&bin_log_transaction_offset=0
------------------------------------------------------------------------------------
[12 JUL 2018 17:18:40 GMT-8] Pre-Sync Connection result:
0 (WAIT_OBJECT_0)

------------------------------------------------------------------------------------
[12 JUL 2018 17:18:40 GMT-8] Pre-Sync Response:
<?xml version="1.0"?>
<Pre-sync site_id="533249471" project_guid="5B44CA0AF0E0D12216627371728B31B6" client_revision="0" is_synced_with_ftb="0"/>


====================================================================================
[12 JUL 2018 17:18:40 GMT-8] Downloading Binlog Commands - Preparing for execution...

====================================================================================
[12 JUL 2018 17:18:40 GMT-8] Downloading Binlog Commands Request:
"C:\PROGRA~2\MYHERI~1\Bin\FAMILY~2.EXE" https://www.myheritage.com/FP/API/FTB/ftb-api.php --data "@C:\Users\Eric\AppData\Roaming\MYHERI~1\Temp\datA4CC.tmp" --output "C:\Users\Eric\AppData\Roaming\MYHERI~1\Temp\outA4CD.tmp" --stderr "C:\Users\Eric\AppData\Roaming\MYHERI~1\Temp\errA4CE.tmp" --ssl-no-revoke -A "Family Tree Builder 8.0.0.8397"
---DATA:---
action=api-sync-get-bin-log-transactions&site_admin=maytrasvarsanos@gmail.com&site_pwd=1.373f21efaeb14380a3cb574ed6e254dd.832521481.1531421114.43200.33.c6769a2adad4631809fe05c4a18a3f52&site_id=533249471&client_program_version=8.0.0.8397&project_guid=5B44CA0AF0E0D12216627371728B31B6&revision=0&offset=0&limit=1
------------------------------------------------------------------------------------
[12 JUL 2018 17:18:40 GMT-8] Downloading Binlog Commands Connection result:
0 (WAIT_OBJECT_0)

------------------------------------------------------------------------------------
[12 JUL 2018 17:18:40 GMT-8] Downloading Binlog Commands Response:
<?xml version="1.0"?>
<Get-bin-log-transactions site_id="533249471" project_guid="5B44CA0AF0E0D12216627371728B31B6" client_revision="0" is_synced_with_ftb="0" total="0">
  <transactions/>
</Get-bin-log-transactions>


====================================================================================
[12 JUL 2018 23:14:44 GMT-8] Pre-Sync - Preparing for execution...

====================================================================================
[12 JUL 2018 23:14:44 GMT-8] Pre-Sync Request:
"C:\PROGRA~2\MYHERI~1\Bin\FAMILY~2.EXE" https://www.myheritage.com/FP/API/FTB/ftb-api.php --data "@C:\Users\Eric\AppData\Roaming\MYHERI~1\Temp\datA479.tmp" --progress-bar --output "C:\Users\Eric\AppData\Roaming\MYHERI~1\Temp\outA47A.tmp" --stderr "C:\Users\Eric\AppData\Roaming\MYHERI~1\Temp\errA47B.tmp" --ssl-no-revoke -A "Family Tree Builder 8.0.0.8397"
---DATA:---
action=api-sync-pre-sync&site_admin=maytrasvarsanos@gmail.com&site_pwd=1.373f21efaeb14380a3cb574ed6e254dd.832521481.1531458085.43200.33.1f4468d331134ddb3f637e5daeeb8bd4&project_guid=5B44CA0AF0E0D12216627371728B31B6&publishing_guid=&revision=0&client_program_version=8.0.0.8397&site_id=533249471&computer_name=DESKTOP-G4N757J&bin_log_transaction_offset=0
------------------------------------------------------------------------------------
[12 JUL 2018 23:14:46 GMT-8] Pre-Sync Connection result:
0 (WAIT_OBJECT_0)

------------------------------------------------------------------------------------
[12 JUL 2018 23:14:46 GMT-8] Pre-Sync Response:
<?xml version="1.0"?>
<Pre-sync site_id="533249471" project_guid="5B44CA0AF0E0D12216627371728B31B6" client_revision="0" is_synced_with_ftb="0"/>


====================================================================================
[12 JUL 2018 23:14:46 GMT-8] Downloading Binlog Commands - Preparing for execution...

====================================================================================
[12 JUL 2018 23:14:46 GMT-8] Downloading Binlog Commands Request:
"C:\PROGRA~2\MYHERI~1\Bin\FAMILY~2.EXE" https://www.myheritage.com/FP/API/FTB/ftb-api.php --data "@C:\Users\Eric\AppData\Roaming\MYHERI~1\Temp\datA910.tmp" --output "C:\Users\Eric\AppData\Roaming\MYHERI~1\Temp\outA920.tmp" --stderr "C:\Users\Eric\AppData\Roaming\MYHERI~1\Temp\errA921.tmp" --ssl-no-revoke -A "Family Tree Builder 8.0.0.8397"
---DATA:---
action=api-sync-get-bin-log-transactions&site_admin=maytrasvarsanos@gmail.com&site_pwd=1.373f21efaeb14380a3cb574ed6e254dd.832521481.1531458085.43200.33.1f4468d331134ddb3f637e5daeeb8bd4&site_id=533249471&client_program_version=8.0.0.8397&project_guid=5B44CA0AF0E0D12216627371728B31B6&revision=0&offset=0&limit=1
------------------------------------------------------------------------------------
[12 JUL 2018 23:14:46 GMT-8] Downloading Binlog Commands Connection result:
0 (WAIT_OBJECT_0)

------------------------------------------------------------------------------------
[12 JUL 2018 23:14:47 GMT-8] Downloading Binlog Commands Response:
<?xml version="1.0"?>
<Get-bin-log-transactions site_id="533249471" project_guid="5B44CA0AF0E0D12216627371728B31B6" client_revision="0" is_synced_with_ftb="0" total="0">
  <transactions/>
</Get-bin-log-transactions>


====================================================================================
[13 JUL 2018 10:30:42 GMT-8] Pre-Sync - Preparing for execution...

====================================================================================
[13 JUL 2018 10:30:42 GMT-8] Pre-Sync Request:
"C:\PROGRA~2\MYHERI~1\Bin\FAMILY~2.EXE" https://www.myheritage.com/FP/API/FTB/ftb-api.php --data "@C:\Users\Eric\AppData\Roaming\MYHERI~1\Temp\dat84BF.tmp" --progress-bar --output "C:\Users\Eric\AppData\Roaming\MYHERI~1\Temp\out852D.tmp" --stderr "C:\Users\Eric\AppData\Roaming\MYHERI~1\Temp\err858C.tmp" --ssl-no-revoke -A "Family Tree Builder 8.0.0.8397"
---DATA:---
action=api-sync-pre-sync&site_admin=maytrasvarsanos@gmail.com&site_pwd=1.373f21efaeb14380a3cb574ed6e254dd.832521481.1531498113.43200.33.dd3ff9328b9ec4deb6f3743fae6cb446&project_guid=5B44CA0AF0E0D12216627371728B31B6&publishing_guid=&revision=0&client_program_version=8.0.0.8397&site_id=533249471&computer_name=DESKTOP-G4N757J&bin_log_transaction_offset=0
------------------------------------------------------------------------------------
[13 JUL 2018 10:31:07 GMT-8] Pre-Sync Connection result:
0 (WAIT_OBJECT_0)

------------------------------------------------------------------------------------
[13 JUL 2018 10:31:07 GMT-8] Pre-Sync Response:
<?xml version="1.0"?>
<Pre-sync site_id="533249471" project_guid="5B44CA0AF0E0D12216627371728B31B6" client_revision="0" is_synced_with_ftb="0"/>


====================================================================================
[13 JUL 2018 10:31:07 GMT-8] Downloading Binlog Commands - Preparing for execution...

====================================================================================
[13 JUL 2018 10:31:09 GMT-8] Downloading Binlog Commands Request:
"C:\PROGRA~2\MYHERI~1\Bin\FAMILY~2.EXE" https://www.myheritage.com/FP/API/FTB/ftb-api.php --data "@C:\Users\Eric\AppData\Roaming\MYHERI~1\Temp\datE65F.tmp" --output "C:\Users\Eric\AppData\Roaming\MYHERI~1\Temp\outE660.tmp" --stderr "C:\Users\Eric\AppData\Roaming\MYHERI~1\Temp\errEC3D.tmp" --ssl-no-revoke -A "Family Tree Builder 8.0.0.8397"
---DATA:---
action=api-sync-get-bin-log-transactions&site_admin=maytrasvarsanos@gmail.com&site_pwd=1.373f21efaeb14380a3cb574ed6e254dd.832521481.1531498113.43200.33.dd3ff9328b9ec4deb6f3743fae6cb446&site_id=533249471&client_program_version=8.0.0.8397&project_guid=5B44CA0AF0E0D12216627371728B31B6&revision=0&offset=0&limit=1
------------------------------------------------------------------------------------
[13 JUL 2018 10:31:11 GMT-8] Downloading Binlog Commands Connection result:
0 (WAIT_OBJECT_0)

------------------------------------------------------------------------------------
[13 JUL 2018 10:31:11 GMT-8] Downloading Binlog Commands Response:
<?xml version="1.0"?>
<Get-bin-log-transactions site_id="533249471" project_guid="5B44CA0AF0E0D12216627371728B31B6" client_revision="0" is_synced_with_ftb="0" total="0">
  <transactions/>
</Get-bin-log-transactions>


====================================================================================
[13 JUL 2018 10:58:57 GMT-8] Pre-Sync - Preparing for execution...

====================================================================================
[13 JUL 2018 10:59:03 GMT-8] Pre-Sync Request:
"C:\PROGRA~2\MYHERI~1\Bin\FAMILY~2.EXE" https://www.myheritage.com/FP/API/FTB/ftb-api.php --data "@C:\Users\Eric\AppData\Roaming\MYHERI~1\Temp\dat6376.tmp" --progress-bar --output "C:\Users\Eric\AppData\Roaming\MYHERI~1\Temp\out7691.tmp" --stderr "C:\Users\Eric\AppData\Roaming\MYHERI~1\Temp\err7692.tmp" --ssl-no-revoke -A "Family Tree Builder 8.0.0.8397"
---DATA:---
action=api-sync-pre-sync&site_admin=maytrasvarsanos@gmail.com&site_pwd=1.373f21efaeb14380a3cb574ed6e254dd.832521481.1531498113.43200.33.dd3ff9328b9ec4deb6f3743fae6cb446&project_guid=5B44CA0AF0E0D12216627371728B31B6&publishing_guid=&revision=0&client_program_version=8.0.0.8397&site_id=533249471&computer_name=DESKTOP-G4N757J&bin_log_transaction_offset=0
------------------------------------------------------------------------------------
[13 JUL 2018 10:59:07 GMT-8] Pre-Sync Connection result:
0 (WAIT_OBJECT_0)

------------------------------------------------------------------------------------
[13 JUL 2018 10:59:07 GMT-8] Pre-Sync Response:
<?xml version="1.0"?>
<Pre-sync site_id="533249471" project_guid="5B44CA0AF0E0D12216627371728B31B6" client_revision="0" is_synced_with_ftb="0"/>


====================================================================================
[13 JUL 2018 10:59:08 GMT-8] Downloading Binlog Commands - Preparing for execution...

====================================================================================
[13 JUL 2018 10:59:09 GMT-8] Downloading Binlog Commands Request:
"C:\PROGRA~2\MYHERI~1\Bin\FAMILY~2.EXE" https://www.myheritage.com/FP/API/FTB/ftb-api.php --data "@C:\Users\Eric\AppData\Roaming\MYHERI~1\Temp\dat8B73.tmp" --output "C:\Users\Eric\AppData\Roaming\MYHERI~1\Temp\out8BC2.tmp" --stderr "C:\Users\Eric\AppData\Roaming\MYHERI~1\Temp\err8DC7.tmp" --ssl-no-revoke -A "Family Tree Builder 8.0.0.8397"
---DATA:---
action=api-sync-get-bin-log-transactions&site_admin=maytrasvarsanos@gmail.com&site_pwd=1.373f21efaeb14380a3cb574ed6e254dd.832521481.1531498113.43200.33.dd3ff9328b9ec4deb6f3743fae6cb446&site_id=533249471&client_program_version=8.0.0.8397&project_guid=5AD69DC538F9B1F82E06995A33EE91DD&revision=0&offset=0&limit=1
------------------------------------------------------------------------------------
[13 JUL 2018 10:59:11 GMT-8] Downloading Binlog Commands Connection result:
0 (WAIT_OBJECT_0)

------------------------------------------------------------------------------------
[13 JUL 2018 10:59:11 GMT-8] Downloading Binlog Commands Response:
<?xml version="1.0"?>
<Get-bin-log-transactions site_id="533249471" project_guid="5AD69DC538F9B1F82E06995A33EE91DD" client_revision="0" is_synced_with_ftb="0" total="0">
  <transactions/>
</Get-bin-log-transactions>


====================================================================================
[13 JUL 2018 17:34:44 GMT-8] Pre-Sync - Preparing for execution...

====================================================================================
[13 JUL 2018 17:34:44 GMT-8] Pre-Sync Request:
"C:\PROGRA~2\MYHERI~1\Bin\FAMILY~2.EXE" https://www.myheritage.com/FP/API/FTB/ftb-api.php --data "@C:\Users\Eric\AppData\Roaming\MYHERI~1\Temp\datB8E6.tmp" --progress-bar --output "C:\Users\Eric\AppData\Roaming\MYHERI~1\Temp\outB8E7.tmp" --stderr "C:\Users\Eric\AppData\Roaming\MYHERI~1\Temp\errB8E8.tmp" --ssl-no-revoke -A "Family Tree Builder 8.0.0.8397"
---DATA:---
action=api-sync-pre-sync&site_admin=maytrasvarsanos@gmail.com&site_pwd=1.373f21efaeb14380a3cb574ed6e254dd.832521481.1531524870.43200.33.ba7d200b0a29b621ad70fcb757daeab0&project_guid=5B44CA0AF0E0D12216627371728B31B6&publishing_guid=&revision=0&client_program_version=8.0.0.8397&site_id=533249471&computer_name=DESKTOP-G4N757J&bin_log_transaction_offset=0
------------------------------------------------------------------------------------
[13 JUL 2018 17:34:45 GMT-8] Pre-Sync Connection result:
0 (WAIT_OBJECT_0)

------------------------------------------------------------------------------------
[13 JUL 2018 17:34:45 GMT-8] Pre-Sync Response:
<?xml version="1.0"?>
<Pre-sync site_id="533249471" project_guid="5B44CA0AF0E0D12216627371728B31B6" client_revision="0" is_synced_with_ftb="0"/>


====================================================================================
[13 JUL 2018 17:34:45 GMT-8] Downloading Binlog Commands - Preparing for execution...

====================================================================================
[13 JUL 2018 17:34:45 GMT-8] Downloading Binlog Commands Request:
"C:\PROGRA~2\MYHERI~1\Bin\FAMILY~2.EXE" https://www.myheritage.com/FP/API/FTB/ftb-api.php --data "@C:\Users\Eric\AppData\Roaming\MYHERI~1\Temp\datBB6A.tmp" --output "C:\Users\Eric\AppData\Roaming\MYHERI~1\Temp\outBB6B.tmp" --stderr "C:\Users\Eric\AppData\Roaming\MYHERI~1\Temp\errBB6C.tmp" --ssl-no-revoke -A "Family Tree Builder 8.0.0.8397"
---DATA:---
action=api-sync-get-bin-log-transactions&site_admin=maytrasvarsanos@gmail.com&site_pwd=1.373f21efaeb14380a3cb574ed6e254dd.832521481.1531524870.43200.33.ba7d200b0a29b621ad70fcb757daeab0&site_id=533249471&client_program_version=8.0.0.8397&project_guid=5B44CA0AF0E0D12216627371728B31B6&revision=0&offset=0&limit=1
------------------------------------------------------------------------------------
[13 JUL 2018 17:34:46 GMT-8] Downloading Binlog Commands Connection result:
0 (WAIT_OBJECT_0)

------------------------------------------------------------------------------------
[13 JUL 2018 17:34:46 GMT-8] Downloading Binlog Commands Response:
<?xml version="1.0"?>
<Get-bin-log-transactions site_id="533249471" project_guid="5B44CA0AF0E0D12216627371728B31B6" client_revision="0" is_synced_with_ftb="0" total="0">
  <transactions/>
</Get-bin-log-transactions>


====================================================================================
[14 JUL 2018 00:32:08 GMT-8] Pre-Sync - Preparing for execution...

====================================================================================
[14 JUL 2018 00:32:08 GMT-8] Pre-Sync Request:
"C:\PROGRA~2\MYHERI~1\Bin\FAMILY~2.EXE" https://www.myheritage.com/FP/API/FTB/ftb-api.php --data "@C:\Users\Eric\AppData\Roaming\MYHERI~1\Temp\datDAB5.tmp" --progress-bar --output "C:\Users\Eric\AppData\Roaming\MYHERI~1\Temp\outDAB6.tmp" --stderr "C:\Users\Eric\AppData\Roaming\MYHERI~1\Temp\errDAB7.tmp" --ssl-no-revoke -A "Family Tree Builder 8.0.0.8397"
---DATA:---
action=api-sync-pre-sync&site_admin=maytrasvarsanos@gmail.com&site_pwd=1.373f21efaeb14380a3cb574ed6e254dd.832521481.1531553017.43200.33.8e52fb7c5344ab15df6784aeef02ced4&project_guid=5B44CA0AF0E0D12216627371728B31B6&publishing_guid=&revision=0&client_program_version=8.0.0.8397&site_id=533249471&computer_name=DESKTOP-G4N757J&bin_log_transaction_offset=0
------------------------------------------------------------------------------------
[14 JUL 2018 00:32:09 GMT-8] Pre-Sync Connection result:
0 (WAIT_OBJECT_0)

------------------------------------------------------------------------------------
[14 JUL 2018 00:32:09 GMT-8] Pre-Sync Response:
<?xml version="1.0"?>
<Pre-sync site_id="533249471" project_guid="5B44CA0AF0E0D12216627371728B31B6" client_revision="0" is_synced_with_ftb="0"/>


====================================================================================
[14 JUL 2018 00:32:09 GMT-8] Downloading Binlog Commands - Preparing for execution...

====================================================================================
[14 JUL 2018 00:32:09 GMT-8] Downloading Binlog Commands Request:
"C:\PROGRA~2\MYHERI~1\Bin\FAMILY~2.EXE" https://www.myheritage.com/FP/API/FTB/ftb-api.php --data "@C:\Users\Eric\AppData\Roaming\MYHERI~1\Temp\datDE07.tmp" --output "C:\Users\Eric\AppData\Roaming\MYHERI~1\Temp\outDE08.tmp" --stderr "C:\Users\Eric\AppData\Roaming\MYHERI~1\Temp\errDE09.tmp" --ssl-no-revoke -A "Family Tree Builder 8.0.0.8397"
---DATA:---
action=api-sync-get-bin-log-transactions&site_admin=maytrasvarsanos@gmail.com&site_pwd=1.373f21efaeb14380a3cb574ed6e254dd.832521481.1531553017.43200.33.8e52fb7c5344ab15df6784aeef02ced4&site_id=533249471&client_program_version=8.0.0.8397&project_guid=5B44CA0AF0E0D12216627371728B31B6&revision=0&offset=0&limit=1
------------------------------------------------------------------------------------
[14 JUL 2018 00:32:10 GMT-8] Downloading Binlog Commands Connection result:
0 (WAIT_OBJECT_0)

------------------------------------------------------------------------------------
[14 JUL 2018 00:32:10 GMT-8] Downloading Binlog Commands Response:
<?xml version="1.0"?>
<Get-bin-log-transactions site_id="533249471" project_guid="5B44CA0AF0E0D12216627371728B31B6" client_revision="0" is_synced_with_ftb="0" total="0">
  <transactions/>
</Get-bin-log-transactions>


====================================================================================
[14 JUL 2018 02:10:35 GMT-8] Pre-Sync - Preparing for execution...

====================================================================================
[14 JUL 2018 02:10:41 GMT-8] Pre-Sync Request:
"C:\PROGRA~2\MYHERI~1\Bin\FAMILY~2.EXE" https://www.myheritage.com/FP/API/FTB/ftb-api.php --data "@C:\Users\Eric\AppData\Roaming\MYHERI~1\Temp\datFEC2.tmp" --progress-bar --output "C:\Users\Eric\AppData\Roaming\MYHERI~1\Temp\out15F5.tmp" --stderr "C:\Users\Eric\AppData\Roaming\MYHERI~1\Temp\err15F6.tmp" --ssl-no-revoke -A "Family Tree Builder 8.0.0.8397"
---DATA:---
action=api-sync-pre-sync&site_admin=maytrasvarsanos@gmail.com&site_pwd=1.373f21efaeb14380a3cb574ed6e254dd.832521481.1531559325.43200.33.a721d7b2705d6e5e2d8f2b96bcf4a8d9&project_guid=5B44CA0AF0E0D12216627371728B31B6&publishing_guid=&revision=0&client_program_version=8.0.0.8397&site_id=533249471&computer_name=DESKTOP-G4N757J&bin_log_transaction_offset=0
------------------------------------------------------------------------------------
[14 JUL 2018 02:10:43 GMT-8] Pre-Sync Connection result:
0 (WAIT_OBJECT_0)

------------------------------------------------------------------------------------
[14 JUL 2018 02:10:43 GMT-8] Pre-Sync Response:
<?xml version="1.0"?>
<Pre-sync site_id="533249471" project_guid="5B44CA0AF0E0D12216627371728B31B6" client_revision="0" is_synced_with_ftb="0"/>


====================================================================================
[14 JUL 2018 02:10:43 GMT-8] Downloading Binlog Commands - Preparing for execution...

====================================================================================
[14 JUL 2018 02:10:43 GMT-8] Downloading Binlog Commands Request:
"C:\PROGRA~2\MYHERI~1\Bin\FAMILY~2.EXE" https://www.myheritage.com/FP/API/FTB/ftb-api.php --data "@C:\Users\Eric\AppData\Roaming\MYHERI~1\Temp\dat1B56.tmp" --output "C:\Users\Eric\AppData\Roaming\MYHERI~1\Temp\out1B66.tmp" --stderr "C:\Users\Eric\AppData\Roaming\MYHERI~1\Temp\err1B67.tmp" --ssl-no-revoke -A "Family Tree Builder 8.0.0.8397"
---DATA:---
action=api-sync-get-bin-log-transactions&site_admin=maytrasvarsanos@gmail.com&site_pwd=1.373f21efaeb14380a3cb574ed6e254dd.832521481.1531559325.43200.33.a721d7b2705d6e5e2d8f2b96bcf4a8d9&site_id=533249471&client_program_version=8.0.0.8397&project_guid=5B44CA0AF0E0D12216627371728B31B6&revision=0&offset=0&limit=1
------------------------------------------------------------------------------------
[14 JUL 2018 02:10:44 GMT-8] Downloading Binlog Commands Connection result:
0 (WAIT_OBJECT_0)

------------------------------------------------------------------------------------
[14 JUL 2018 02:10:44 GMT-8] Downloading Binlog Commands Response:
<?xml version="1.0"?>
<Get-bin-log-transactions site_id="533249471" project_guid="5B44CA0AF0E0D12216627371728B31B6" client_revision="0" is_synced_with_ftb="0" total="0">
  <transactions/>
</Get-bin-log-transactions>


====================================================================================
[14 JUL 2018 10:19:35 GMT-8] Pre-Sync - Preparing for execution...

====================================================================================
[14 JUL 2018 10:19:36 GMT-8] Pre-Sync Request:
"C:\PROGRA~2\MYHERI~1\Bin\FAMILY~2.EXE" https://www.myheritage.com/FP/API/FTB/ftb-api.php --data "@C:\Users\Eric\AppData\Roaming\MYHERI~1\Temp\datB10D.tmp" --progress-bar --output "C:\Users\Eric\AppData\Roaming\MYHERI~1\Temp\outB14C.tmp" --stderr "C:\Users\Eric\AppData\Roaming\MYHERI~1\Temp\errB17C.tmp" --ssl-no-revoke -A "Family Tree Builder 8.0.0.8397"
---DATA:---
action=api-sync-pre-sync&site_admin=maytrasvarsanos@gmail.com&site_pwd=1.373f21efaeb14380a3cb574ed6e254dd.832521481.1531587416.43200.33.261ddb2ffdf15afd0f43048fedaa9299&project_guid=5B44CA0AF0E0D12216627371728B31B6&publishing_guid=&revision=0&client_program_version=8.0.0.8397&site_id=533249471&computer_name=DESKTOP-G4N757J&bin_log_transaction_offset=0
------------------------------------------------------------------------------------
[14 JUL 2018 10:19:59 GMT-8] Pre-Sync Connection result:
0 (WAIT_OBJECT_0)

------------------------------------------------------------------------------------
[14 JUL 2018 10:19:59 GMT-8] Pre-Sync Response:
<?xml version="1.0"?>
<Pre-sync site_id="533249471" project_guid="5B44CA0AF0E0D12216627371728B31B6" client_revision="0" is_synced_with_ftb="0"/>


====================================================================================
[14 JUL 2018 10:19:59 GMT-8] Downloading Binlog Commands - Preparing for execution...

====================================================================================
[14 JUL 2018 10:19:59 GMT-8] Downloading Binlog Commands Request:
"C:\PROGRA~2\MYHERI~1\Bin\FAMILY~2.EXE" https://www.myheritage.com/FP/API/FTB/ftb-api.php --data "@C:\Users\Eric\AppData\Roaming\MYHERI~1\Temp\datE43.tmp" --output "C:\Users\Eric\AppData\Roaming\MYHERI~1\Temp\outE44.tmp" --stderr "C:\Users\Eric\AppData\Roaming\MYHERI~1\Temp\errE55.tmp" --ssl-no-revoke -A "Family Tree Builder 8.0.0.8397"
---DATA:---
action=api-sync-get-bin-log-transactions&site_admin=maytrasvarsanos@gmail.com&site_pwd=1.373f21efaeb14380a3cb574ed6e254dd.832521481.1531587416.43200.33.261ddb2ffdf15afd0f43048fedaa9299&site_id=533249471&client_program_version=8.0.0.8397&project_guid=5B44CA0AF0E0D12216627371728B31B6&revision=0&offset=0&limit=1
------------------------------------------------------------------------------------
[14 JUL 2018 10:20:02 GMT-8] Downloading Binlog Commands Connection result:
0 (WAIT_OBJECT_0)

------------------------------------------------------------------------------------
[14 JUL 2018 10:20:02 GMT-8] Downloading Binlog Commands Response:
<?xml version="1.0"?>
<Get-bin-log-transactions site_id="533249471" project_guid="5B44CA0AF0E0D12216627371728B31B6" client_revision="0" is_synced_with_ftb="0" total="0">
  <transactions/>
</Get-bin-log-transactions>


====================================================================================
[14 JUL 2018 11:28:38 GMT-8] Pre-Sync - Preparing for execution...

====================================================================================
[14 JUL 2018 11:28:38 GMT-8] Pre-Sync Request:
"C:\PROGRA~2\MYHERI~1\Bin\FAMILY~2.EXE" https://www.myheritage.com/FP/API/FTB/ftb-api.php --data "@C:\Users\Eric\AppData\Roaming\MYHERI~1\Temp\datE7A5.tmp" --progress-bar --output "C:\Users\Eric\AppData\Roaming\MYHERI~1\Temp\outE7A6.tmp" --stderr "C:\Users\Eric\AppData\Roaming\MYHERI~1\Temp\errE7A7.tmp" --ssl-no-revoke -A "Family Tree Builder 8.0.0.8404"
---DATA:---
action=api-sync-pre-sync&site_admin=maytrasvarsanos@gmail.com&site_pwd=1.373f21efaeb14380a3cb574ed6e254dd.832521481.1531592788.43200.33.a6c901f13e41cfb7b29f5579fee24b45&project_guid=5B44CA0AF0E0D12216627371728B31B6&publishing_guid=&revision=0&client_program_version=8.0.0.8404&site_id=533249471&computer_name=DESKTOP-G4N757J&bin_log_transaction_offset=0
------------------------------------------------------------------------------------
[14 JUL 2018 11:29:06 GMT-8] Pre-Sync Connection result:
0 (WAIT_OBJECT_0)

------------------------------------------------------------------------------------
[14 JUL 2018 11:29:11 GMT-8] Pre-Sync Response:
<?xml version="1.0"?>
<Pre-sync site_id="533249471" project_guid="5B44CA0AF0E0D12216627371728B31B6" client_revision="0" is_synced_with_ftb="0"/>


====================================================================================
[14 JUL 2018 11:29:11 GMT-8] Downloading Binlog Commands - Preparing for execution...

====================================================================================
[14 JUL 2018 11:29:11 GMT-8] Downloading Binlog Commands Request:
"C:\PROGRA~2\MYHERI~1\Bin\FAMILY~2.EXE" https://www.myheritage.com/FP/API/FTB/ftb-api.php --data "@C:\Users\Eric\AppData\Roaming\MYHERI~1\Temp\dat6890.tmp" --output "C:\Users\Eric\AppData\Roaming\MYHERI~1\Temp\out6891.tmp" --stderr "C:\Users\Eric\AppData\Roaming\MYHERI~1\Temp\err6892.tmp" --ssl-no-revoke -A "Family Tree Builder 8.0.0.8404"
---DATA:---
action=api-sync-get-bin-log-transactions&site_admin=maytrasvarsanos@gmail.com&site_pwd=1.373f21efaeb14380a3cb574ed6e254dd.832521481.1531592788.43200.33.a6c901f13e41cfb7b29f5579fee24b45&site_id=533249471&client_program_version=8.0.0.8404&project_guid=5B44CA0AF0E0D12216627371728B31B6&revision=0&offset=0&limit=1
------------------------------------------------------------------------------------
[14 JUL 2018 11:29:23 GMT-8] Downloading Binlog Commands Connection result:
0 (WAIT_OBJECT_0)

------------------------------------------------------------------------------------
[14 JUL 2018 11:29:24 GMT-8] Downloading Binlog Commands Response:
<?xml version="1.0"?>
<Get-bin-log-transactions site_id="533249471" project_guid="5B44CA0AF0E0D12216627371728B31B6" client_revision="0" is_synced_with_ftb="0" total="0">
  <transactions/>
</Get-bin-log-transactions>


====================================================================================
[14 JUL 2018 12:12:49 GMT-8] Pre-Sync - Preparing for execution...

====================================================================================
[14 JUL 2018 12:12:49 GMT-8] Pre-Sync Request:
"C:\PROGRA~2\MYHERI~1\Bin\FAMILY~2.EXE" https://www.myheritage.com/FP/API/FTB/ftb-api.php --data "@C:\Users\Eric\AppData\Roaming\MYHERI~1\Temp\dat58F2.tmp" --progress-bar --output "C:\Users\Eric\AppData\Roaming\MYHERI~1\Temp\out5903.tmp" --stderr "C:\Users\Eric\AppData\Roaming\MYHERI~1\Temp\err5904.tmp" --ssl-no-revoke -A "Family Tree Builder 8.0.0.8404"
---DATA:---
action=api-sync-pre-sync&site_admin=maytrasvarsanos@gmail.com&site_pwd=1.373f21efaeb14380a3cb574ed6e254dd.832521481.1531595283.43200.33.452672d4a637a798844ac71dd57c24fb&project_guid=5B44CA0AF0E0D12216627371728B31B6&publishing_guid=&revision=0&client_program_version=8.0.0.8404&site_id=533249471&computer_name=DESKTOP-G4N757J&bin_log_transaction_offset=0
------------------------------------------------------------------------------------
[14 JUL 2018 12:12:55 GMT-8] Pre-Sync Connection result:
0 (WAIT_OBJECT_0)

------------------------------------------------------------------------------------
[14 JUL 2018 12:12:55 GMT-8] Pre-Sync Response:
<?xml version="1.0"?>
<Pre-sync site_id="533249471" project_guid="5B44CA0AF0E0D12216627371728B31B6" client_revision="0" is_synced_with_ftb="0"/>


====================================================================================
[14 JUL 2018 12:12:57 GMT-8] Downloading Binlog Commands - Preparing for execution...

====================================================================================
[14 JUL 2018 12:12:58 GMT-8] Downloading Binlog Commands Request:
"C:\PROGRA~2\MYHERI~1\Bin\FAMILY~2.EXE" https://www.myheritage.com/FP/API/FTB/ftb-api.php --data "@C:\Users\Eric\AppData\Roaming\MYHERI~1\Temp\dat7A96.tmp" --output "C:\Users\Eric\AppData\Roaming\MYHERI~1\Temp\out7DF3.tmp" --stderr "C:\Users\Eric\AppData\Roaming\MYHERI~1\Temp\err7DF4.tmp" --ssl-no-revoke -A "Family Tree Builder 8.0.0.8404"
---DATA:---
action=api-sync-get-bin-log-transactions&site_admin=maytrasvarsanos@gmail.com&site_pwd=1.373f21efaeb14380a3cb574ed6e254dd.832521481.1531595283.43200.33.452672d4a637a798844ac71dd57c24fb&site_id=533249471&client_program_version=8.0.0.8404&project_guid=5B44CA0AF0E0D12216627371728B31B6&revision=0&offset=0&limit=1
------------------------------------------------------------------------------------
[14 JUL 2018 12:13:12 GMT-8] Downloading Binlog Commands Connection result:
0 (WAIT_OBJECT_0)

------------------------------------------------------------------------------------
[14 JUL 2018 12:13:12 GMT-8] Downloading Binlog Commands Response:
<?xml version="1.0"?>
<Get-bin-log-transactions site_id="533249471" project_guid="5B44CA0AF0E0D12216627371728B31B6" client_revision="0" is_synced_with_ftb="0" total="0">
  <transactions/>
</Get-bin-log-transactions>

