
====================================================================================
[11 JUL 2018 12:13:28 GMT-8] Pre-Sync - Preparing for execution...

====================================================================================
[11 JUL 2018 12:13:28 GMT-8] Pre-Sync Request:
"C:\PROGRA~2\MYHERI~1\Bin\FAMILY~2.EXE" https://www.myheritage.com/FP/API/FTB/ftb-api.php --data "@C:\Users\Eric\AppData\Roaming\MYHERI~1\Temp\datB12C.tmp" --progress-bar --output "C:\Users\Eric\AppData\Roaming\MYHERI~1\Temp\outB13D.tmp" --stderr "C:\Users\Eric\AppData\Roaming\MYHERI~1\Temp\errB13E.tmp" --ssl-no-revoke -A "Family Tree Builder 8.0.0.8397"
---DATA:---
action=api-sync-pre-sync&site_admin=theogrammaticus@gmail.com&site_pwd=1.373f21efaeb14380a3cb574ed6e254dd.832521481.1531335883.43200.33.b0ca9e539911fd02965c7aeaa5ac0995&project_guid=57FCA7416EAD763E2E06995A33EE916F&publishing_guid=&revision=0&client_program_version=8.0.0.8397&site_id=511413591&computer_name=DESKTOP-G4N757J&bin_log_transaction_offset=0
------------------------------------------------------------------------------------
[11 JUL 2018 12:13:31 GMT-8] Pre-Sync Connection result:
0 (WAIT_OBJECT_0)

------------------------------------------------------------------------------------
[11 JUL 2018 12:13:31 GMT-8] Pre-Sync Response:
<?xml version="1.0"?>
<Pre-sync error_code="200" error_desc="MyHeritage\Web\Ftb\Model\Api\ApiBase::handleAuthorizeUserResponse: Unauthorized request, error code: '201'" outcome="error"/>


====================================================================================
[13 JUL 2018 07:55:41 GMT-8] Pre-Sync - Preparing for execution...

====================================================================================
[13 JUL 2018 07:55:41 GMT-8] Pre-Sync Request:
"C:\PROGRA~2\MYHERI~1\Bin\FAMILY~2.EXE" https://www.myheritage.com/FP/API/FTB/ftb-api.php --data "@C:\Users\Eric\AppData\Roaming\MYHERI~1\Temp\dat9556.tmp" --progress-bar --output "C:\Users\Eric\AppData\Roaming\MYHERI~1\Temp\out9557.tmp" --stderr "C:\Users\Eric\AppData\Roaming\MYHERI~1\Temp\err9567.tmp" --ssl-no-revoke -A "Family Tree Builder 8.0.0.8397"
---DATA:---
action=api-sync-pre-sync&site_admin=theogrammaticus@gmail.com&site_pwd=1.373f21efaeb14380a3cb574ed6e254dd.832521481.1531493713.43200.33.5d2ee00fa8594cf2bb8578aea8bdf400&project_guid=57FCA7416EAD763E2E06995A33EE916F&publishing_guid=&revision=0&client_program_version=8.0.0.8397&site_id=511413591&computer_name=DESKTOP-G4N757J&bin_log_transaction_offset=0
------------------------------------------------------------------------------------
[13 JUL 2018 07:55:42 GMT-8] Pre-Sync Connection result:
0 (WAIT_OBJECT_0)

------------------------------------------------------------------------------------
[13 JUL 2018 07:55:42 GMT-8] Pre-Sync Response:
<?xml version="1.0"?>
<Pre-sync error_code="200" error_desc="MyHeritage\Web\Ftb\Model\Api\ApiBase::handleAuthorizeUserResponse: Unauthorized request, error code: '201'" outcome="error"/>


====================================================================================
[13 JUL 2018 09:03:33 GMT-8] Pre-Sync - Preparing for execution...

====================================================================================
[13 JUL 2018 09:03:33 GMT-8] Pre-Sync Request:
"C:\PROGRA~2\MYHERI~1\Bin\FAMILY~2.EXE" https://www.myheritage.com/FP/API/FTB/ftb-api.php --data "@C:\Users\Eric\AppData\Roaming\MYHERI~1\Temp\datB7B3.tmp" --progress-bar --output "C:\Users\Eric\AppData\Roaming\MYHERI~1\Temp\outB7B4.tmp" --stderr "C:\Users\Eric\AppData\Roaming\MYHERI~1\Temp\errB7B5.tmp" --ssl-no-revoke -A "Family Tree Builder 8.0.0.8397"
---DATA:---
action=api-sync-pre-sync&site_admin=theogrammaticus@gmail.com&site_pwd=1.373f21efaeb14380a3cb574ed6e254dd.832521481.1531497781.43200.33.a71708e052aaf93e7a9205e15203fd16&project_guid=57FCA7416EAD763E2E06995A33EE916F&publishing_guid=&revision=0&client_program_version=8.0.0.8397&site_id=511413591&computer_name=DESKTOP-G4N757J&bin_log_transaction_offset=0
------------------------------------------------------------------------------------
[13 JUL 2018 09:03:35 GMT-8] Pre-Sync Connection result:
0 (WAIT_OBJECT_0)

------------------------------------------------------------------------------------
[13 JUL 2018 09:03:35 GMT-8] Pre-Sync Response:
<?xml version="1.0"?>
<Pre-sync error_code="200" error_desc="MyHeritage\Web\Ftb\Model\Api\ApiBase::handleAuthorizeUserResponse: Unauthorized request, error code: '201'" outcome="error"/>


====================================================================================
[13 JUL 2018 14:16:12 GMT-8] Pre-Sync - Preparing for execution...

====================================================================================
[13 JUL 2018 14:16:12 GMT-8] Pre-Sync Request:
"C:\PROGRA~2\MYHERI~1\Bin\FAMILY~2.EXE" https://www.myheritage.com/FP/API/FTB/ftb-api.php --data "@C:\Users\Eric\AppData\Roaming\MYHERI~1\Temp\datF59C.tmp" --progress-bar --output "C:\Users\Eric\AppData\Roaming\MYHERI~1\Temp\outF59D.tmp" --stderr "C:\Users\Eric\AppData\Roaming\MYHERI~1\Temp\errF59E.tmp" --ssl-no-revoke -A "Family Tree Builder 8.0.0.8397"
---DATA:---
action=api-sync-pre-sync&site_admin=theogrammaticus@gmail.com&site_pwd=1.373f21efaeb14380a3cb574ed6e254dd.832521481.1531515421.43200.33.fc92a3c05b9aee31652f97eb70ec088a&project_guid=57FCA7416EAD763E2E06995A33EE916F&publishing_guid=&revision=0&client_program_version=8.0.0.8397&site_id=511413591&computer_name=DESKTOP-G4N757J&bin_log_transaction_offset=0
------------------------------------------------------------------------------------
[13 JUL 2018 14:16:14 GMT-8] Pre-Sync Connection result:
0 (WAIT_OBJECT_0)

------------------------------------------------------------------------------------
[13 JUL 2018 14:16:14 GMT-8] Pre-Sync Response:
<?xml version="1.0"?>
<Pre-sync error_code="200" error_desc="MyHeritage\Web\Ftb\Model\Api\ApiBase::handleAuthorizeUserResponse: Unauthorized request, error code: '201'" outcome="error"/>


====================================================================================
[13 JUL 2018 17:52:48 GMT-8] Pre-Sync - Preparing for execution...

====================================================================================
[13 JUL 2018 17:52:48 GMT-8] Pre-Sync Request:
"C:\PROGRA~2\MYHERI~1\Bin\FAMILY~2.EXE" https://www.myheritage.com/FP/API/FTB/ftb-api.php --data "@C:\Users\Eric\AppData\Roaming\MYHERI~1\Temp\dat41BE.tmp" --progress-bar --output "C:\Users\Eric\AppData\Roaming\MYHERI~1\Temp\out41BF.tmp" --stderr "C:\Users\Eric\AppData\Roaming\MYHERI~1\Temp\err41C0.tmp" --ssl-no-revoke -A "Family Tree Builder 8.0.0.8397"
---DATA:---
action=api-sync-pre-sync&site_admin=theogrammaticus@gmail.com&site_pwd=1.373f21efaeb14380a3cb574ed6e254dd.832521481.1531529545.43200.33.b451303869139d5349cccbd59bf46557&project_guid=57FCA7416EAD763E2E06995A33EE916F&publishing_guid=&revision=0&client_program_version=8.0.0.8397&site_id=511413591&computer_name=DESKTOP-G4N757J&bin_log_transaction_offset=0
------------------------------------------------------------------------------------
[13 JUL 2018 17:52:49 GMT-8] Pre-Sync Connection result:
0 (WAIT_OBJECT_0)

------------------------------------------------------------------------------------
[13 JUL 2018 17:52:49 GMT-8] Pre-Sync Response:
<?xml version="1.0"?>
<Pre-sync error_code="200" error_desc="MyHeritage\Web\Ftb\Model\Api\ApiBase::handleAuthorizeUserResponse: Unauthorized request, error code: '201'" outcome="error"/>


====================================================================================
[13 JUL 2018 18:07:08 GMT-8] Pre-Sync - Preparing for execution...

====================================================================================
[13 JUL 2018 18:07:08 GMT-8] Pre-Sync Request:
"C:\PROGRA~2\MYHERI~1\Bin\FAMILY~2.EXE" https://www.myheritage.com/FP/API/FTB/ftb-api.php --data "@C:\Users\Eric\AppData\Roaming\MYHERI~1\Temp\dat610E.tmp" --progress-bar --output "C:\Users\Eric\AppData\Roaming\MYHERI~1\Temp\out611F.tmp" --stderr "C:\Users\Eric\AppData\Roaming\MYHERI~1\Temp\err6120.tmp" --ssl-no-revoke -A "Family Tree Builder 8.0.0.8397"
---DATA:---
action=api-sync-pre-sync&site_admin=theogrammaticus@gmail.com&site_pwd=1.373f21efaeb14380a3cb574ed6e254dd.832521481.1531530280.43200.33.98339e4960eb2d275813365acd169ca6&project_guid=57FCA7416EAD763E2E06995A33EE916F&publishing_guid=&revision=0&client_program_version=8.0.0.8397&site_id=511413591&computer_name=DESKTOP-G4N757J&bin_log_transaction_offset=0
------------------------------------------------------------------------------------
[13 JUL 2018 18:07:09 GMT-8] Pre-Sync Connection result:
0 (WAIT_OBJECT_0)

------------------------------------------------------------------------------------
[13 JUL 2018 18:07:09 GMT-8] Pre-Sync Response:
<?xml version="1.0"?>
<Pre-sync error_code="200" error_desc="MyHeritage\Web\Ftb\Model\Api\ApiBase::handleAuthorizeUserResponse: Unauthorized request, error code: '201'" outcome="error"/>


====================================================================================
[13 JUL 2018 18:20:06 GMT-8] Pre-Sync - Preparing for execution...

====================================================================================
[13 JUL 2018 18:20:06 GMT-8] Pre-Sync Request:
"C:\PROGRA~2\MYHERI~1\Bin\FAMILY~2.EXE" https://www.myheritage.com/FP/API/FTB/ftb-api.php --data "@C:\Users\Eric\AppData\Roaming\MYHERI~1\Temp\dat4195.tmp" --progress-bar --output "C:\Users\Eric\AppData\Roaming\MYHERI~1\Temp\out4196.tmp" --stderr "C:\Users\Eric\AppData\Roaming\MYHERI~1\Temp\err4197.tmp" --ssl-no-revoke -A "Family Tree Builder 8.0.0.8397"
---DATA:---
action=api-sync-pre-sync&site_admin=theogrammaticus@gmail.com&site_pwd=1.373f21efaeb14380a3cb574ed6e254dd.832521481.1531531155.43200.33.e98f811e5bad3995c74282e403366be4&project_guid=57FCA7416EAD763E2E06995A33EE916F&publishing_guid=&revision=0&client_program_version=8.0.0.8397&site_id=511413591&computer_name=DESKTOP-G4N757J&bin_log_transaction_offset=0
------------------------------------------------------------------------------------
[13 JUL 2018 18:20:08 GMT-8] Pre-Sync Connection result:
0 (WAIT_OBJECT_0)

------------------------------------------------------------------------------------
[13 JUL 2018 18:20:08 GMT-8] Pre-Sync Response:
<?xml version="1.0"?>
<Pre-sync error_code="200" error_desc="MyHeritage\Web\Ftb\Model\Api\ApiBase::handleAuthorizeUserResponse: Unauthorized request, error code: '201'" outcome="error"/>


====================================================================================
[13 JUL 2018 18:57:36 GMT-8] Pre-Sync - Preparing for execution...

====================================================================================
[13 JUL 2018 18:57:36 GMT-8] Pre-Sync Request:
"C:\PROGRA~2\MYHERI~1\Bin\FAMILY~2.EXE" https://www.myheritage.com/FP/API/FTB/ftb-api.php --data "@C:\Users\Eric\AppData\Roaming\MYHERI~1\Temp\dat9398.tmp" --progress-bar --output "C:\Users\Eric\AppData\Roaming\MYHERI~1\Temp\out9399.tmp" --stderr "C:\Users\Eric\AppData\Roaming\MYHERI~1\Temp\err93A9.tmp" --ssl-no-revoke -A "Family Tree Builder 8.0.0.8397"
---DATA:---
action=api-sync-pre-sync&site_admin=theogrammaticus@gmail.com&site_pwd=1.373f21efaeb14380a3cb574ed6e254dd.832521481.1531533422.43200.33.de82e78e1a227f2dbde9787feb1c7f90&project_guid=57FCA7416EAD763E2E06995A33EE916F&publishing_guid=&revision=0&client_program_version=8.0.0.8397&site_id=511413591&computer_name=DESKTOP-G4N757J&bin_log_transaction_offset=0
------------------------------------------------------------------------------------
[13 JUL 2018 18:57:36 GMT-8] Pre-Sync Connection result:
0 (WAIT_OBJECT_0)

------------------------------------------------------------------------------------
[13 JUL 2018 18:57:36 GMT-8] Pre-Sync Response:
<?xml version="1.0"?>
<Pre-sync error_code="200" error_desc="MyHeritage\Web\Ftb\Model\Api\ApiBase::handleAuthorizeUserResponse: Unauthorized request, error code: '201'" outcome="error"/>


====================================================================================
[13 JUL 2018 20:58:50 GMT-8] Pre-Sync - Preparing for execution...

====================================================================================
[13 JUL 2018 20:58:50 GMT-8] Pre-Sync Request:
"C:\PROGRA~2\MYHERI~1\Bin\FAMILY~2.EXE" https://www.myheritage.com/FP/API/FTB/ftb-api.php --data "@C:\Users\Eric\AppData\Roaming\MYHERI~1\Temp\dat9179.tmp" --progress-bar --output "C:\Users\Eric\AppData\Roaming\MYHERI~1\Temp\out917A.tmp" --stderr "C:\Users\Eric\AppData\Roaming\MYHERI~1\Temp\err917B.tmp" --ssl-no-revoke -A "Family Tree Builder 8.0.0.8397"
---DATA:---
action=api-sync-pre-sync&site_admin=theogrammaticus@gmail.com&site_pwd=1.373f21efaeb14380a3cb574ed6e254dd.832521481.1531540700.43200.33.45eac355cdb8768ac75c73687caf97c5&project_guid=57FCA7416EAD763E2E06995A33EE916F&publishing_guid=&revision=0&client_program_version=8.0.0.8397&site_id=511413591&computer_name=DESKTOP-G4N757J&bin_log_transaction_offset=0
------------------------------------------------------------------------------------
[13 JUL 2018 20:58:51 GMT-8] Pre-Sync Connection result:
0 (WAIT_OBJECT_0)

------------------------------------------------------------------------------------
[13 JUL 2018 20:58:51 GMT-8] Pre-Sync Response:
<?xml version="1.0"?>
<Pre-sync error_code="200" error_desc="MyHeritage\Web\Ftb\Model\Api\ApiBase::handleAuthorizeUserResponse: Unauthorized request, error code: '201'" outcome="error"/>


====================================================================================
[13 JUL 2018 22:19:22 GMT-8] Pre-Sync - Preparing for execution...

====================================================================================
[13 JUL 2018 22:19:22 GMT-8] Pre-Sync Request:
"C:\PROGRA~2\MYHERI~1\Bin\FAMILY~2.EXE" https://www.myheritage.com/FP/API/FTB/ftb-api.php --data "@C:\Users\Eric\AppData\Roaming\MYHERI~1\Temp\dat4E8C.tmp" --progress-bar --output "C:\Users\Eric\AppData\Roaming\MYHERI~1\Temp\out4E8D.tmp" --stderr "C:\Users\Eric\AppData\Roaming\MYHERI~1\Temp\err4E8E.tmp" --ssl-no-revoke -A "Family Tree Builder 8.0.0.8397"
---DATA:---
action=api-sync-pre-sync&site_admin=theogrammaticus@gmail.com&site_pwd=1.373f21efaeb14380a3cb574ed6e254dd.832521481.1531545321.43200.33.2664a38312f13207d11ff3642c66ad21&project_guid=57FCA7416EAD763E2E06995A33EE916F&publishing_guid=&revision=0&client_program_version=8.0.0.8397&site_id=511413591&computer_name=DESKTOP-G4N757J&bin_log_transaction_offset=0
------------------------------------------------------------------------------------
[13 JUL 2018 22:19:24 GMT-8] Pre-Sync Connection result:
0 (WAIT_OBJECT_0)

------------------------------------------------------------------------------------
[13 JUL 2018 22:19:24 GMT-8] Pre-Sync Response:
<?xml version="1.0"?>
<Pre-sync error_code="200" error_desc="MyHeritage\Web\Ftb\Model\Api\ApiBase::handleAuthorizeUserResponse: Unauthorized request, error code: '201'" outcome="error"/>


====================================================================================
[13 JUL 2018 22:34:17 GMT-8] Pre-Sync - Preparing for execution...

====================================================================================
[13 JUL 2018 22:34:17 GMT-8] Pre-Sync Request:
"C:\PROGRA~2\MYHERI~1\Bin\FAMILY~2.EXE" https://www.myheritage.com/FP/API/FTB/ftb-api.php --data "@C:\Users\Eric\AppData\Roaming\MYHERI~1\Temp\datF484.tmp" --progress-bar --output "C:\Users\Eric\AppData\Roaming\MYHERI~1\Temp\outF485.tmp" --stderr "C:\Users\Eric\AppData\Roaming\MYHERI~1\Temp\errF486.tmp" --ssl-no-revoke -A "Family Tree Builder 8.0.0.8397"
---DATA:---
action=api-sync-pre-sync&site_admin=theogrammaticus@gmail.com&site_pwd=1.373f21efaeb14380a3cb574ed6e254dd.832521481.1531546432.43200.33.82490e505dfac3421860f8f3a043a148&project_guid=57FCA7416EAD763E2E06995A33EE916F&publishing_guid=&revision=0&client_program_version=8.0.0.8397&site_id=511413591&computer_name=DESKTOP-G4N757J&bin_log_transaction_offset=0
------------------------------------------------------------------------------------
[13 JUL 2018 22:34:18 GMT-8] Pre-Sync Connection result:
0 (WAIT_OBJECT_0)

------------------------------------------------------------------------------------
[13 JUL 2018 22:34:18 GMT-8] Pre-Sync Response:
<?xml version="1.0"?>
<Pre-sync error_code="200" error_desc="MyHeritage\Web\Ftb\Model\Api\ApiBase::handleAuthorizeUserResponse: Unauthorized request, error code: '201'" outcome="error"/>


====================================================================================
[13 JUL 2018 23:02:43 GMT-8] Pre-Sync - Preparing for execution...

====================================================================================
[13 JUL 2018 23:02:43 GMT-8] Pre-Sync Request:
"C:\PROGRA~2\MYHERI~1\Bin\FAMILY~2.EXE" https://www.myheritage.com/FP/API/FTB/ftb-api.php --data "@C:\Users\Eric\AppData\Roaming\MYHERI~1\Temp\datFEC7.tmp" --progress-bar --output "C:\Users\Eric\AppData\Roaming\MYHERI~1\Temp\outFEC8.tmp" --stderr "C:\Users\Eric\AppData\Roaming\MYHERI~1\Temp\errFEC9.tmp" --ssl-no-revoke -A "Family Tree Builder 8.0.0.8397"
---DATA:---
action=api-sync-pre-sync&site_admin=theogrammaticus@gmail.com&site_pwd=1.373f21efaeb14380a3cb574ed6e254dd.832521481.1531548073.43200.33.94d937d35e61de9661cacf108b2e74d7&project_guid=57FCA7416EAD763E2E06995A33EE916F&publishing_guid=&revision=0&client_program_version=8.0.0.8397&site_id=511413591&computer_name=DESKTOP-G4N757J&bin_log_transaction_offset=0
------------------------------------------------------------------------------------
[13 JUL 2018 23:02:44 GMT-8] Pre-Sync Connection result:
0 (WAIT_OBJECT_0)

------------------------------------------------------------------------------------
[13 JUL 2018 23:02:44 GMT-8] Pre-Sync Response:
<?xml version="1.0"?>
<Pre-sync error_code="200" error_desc="MyHeritage\Web\Ftb\Model\Api\ApiBase::handleAuthorizeUserResponse: Unauthorized request, error code: '201'" outcome="error"/>


====================================================================================
[13 JUL 2018 23:26:46 GMT-8] Pre-Sync - Preparing for execution...

====================================================================================
[13 JUL 2018 23:26:46 GMT-8] Pre-Sync Request:
"C:\PROGRA~2\MYHERI~1\Bin\FAMILY~2.EXE" https://www.myheritage.com/FP/API/FTB/ftb-api.php --data "@C:\Users\Eric\AppData\Roaming\MYHERI~1\Temp\dat1F8.tmp" --progress-bar --output "C:\Users\Eric\AppData\Roaming\MYHERI~1\Temp\out1F9.tmp" --stderr "C:\Users\Eric\AppData\Roaming\MYHERI~1\Temp\err20A.tmp" --ssl-no-revoke -A "Family Tree Builder 8.0.0.8397"
---DATA:---
action=api-sync-pre-sync&site_admin=theogrammaticus@gmail.com&site_pwd=1.373f21efaeb14380a3cb574ed6e254dd.832521481.1531549579.43200.33.ebcc236635f2e7cd78279ebf532f2430&project_guid=57FCA7416EAD763E2E06995A33EE916F&publishing_guid=&revision=0&client_program_version=8.0.0.8397&site_id=511413591&computer_name=DESKTOP-G4N757J&bin_log_transaction_offset=0
------------------------------------------------------------------------------------
[13 JUL 2018 23:26:47 GMT-8] Pre-Sync Connection result:
0 (WAIT_OBJECT_0)

------------------------------------------------------------------------------------
[13 JUL 2018 23:26:47 GMT-8] Pre-Sync Response:
<?xml version="1.0"?>
<Pre-sync error_code="200" error_desc="MyHeritage\Web\Ftb\Model\Api\ApiBase::handleAuthorizeUserResponse: Unauthorized request, error code: '201'" outcome="error"/>


====================================================================================
[13 JUL 2018 23:32:28 GMT-8] Pre-Sync - Preparing for execution...

====================================================================================
[13 JUL 2018 23:32:28 GMT-8] Pre-Sync Request:
"C:\PROGRA~2\MYHERI~1\Bin\FAMILY~2.EXE" https://www.myheritage.com/FP/API/FTB/ftb-api.php --data "@C:\Users\Eric\AppData\Roaming\MYHERI~1\Temp\dat3A65.tmp" --progress-bar --output "C:\Users\Eric\AppData\Roaming\MYHERI~1\Temp\out3A66.tmp" --stderr "C:\Users\Eric\AppData\Roaming\MYHERI~1\Temp\err3A67.tmp" --ssl-no-revoke -A "Family Tree Builder 8.0.0.8397"
---DATA:---
action=api-sync-pre-sync&site_admin=theogrammaticus@gmail.com&site_pwd=1.373f21efaeb14380a3cb574ed6e254dd.832521481.1531549895.43200.33.9cb5ff41066d2a5dc45de06584b79136&project_guid=57FCA7416EAD763E2E06995A33EE916F&publishing_guid=&revision=0&client_program_version=8.0.0.8397&site_id=511413591&computer_name=DESKTOP-G4N757J&bin_log_transaction_offset=0
------------------------------------------------------------------------------------
[13 JUL 2018 23:32:29 GMT-8] Pre-Sync Connection result:
0 (WAIT_OBJECT_0)

------------------------------------------------------------------------------------
[13 JUL 2018 23:32:29 GMT-8] Pre-Sync Response:
<?xml version="1.0"?>
<Pre-sync error_code="200" error_desc="MyHeritage\Web\Ftb\Model\Api\ApiBase::handleAuthorizeUserResponse: Unauthorized request, error code: '201'" outcome="error"/>


====================================================================================
[14 JUL 2018 01:23:05 GMT-8] Pre-Sync - Preparing for execution...

====================================================================================
[14 JUL 2018 01:23:05 GMT-8] Pre-Sync Request:
"C:\PROGRA~2\MYHERI~1\Bin\FAMILY~2.EXE" https://www.myheritage.com/FP/API/FTB/ftb-api.php --data "@C:\Users\Eric\AppData\Roaming\MYHERI~1\Temp\dat85B6.tmp" --progress-bar --output "C:\Users\Eric\AppData\Roaming\MYHERI~1\Temp\out85B7.tmp" --stderr "C:\Users\Eric\AppData\Roaming\MYHERI~1\Temp\err85B8.tmp" --ssl-no-revoke -A "Family Tree Builder 8.0.0.8397"
---DATA:---
action=api-sync-pre-sync&site_admin=theogrammaticus@gmail.com&site_pwd=1.373f21efaeb14380a3cb574ed6e254dd.832521481.1531553017.43200.33.8e52fb7c5344ab15df6784aeef02ced4&project_guid=57FCA7416EAD763E2E06995A33EE916F&publishing_guid=&revision=0&client_program_version=8.0.0.8397&site_id=511413591&computer_name=DESKTOP-G4N757J&bin_log_transaction_offset=0
------------------------------------------------------------------------------------
[14 JUL 2018 01:23:06 GMT-8] Pre-Sync Connection result:
0 (WAIT_OBJECT_0)

------------------------------------------------------------------------------------
[14 JUL 2018 01:23:06 GMT-8] Pre-Sync Response:
<?xml version="1.0"?>
<Pre-sync error_code="200" error_desc="MyHeritage\Web\Ftb\Model\Api\ApiBase::handleAuthorizeUserResponse: Unauthorized request, error code: '201'" outcome="error"/>


====================================================================================
[14 JUL 2018 15:02:25 GMT-8] Pre-Sync - Preparing for execution...

====================================================================================
[14 JUL 2018 15:02:25 GMT-8] Pre-Sync Request:
"C:\PROGRA~2\MYHERI~1\Bin\FAMILY~2.EXE" https://www.myheritage.com/FP/API/FTB/ftb-api.php --data "@C:\Users\Eric\AppData\Roaming\MYHERI~1\Temp\datA17A.tmp" --progress-bar --output "C:\Users\Eric\AppData\Roaming\MYHERI~1\Temp\outA17B.tmp" --stderr "C:\Users\Eric\AppData\Roaming\MYHERI~1\Temp\errA17C.tmp" --ssl-no-revoke -A "Family Tree Builder 8.0.0.8404"
---DATA:---
action=api-sync-pre-sync&site_admin=theogrammaticus@gmail.com&site_pwd=1.373f21efaeb14380a3cb574ed6e254dd.832521481.1531605681.43200.33.80d725c72e29034204b50f44344d8a5d&project_guid=57FCA7416EAD763E2E06995A33EE916F&publishing_guid=&revision=0&client_program_version=8.0.0.8404&site_id=511413591&computer_name=DESKTOP-G4N757J&bin_log_transaction_offset=0
------------------------------------------------------------------------------------
[14 JUL 2018 15:02:29 GMT-8] Pre-Sync Connection result:
0 (WAIT_OBJECT_0)

------------------------------------------------------------------------------------
[14 JUL 2018 15:02:29 GMT-8] Pre-Sync Response:
<?xml version="1.0"?>
<Pre-sync error_code="200" error_desc="MyHeritage\Web\Ftb\Model\Api\ApiBase::handleAuthorizeUserResponse: Unauthorized request, error code: '201'" outcome="error"/>


====================================================================================
[15 JUL 2018 21:55:32 GMT-8] Pre-Sync - Preparing for execution...

====================================================================================
[15 JUL 2018 21:55:33 GMT-8] Pre-Sync Request:
"C:\PROGRA~2\MYHERI~1\Bin\FAMILY~2.EXE" https://www.myheritage.com/FP/API/FTB/ftb-api.php --data "@C:\Users\Eric\AppData\Roaming\MYHERI~1\Temp\dat9F40.tmp" --progress-bar --output "C:\Users\Eric\AppData\Roaming\MYHERI~1\Temp\out9F70.tmp" --stderr "C:\Users\Eric\AppData\Roaming\MYHERI~1\Temp\err9F71.tmp" --ssl-no-revoke -A "Family Tree Builder 8.0.0.8404"
---DATA:---
action=api-sync-pre-sync&site_admin=theogrammaticus@gmail.com&site_pwd=1.373f21efaeb14380a3cb574ed6e254dd.832521481.1531716891.43200.33.bcaec2a86866b5cb68cdc4fa6aa0eb0d&project_guid=57FCA7416EAD763E2E06995A33EE916F&publishing_guid=&revision=0&client_program_version=8.0.0.8404&site_id=511413591&computer_name=DESKTOP-G4N757J&bin_log_transaction_offset=0
------------------------------------------------------------------------------------
[15 JUL 2018 21:55:35 GMT-8] Pre-Sync Connection result:
0 (WAIT_OBJECT_0)

------------------------------------------------------------------------------------
[15 JUL 2018 21:55:35 GMT-8] Pre-Sync Response:
<?xml version="1.0"?>
<Pre-sync error_code="200" error_desc="MyHeritage\Web\Ftb\Model\Api\ApiBase::handleAuthorizeUserResponse: Unauthorized request, error code: '201'" outcome="error"/>


====================================================================================
[16 JUL 2018 12:57:06 GMT-8] Pre-Sync - Preparing for execution...

====================================================================================
[16 JUL 2018 12:57:06 GMT-8] Pre-Sync Request:
"C:\PROGRA~2\MYHERI~1\Bin\FAMILY~2.EXE" https://www.myheritage.com/FP/API/FTB/ftb-api.php --data "@C:\Users\Eric\AppData\Roaming\MYHERI~1\Temp\datBDC9.tmp" --progress-bar --output "C:\Users\Eric\AppData\Roaming\MYHERI~1\Temp\outBDCA.tmp" --stderr "C:\Users\Eric\AppData\Roaming\MYHERI~1\Temp\errBDCB.tmp" --ssl-no-revoke -A "Family Tree Builder 8.0.0.8404"
---DATA:---
action=api-sync-pre-sync&site_admin=theogrammaticus@gmail.com&site_pwd=1.373f21efaeb14380a3cb574ed6e254dd.832521481.1531770986.43200.33.ba4fbbb862ca4e263d29281662edb57f&project_guid=57FCA7416EAD763E2E06995A33EE916F&publishing_guid=&revision=0&client_program_version=8.0.0.8404&site_id=511413591&computer_name=DESKTOP-G4N757J&bin_log_transaction_offset=0
------------------------------------------------------------------------------------
[16 JUL 2018 12:57:07 GMT-8] Pre-Sync Connection result:
0 (WAIT_OBJECT_0)

------------------------------------------------------------------------------------
[16 JUL 2018 12:57:07 GMT-8] Pre-Sync Response:
<?xml version="1.0"?>
<Pre-sync error_code="200" error_desc="MyHeritage\Web\Ftb\Model\Api\ApiBase::handleAuthorizeUserResponse: Unauthorized request, error code: '201'" outcome="error"/>


====================================================================================
[16 JUL 2018 14:28:37 GMT-8] Pre-Sync - Preparing for execution...

====================================================================================
[16 JUL 2018 14:28:38 GMT-8] Pre-Sync Request:
"C:\PROGRA~2\MYHERI~1\Bin\FAMILY~2.EXE" https://www.myheritage.com/FP/API/FTB/ftb-api.php --data "@C:\Users\Eric\AppData\Roaming\MYHERI~1\Temp\dat88E3.tmp" --progress-bar --output "C:\Users\Eric\AppData\Roaming\MYHERI~1\Temp\out88E4.tmp" --stderr "C:\Users\Eric\AppData\Roaming\MYHERI~1\Temp\err88E5.tmp" --ssl-no-revoke -A "Family Tree Builder 8.0.0.8404"
---DATA:---
action=api-sync-pre-sync&site_admin=theogrammaticus@gmail.com&site_pwd=1.373f21efaeb14380a3cb574ed6e254dd.832521481.1531776484.43200.33.2ea0d4865a57cb7ff56a37a1f8943cd4&project_guid=57FCA7416EAD763E2E06995A33EE916F&publishing_guid=&revision=0&client_program_version=8.0.0.8404&site_id=511413591&computer_name=DESKTOP-G4N757J&bin_log_transaction_offset=0
------------------------------------------------------------------------------------
[16 JUL 2018 14:28:39 GMT-8] Pre-Sync Connection result:
0 (WAIT_OBJECT_0)

------------------------------------------------------------------------------------
[16 JUL 2018 14:28:39 GMT-8] Pre-Sync Response:
<?xml version="1.0"?>
<Pre-sync error_code="200" error_desc="MyHeritage\Web\Ftb\Model\Api\ApiBase::handleAuthorizeUserResponse: Unauthorized request, error code: '201'" outcome="error"/>


====================================================================================
[16 JUL 2018 18:07:49 GMT-8] Pre-Sync - Preparing for execution...

====================================================================================
[16 JUL 2018 18:07:49 GMT-8] Pre-Sync Request:
"C:\PROGRA~2\MYHERI~1\Bin\FAMILY~2.EXE" https://www.myheritage.com/FP/API/FTB/ftb-api.php --data "@C:\Users\Eric\AppData\Roaming\MYHERI~1\Temp\datE352.tmp" --progress-bar --output "C:\Users\Eric\AppData\Roaming\MYHERI~1\Temp\outE353.tmp" --stderr "C:\Users\Eric\AppData\Roaming\MYHERI~1\Temp\errE354.tmp" --ssl-no-revoke -A "Family Tree Builder 8.0.0.8404"
---DATA:---
action=api-sync-pre-sync&site_admin=theogrammaticus@gmail.com&site_pwd=1.373f21efaeb14380a3cb574ed6e254dd.832521481.1531789191.43200.33.334dcfe84d4bf3e8a2a9921d505cdf06&project_guid=57FCA7416EAD763E2E06995A33EE916F&publishing_guid=&revision=0&client_program_version=8.0.0.8404&site_id=511413591&computer_name=DESKTOP-G4N757J&bin_log_transaction_offset=0
------------------------------------------------------------------------------------
[16 JUL 2018 18:07:50 GMT-8] Pre-Sync Connection result:
0 (WAIT_OBJECT_0)

------------------------------------------------------------------------------------
[16 JUL 2018 18:07:50 GMT-8] Pre-Sync Response:
<?xml version="1.0"?>
<Pre-sync error_code="200" error_desc="MyHeritage\Web\Ftb\Model\Api\ApiBase::handleAuthorizeUserResponse: Unauthorized request, error code: '201'" outcome="error"/>


====================================================================================
[16 JUL 2018 18:49:13 GMT-8] Pre-Sync - Preparing for execution...

====================================================================================
[16 JUL 2018 18:49:13 GMT-8] Pre-Sync Request:
"C:\PROGRA~2\MYHERI~1\Bin\FAMILY~2.EXE" https://www.myheritage.com/FP/API/FTB/ftb-api.php --data "@C:\Users\Eric\AppData\Roaming\MYHERI~1\Temp\datCC56.tmp" --progress-bar --output "C:\Users\Eric\AppData\Roaming\MYHERI~1\Temp\outCC57.tmp" --stderr "C:\Users\Eric\AppData\Roaming\MYHERI~1\Temp\errCC58.tmp" --ssl-no-revoke -A "Family Tree Builder 8.0.0.8404"
---DATA:---
action=api-sync-pre-sync&site_admin=theogrammaticus@gmail.com&site_pwd=1.373f21efaeb14380a3cb574ed6e254dd.832521481.1531790987.43200.33.4ecfd4c92ec7bdb5624426d79230a2d3&project_guid=57FCA7416EAD763E2E06995A33EE916F&publishing_guid=&revision=0&client_program_version=8.0.0.8404&site_id=511413591&computer_name=DESKTOP-G4N757J&bin_log_transaction_offset=0
------------------------------------------------------------------------------------
[16 JUL 2018 18:49:14 GMT-8] Pre-Sync Connection result:
0 (WAIT_OBJECT_0)

------------------------------------------------------------------------------------
[16 JUL 2018 18:49:14 GMT-8] Pre-Sync Response:
<?xml version="1.0"?>
<Pre-sync error_code="200" error_desc="MyHeritage\Web\Ftb\Model\Api\ApiBase::handleAuthorizeUserResponse: Unauthorized request, error code: '201'" outcome="error"/>

