GEDCOM Import Log - 
File: Avitus-ancestors.ged
    Source program: Geni.com
    Program version: 1.0
    Date of file: 28 AUG 2025
    2 TIME 22:43:07
    2 VERS 5.5.1
    2 FORM LINEAGE-LINKED
    Character set: UTF-8
Unknown info (line 30)
    1 SUBM @S4380397840520055510@

Unknown info (line 74)
    1 SUBM @S372640074420003501@

Unknown info (line 699)
    1 SUBM @S2212031@

Unknown info (line 735)
    1 SUBM @S4197200695880032764@

Unknown info (line 744)
    2 _MARNM Avitus

Unknown info (line 782)
    1 SUBM @S2212031@

Unknown info (line 799)
    1 SUBM @S4197200695880032764@

Unknown info (line 829)
    1 SUBM @S4197200695880032764@

Unknown info (line 846)
    1 SUBM @S4197200695880032764@

Unknown info (line 859)
    1 SUBM @S4197200695880032764@

Unknown info (line 901)
    1 SUBM @S4197200695880032764@

Unknown info (line 915)
    1 SUBM @S4197200695880032764@

Unknown info (line 932)
    1 SUBM @S4197200695880032764@

Unknown info (line 939)
    2 _MARNM Severus

Unknown info (line 946)
    1 SUBM @S4197200695880032764@

Unknown info (line 959)
    1 SUBM @S4197200695880032764@

Unknown info (line 966)
    2 _MARNM Lollianus

Unknown info (line 980)
    1 SUBM @S6000000091819376959@

Unknown info (line 988)
    2 _MARNM Lollianus

Unknown info (line 1002)
    1 SUBM @S6000000091819376959@

Unknown info (line 1010)
    2 _MARNM .

Unknown info (line 1021)
    1 SUBM @S4197200695880032764@

Unknown info (line 1031)
    1 SUBM @S0@

Unknown info (line 1052)
    1 SUBM @S6000000003783574804@

Unknown info (line 1063)
    2 _MARNM Severus

Unknown info (line 1070)
    1 SUBM @S359744@

Unknown info (line 1077)
    2 _MARNM Placidus

Unknown info (line 1084)
    1 SUBM @S6000000000944759892@

Unknown info (line 1091)
    2 _MARNM Cethegilla

Unknown info (line 1098)
    1 SUBM @S6000000000944759892@

Unknown info (line 1105)
    2 _MARNM Lucillus

Unknown info (line 1119)
    1 SUBM @S6000000091819376959@

Unknown info (line 1127)
    2 _MARNM Flavius

Unknown info (line 1137)
    1 SUBM @S6000000000944759892@

Unknown info (line 1144)
    2 _MARNM Fabia

Unknown info (line 1158)
    1 SUBM @S6000000091819376959@

Unknown info (line 1166)
    2 _MARNM .

Unknown info (line 1174)
    1 SUBM @S6000000007278581048@

Unknown info (line 1182)
    2 _MARNM .

Unknown info (line 1192)
    1 SUBM @S6000000007278581048@

Unknown info (line 1200)
    2 _MARNM Rome

Unknown info (line 1210)
    1 SUBM @S6000000003783574804@

Unknown info (line 1221)
    2 _MARNM Severus

Unknown info (line 1228)
    1 SUBM @S359744@

Unknown info (line 1235)
    2 _MARNM Placidus

Unknown info (line 1241)
    1 SUBM @S6000000000944759892@

Unknown info (line 1258)
    1 SUBM @S6000000000944759892@

Unknown info (line 1275)
    1 SUBM @S6000000000944759892@

Unknown info (line 1282)
    2 _MARNM Lucillianus

Unknown info (line 1296)
    1 SUBM @S6000000091819376959@

Unknown info (line 1303)
    2 _MARNM Titanus

Unknown info (line 1317)
    1 SUBM @S6000000091819376959@

Unknown info (line 1325)
    2 _MARNM .

Unknown info (line 1332)
    1 SUBM @S6000000007278581048@

Unknown info (line 1340)
    2 _MARNM .

Unknown info (line 1351)
    1 SUBM @S6000000007278581048@

Unknown info (line 1358)
    2 _MARNM Cornelius Paternus

Unknown info (line 1369)
    1 SUBM @S359744@

Unknown info (line 1392)
    1 SUBM @S1683839@

Unknown info (line 1451)
    1 SUBM @S1683839@

Unknown info (line 1470)
    1 SUBM @S6000000000944759892@

Unknown info (line 1485)
    1 SUBM @S6000000000944759892@

Unknown info (line 1492)
    2 _MARNM Lollianus

Unknown info (line 1506)
    1 SUBM @S6000000091819376959@

Unknown info (line 1513)
    2 _MARNM Titanus

Unknown info (line 1526)
    1 SUBM @S6000000000944759892@

Unknown info (line 1539)
    1 SUBM @S6000000002228378382@

Unknown info (line 1558)
    1 SUBM @S6000000002228378382@

Unknown info (line 1565)
    2 _MARNM Aquilius Orfitus

Unknown info (line 1578)
    1 SUBM @S359744@

Unknown info (line 1590)
    1 SUBM @S6000000002090625841@

Unknown info (line 1632)
    1 SUBM @S1683839@

Unknown info (line 1652)
    1 SUBM @S6000000007278581048@

Unknown info (line 1686)
    1 SUBM @S1683839@

Unknown info (line 1693)
    2 _MARNM Probus

Unknown info (line 1704)
    1 SUBM @S6000000000944759892@

Unknown info (line 1752)
    1 SUBM @S6000000000944759892@

Unknown info (line 1820)
    1 SUBM @S6000000000944759892@

Unknown info (line 1827)
    2 _MARNM Victor

Unknown info (line 1841)
    1 SUBM @S6000000091819376959@

Unknown info (line 1848)
    2 _MARNM Titanus

Unknown info (line 1857)
    1 SUBM @S6000000000944759892@

Unknown info (line 1870)
    1 SUBM @S6000000002228378382@

Unknown info (line 1885)
    1 SUBM @S6000000002228378382@

Unknown info (line 1902)
    1 SUBM @S6000000000944759892@

Unknown info (line 1917)
    1 SUBM @S6000000000944759892@

Unknown info (line 1924)
    2 _MARNM Aquilius Niger

Unknown info (line 1935)
    1 SUBM @S359744@

Unknown info (line 1947)
    1 SUBM @S6000000002090625841@

Unknown info (line 1970)
    1 SUBM @S1683839@

Unknown info (line 2112)
    1 SUBM @S1683839@

Unknown info (line 2196)
    2 _MARNM Probus

Unknown info (line 2208)
    1 SUBM @S6000000000944759892@

Unknown info (line 2225)
    1 SUBM @S6000000007278581048@

Unknown info (line 2276)
    1 SUBM @S6000000000944759892@

Unknown info (line 2344)
    1 SUBM @S6000000000944759892@

Unknown info (line 2369)
    1 SUBM @S6000000000944759892@

Unknown info (line 2376)
    2 _MARNM Priscilianus

Unknown info (line 2389)
    1 SUBM @S6000000091819376959@

Unknown info (line 2396)
    2 _MARNM Titanus

Unknown info (line 2405)
    1 SUBM @S6000000000944759892@

Unknown info (line 2417)
    1 SUBM @S6000000000944759892@

Unknown info (line 2432)
    1 SUBM @S6000000002228378382@

Unknown info (line 2445)
    1 SUBM @S6000000000944759892@

Unknown info (line 2458)
    1 SUBM @S6000000000944759892@

Unknown info (line 2492)
    1 SUBM @S5388796889400108671@

Unknown info (line 2507)
    1 SUBM @S4515350983380057423@

Unknown info (line 2515)
    2 _MARNM Caeionius

Unknown info (line 2524)
    1 SUBM @S6000000000944759892@

Unknown info (line 2531)
    2 _MARNM Severus

Unknown info (line 2548)
    1 SUBM @S359744@

Unknown info (line 2556)
    2 _MARNM Orfitus

Unknown info (line 2563)
    1 SUBM @S6000000002090625841@

Unknown info (line 2580)
    1 SUBM @S1683839@

Unknown info (line 2595)
    1 SUBM @S1683839@

Unknown info (line 2615)
    1 SUBM @S6000000000944759892@

Unknown info (line 2629)
    1 SUBM @S6000000000944759892@

Unknown info (line 2644)
    2 _MARNM Probus

Unknown info (line 2655)
    1 SUBM @S6000000007278581048@

Unknown info (line 2671)
    1 SUBM @S6000000007278581048@

Unknown info (line 2678)
    2 _MARNM Proculianus

Unknown info (line 2690)
    1 SUBM @S6000000007278581048@

Unknown info (line 2739)
    1 SUBM @S6000000000944759892@

Unknown info (line 2789)
    1 SUBM @S6000000000944759892@

Unknown info (line 2819)
    1 SUBM @S6000000007278581048@

Unknown info (line 2836)
    1 SUBM @S6000000007278581048@

Unknown info (line 2844)
    2 _MARNM Africanus

Unknown info (line 2857)
    1 SUBM @S6000000007278581048@

Unknown info (line 2872)
    1 SUBM @S6000000007278581048@

Unknown info (line 2879)
    2 _MARNM Titania

Unknown info (line 2886)
    1 SUBM @S6000000000944759892@

Unknown info (line 2893)
    2 _MARNM Picatianus

Unknown info (line 2899)
    1 SUBM @S6000000000944759892@

Unknown info (line 2917)
    1 SUBM @S6000000000944759892@

Unknown info (line 2930)
    1 SUBM @S6000000000944759892@

Unknown info (line 2943)
    1 SUBM @S6000000000944759892@

Unknown info (line 2955)
    1 SUBM @S6000000000944759892@

Unknown info (line 2969)
    1 SUBM @S6000000000944759892@

Unknown info (line 2981)
    1 SUBM @S6000000000944759892@

Unknown info (line 3082)
    1 SUBM @S5388796889400108671@

Unknown info (line 3148)
    1 SUBM @S6000000000944759892@

Unknown info (line 3155)
    2 _MARNM Paulla

Unknown info (line 3164)
    1 SUBM @S6000000000944759892@

Unknown info (line 3172)
    2 _MARNM Caeionius

Unknown info (line 3181)
    1 SUBM @S6000000000944759892@

Unknown info (line 3188)
    2 _MARNM Paullina

Unknown info (line 3199)
    1 SUBM @S6000000007278581048@

Unknown info (line 3237)
    1 SUBM @S6000000007278581048@

Unknown info (line 3244)
    2 _MARNM Niger

Unknown info (line 3253)
    1 SUBM @S6000000000944759892@

Unknown info (line 3290)
    1 SUBM @S1683839@

Unknown info (line 3309)
    1 SUBM @S6000000002575967860@

Unknown info (line 3323)
    1 SUBM @S6000000007278581048@

Unknown info (line 3333)
    1 SUBM @S6000000007278581048@

Unknown info (line 3344)
    1 SUBM @S6000000001343390267@

Unknown info (line 3355)
    1 SUBM @S6000000024119770735@

Unknown info (line 3362)
    2 _MARNM Pomponia

Unknown info (line 3371)
    1 SUBM @S6000000007278581048@

Unknown info (line 3378)
    2 _MARNM Rufinus

Unknown info (line 3390)
    1 SUBM @S6000000007278581048@

Unknown info (line 3407)
    1 SUBM @S6000000007278581048@

Unknown info (line 3424)
    1 SUBM @S6000000007278581048@

Unknown info (line 3470)
    1 SUBM @S6000000000944759892@

Unknown info (line 3477)
    2 _MARNM Paulina

Unknown info (line 3513)
    1 SUBM @S6000000000944759892@

Unknown info (line 3530)
    1 SUBM @S6000000000944759892@

Unknown info (line 3550)
    1 SUBM @S6000000000944759892@

Unknown info (line 3558)
    2 _MARNM Lateranus

Unknown info (line 3570)
    1 SUBM @S6000000007278581048@

Unknown info (line 3584)
    1 SUBM @S6000000001343390267@

Unknown info (line 3592)
    2 _MARNM Gavius

Unknown info (line 3604)
    1 SUBM @S6000000007278581048@

Unknown info (line 3611)
    2 _MARNM Agrippinilla

Unknown info (line 3621)
    1 SUBM @S6000000041088106785@

Unknown info (line 3634)
    1 SUBM @S6000000000944759892@

Unknown info (line 3641)
    2 _MARNM Titanus

Unknown info (line 3647)
    1 SUBM @S6000000000944759892@

Unknown info (line 3663)
    1 SUBM @S6000000000944759892@

Unknown info (line 3670)
    2 _MARNM Junior

Unknown info (line 3676)
    1 SUBM @S6000000029918390035@

Unknown info (line 3684)
    2 _MARNM Volusianis

Unknown info (line 3695)
    1 SUBM @S6000000000944759892@

Unknown info (line 3709)
    1 SUBM @S6000000000944759892@

Unknown info (line 3724)
    1 SUBM @S6000000000944759892@

Unknown info (line 3770)
    1 SUBM @S5388796889400108671@

Unknown info (line 3782)
    1 SUBM @S6000000000944759892@

Unknown info (line 3796)
    1 SUBM @S6000000000944759892@

Unknown info (line 3806)
    1 SUBM @S4126143580210083274@

Unknown info (line 3814)
    2 _MARNM Varus

Unknown info (line 3826)
    1 SUBM @S6000000000944759892@

Unknown info (line 3836)
    1 SUBM @S6000000000944759892@

Unknown info (line 3844)
    2 _MARNM Silvanus

Unknown info (line 3855)
    1 SUBM @S6000000002228378382@

Unknown info (line 3865)
    1 SUBM @S6000000003145501780@

Unknown info (line 3873)
    2 _MARNM Paullus

Unknown info (line 3885)
    1 SUBM @S6000000007278581048@

Unknown info (line 3893)
    2 _MARNM Pinarius Cornelius

Unknown info (line 3902)
    1 SUBM @S6000000007278581048@

Unknown info (line 3938)
    1 SUBM @S6000000007278581048@

Unknown info (line 3955)
    1 SUBM @S6000000003145501780@

Unknown info (line 3966)
    2 _MARNM Faustina

Unknown info (line 4112)
    1 SUBM @S1683839@

    3 ADOP BOTH
Unknown info (line 4805)
    1 SUBM @S1683839@

Unknown info (line 5089)
    1 SUBM @S6000000001343390267@

Unknown info (line 5597)
    1 SUBM @S285725352490006131@

Unknown info (line 5637)
    1 SUBM @S6000000007278581048@

Unknown info (line 5651)
    1 SUBM @S6000000007278581048@

Unknown info (line 5658)
    2 _MARNM Rufinus

Unknown info (line 5669)
    1 SUBM @S6000000007278581048@

Unknown info (line 5686)
    1 SUBM @S6000000007278581048@

Unknown info (line 5705)
    1 SUBM @S6000000007278581048@

Unknown info (line 5725)
    1 SUBM @S6000000007278581048@

Unknown info (line 5775)
    1 SUBM @S6000000000944759892@

Unknown info (line 5783)
    2 _MARNM Orfitus

Unknown info (line 5859)
    1 SUBM @S6000000000944759892@

Unknown info (line 5871)
    1 SUBM @S6000000000944759892@

Unknown info (line 5878)
    2 _MARNM Nonius

Unknown info (line 5884)
    1 SUBM @S6000000000944759892@

Unknown info (line 5897)
    1 SUBM @S6000000000944759892@

Unknown info (line 5904)
    2 _MARNM Africanus

Unknown info (line 5914)
    1 SUBM @S6000000000944759892@

Unknown info (line 5929)
    1 SUBM @S6000000000944759892@

Unknown info (line 5943)
    1 SUBM @S6000000001343390267@

Unknown info (line 5950)
    2 _MARNM Certhegilla

Unknown info (line 5961)
    1 SUBM @S6000000007278581048@

Unknown info (line 5968)
    2 _MARNM Gallicanus

Unknown info (line 5979)
    1 SUBM @S6000000007278581048@

Unknown info (line 5986)
    2 _MARNM Theophanes

Unknown info (line 5996)
    1 SUBM @S6000000041088106785@

Unknown info (line 6008)
    1 SUBM @S6000000000944759892@

Unknown info (line 6022)
    1 SUBM @S6000000029918390035@

Unknown info (line 6030)
    2 _MARNM Caecilius

Unknown info (line 6040)
    1 SUBM @S6000000000944759892@

Unknown info (line 6047)
    2 _MARNM Caecilius

Unknown info (line 6056)
    1 SUBM @S6000000000944759892@

Unknown info (line 6122)
    1 SUBM @S5388796889400108671@

Unknown info (line 6256)
    1 SUBM @S6000000000944759892@

Unknown info (line 6271)
    2 _MARNM Varus

Unknown info (line 6282)
    1 SUBM @S6000000000944759892@

Unknown info (line 6296)
    1 SUBM @S6000000000944759892@

Unknown info (line 6311)
    1 SUBM @S6000000000944759892@

Unknown info (line 6321)
    1 SUBM @S6000000003145501780@

Unknown info (line 6339)
    1 SUBM @S6000000007278581048@

Unknown info (line 6347)
    2 _MARNM Cornelius Clemens

Unknown info (line 6362)
    1 SUBM @S6000000007278581048@

Unknown info (line 6412)
    1 SUBM @S1684718@

Unknown info (line 6424)
    2 _MARNM Fundanius

Unknown info (line 6433)
    1 SUBM @S6000000007278581048@

Unknown info (line 6500)
    1 SUBM @S1683839@

Unknown info (line 6544)
    1 SUBM @S1683839@

Unknown info (line 6607)
    1 SUBM @S285725352490006131@

Unknown info (line 6637)
    1 SUBM @S285725352490006131@

    3 ADOP BOTH
Unknown info (line 6739)
    1 SUBM @S1683839@

Unknown info (line 6948)
    1 SUBM @S6000000000944759892@

Unknown info (line 7027)
    1 SUBM @S6000000000944759892@

Unknown info (line 7034)
    2 _MARNM Septimus-Geta

Unknown info (line 7091)
    1 SUBM @S285725352490006131@

Unknown info (line 7103)
    2 _MARNM Pia

Unknown info (line 7153)
    1 SUBM @S285725352490006131@

Unknown info (line 7171)
    1 SUBM @S6000000007278581048@

Unknown info (line 7191)
    1 SUBM @S6000000007278581048@

Unknown info (line 7208)
    1 SUBM @S6000000007278581048@

Unknown info (line 7228)
    1 SUBM @S6000000007278581048@

Unknown info (line 7245)
    1 SUBM @S6000000007278581048@

Unknown info (line 7264)
    1 SUBM @S6000000000944759892@

Unknown info (line 7351)
    1 SUBM @S6000000000944759892@

Unknown info (line 7358)
    2 _MARNM Wife of Servius Cornelius (~50-93)

Unknown info (line 7362)
    1 SUBM @S6000000004877920610@

Unknown info (line 7369)
    2 _MARNM Vibius

Unknown info (line 7373)
    1 SUBM @S6000000000944759892@

Unknown info (line 7380)
    2 _MARNM Vibius

Unknown info (line 7384)
    1 SUBM @S6000000000944759892@

Unknown info (line 7392)
    2 _MARNM Lateranus

Unknown info (line 7399)
    1 SUBM @S6000000000944759892@

Unknown info (line 7406)
    2 _MARNM Lateranus

Unknown info (line 7416)
    1 SUBM @S6000000000944759892@

Unknown info (line 7431)
    1 SUBM @S6000000000944759892@

Unknown info (line 7438)
    2 _MARNM Tucurianus

Unknown info (line 7448)
    1 SUBM @S6000000029918390035@

Unknown info (line 7455)
    2 _MARNM Theophanes

Unknown info (line 7464)
    1 SUBM @S6000000041088106785@

Unknown info (line 7478)
    1 SUBM @S6000000029918390035@

Unknown info (line 7495)
    1 SUBM @S6000000000944759892@

Unknown info (line 7511)
    1 SUBM @S6000000000944759892@

Unknown info (line 7518)
    2 _MARNM Aemilianus

Unknown info (line 7526)
    1 SUBM @S6000000029918390035@

Unknown info (line 7538)
    1 SUBM @S6000000007278581048@

Unknown info (line 7546)
    2 _MARNM Caecilius

Unknown info (line 7554)
    1 SUBM @S6000000007278581048@

Unknown info (line 7570)
    1 SUBM @S1684718@

Unknown info (line 7642)
    1 SUBM @S1684718@

Unknown info (line 7673)
    1 SUBM @S6000000000944759892@

Unknown info (line 7793)
    1 SUBM @S6000000000944759892@

Unknown info (line 7801)
    2 _MARNM .

Unknown info (line 7813)
    1 SUBM @S6000000000944759892@

Unknown info (line 7828)
    1 SUBM @S1683839@

Unknown info (line 7854)
    1 SUBM @S1683839@

Unknown info (line 7917)
    1 SUBM @S6000000007278581048@

Unknown info (line 7935)
    1 SUBM @S6000000007278581048@

Unknown info (line 7943)
    2 _MARNM Pinarius

Unknown info (line 7951)
    1 SUBM @S6000000007278581048@

Unknown info (line 8014)
    1 SUBM @S1684718@

Unknown info (line 8186)
    1 SUBM @S1684718@

Unknown info (line 8224)
    1 SUBM @S6000000040147495991@

Unknown info (line 8235)
    1 SUBM @S6000000040147495991@

Unknown info (line 8243)
    2 _MARNM Verus

Unknown info (line 8253)
    1 SUBM @S6000000008142866581@

Unknown info (line 8288)
    1 SUBM @S1683839@

Unknown info (line 8324)
    1 SUBM @S6000000007278581048@

Unknown info (line 8342)
    1 SUBM @S6000000014038144818@

Unknown info (line 8349)
    2 _MARNM Antoninus

Unknown info (line 8394)
    1 SUBM @S6000000007278581048@

Unknown info (line 8402)
    2 _MARNM Antoninus

Unknown info (line 8411)
    1 SUBM @S6000000009431839612@

Unknown info (line 8435)
    1 SUBM @S1683839@

Unknown info (line 8448)
    2 _MARNM Hadrian

Unknown info (line 8456)
    1 SUBM @S1683839@

    3 ADOP BOTH
Unknown info (line 8547)
    1 SUBM @S1683839@

Unknown info (line 8679)
    1 SUBM @S6000000002812379465@

Unknown info (line 8708)
    1 SUBM @S6000000007278581048@

Unknown info (line 8758)
    1 SUBM @S6000000000944759892@

Unknown info (line 8775)
    1 SUBM @S6000000000944759892@

Unknown info (line 8786)
    1 SUBM @S6000000001343390267@

Unknown info (line 8801)
    1 SUBM @S6000000007278581048@

Unknown info (line 8830)
    1 SUBM @S6000000007278581048@

Unknown info (line 8840)
    2 _MARNM Pius

Unknown info (line 8854)
    1 SUBM @S285725352490006131@

Unknown info (line 8904)
    1 SUBM @S285725352490006131@

Unknown info (line 8920)
    1 SUBM @S6000000007278581048@

Unknown info (line 8939)
    1 SUBM @S6000000007278581048@

Unknown info (line 8956)
    1 SUBM @S6000000007278581048@

Unknown info (line 8974)
    1 SUBM @S6000000007278581048@

Unknown info (line 8990)
    1 SUBM @S6000000007278581048@

Unknown info (line 8997)
    2 _MARNM Ambibulus

Unknown info (line 9008)
    1 SUBM @S6000000007278581048@

Unknown info (line 9061)
    1 SUBM @S6000000000944759892@

Unknown info (line 9109)
    1 SUBM @S6000000000944759892@

Unknown info (line 9116)
    2 _MARNM Crassus Frugi II

Unknown info (line 9145)
    1 SUBM @S6000000002575967860@

Unknown info (line 9189)
    1 SUBM @S6000000003735865868@

Unknown info (line 9196)
    2 _MARNM Saturninus

Unknown info (line 9203)
    1 SUBM @S6000000000944759892@

Unknown info (line 9210)
    2 _MARNM Saturninus

Unknown info (line 9220)
    1 SUBM @S6000000000944759892@

Unknown info (line 9227)
    2 _MARNM Africanus

Unknown info (line 9231)
    1 SUBM @S6000000000944759892@

Unknown info (line 9238)
    2 _MARNM Africanus

Unknown info (line 9248)
    1 SUBM @S6000000000944759892@

Unknown info (line 9263)
    1 SUBM @S6000000000944759892@

Unknown info (line 9270)
    2 _MARNM Pollio

Unknown info (line 9280)
    1 SUBM @S6000000029918390035@

Unknown info (line 9293)
    1 SUBM @S6000000029918390035@

Unknown info (line 9308)
    1 SUBM @S6000000000944759892@

Unknown info (line 9323)
    1 SUBM @S6000000000944759892@

Unknown info (line 9342)
    1 SUBM @S6000000000944759892@

Unknown info (line 9349)
    2 _MARNM Rusticus

Unknown info (line 9356)
    1 SUBM @S6000000029918390035@

Unknown info (line 9377)
    1 SUBM @S6000000000944759892@

Unknown info (line 9399)
    1 SUBM @S6000000000944759892@

Unknown info (line 9427)
    1 SUBM @S1684718@

Unknown info (line 9528)
    1 SUBM @S6000000002812379465@

Unknown info (line 9890)
    1 SUBM @S1684718@

Unknown info (line 9966)
    1 SUBM @S1684718@

Unknown info (line 9988)
    2 _MARNM .

Unknown info (line 9998)
    1 SUBM @S6000000000944759892@

Unknown info (line 10011)
    1 SUBM @S6000000000944759892@

Unknown info (line 10029)
    1 SUBM @S6000000000944759892@

Unknown info (line 10053)
    1 SUBM @S6000000000944759892@

Unknown info (line 10065)
    2 _MARNM Sergius

Unknown info (line 10072)
    1 SUBM @S6000000007278581048@

Unknown info (line 10102)
    1 SUBM @S6000000000944759892@

Unknown info (line 10183)
    1 SUBM @S1684718@

Unknown info (line 10377)
    1 SUBM @S1684718@

Unknown info (line 10410)
    1 SUBM @S6000000040147495991@

Unknown info (line 10421)
    1 SUBM @S6000000040147495991@

Unknown info (line 10435)
    1 SUBM @S6000000029918390035@

Unknown info (line 10446)
    1 SUBM @S6000000009886103273@

Unknown info (line 10454)
    2 _MARNM Piso

Unknown info (line 10460)
    1 SUBM @S6000000029918390035@

Unknown info (line 10467)
    2 _MARNM Piso

Unknown info (line 10473)
    1 SUBM @S6000000189434367913@

Unknown info (line 10485)
    1 SUBM @S6000000029918390035@

Unknown info (line 10493)
    2 _MARNM Traiana

Unknown info (line 10522)
    1 SUBM @S1683839@

Unknown info (line 10530)
    2 _MARNM Marullinus

Unknown info (line 10582)
    1 SUBM @S1683839@

Unknown info (line 10639)
    1 SUBM @S1683839@

Unknown info (line 10726)
    1 SUBM @S6000000033784484015@

Unknown info (line 10767)
    1 SUBM @S6000000009431839612@

Unknown info (line 10784)
    2 _MARNM Pompeius

Unknown info (line 10790)
    1 SUBM @S6000000013342854045@

Unknown info (line 10803)
    1 SUBM @S6000000007278581048@

Unknown info (line 10822)
    1 SUBM @S6000000007278581048@

Unknown info (line 10837)
    1 SUBM @S6000000007278581048@

Unknown info (line 10851)
    1 SUBM @S6000000007278581048@

Unknown info (line 10867)
    1 SUBM @S6000000007278581048@

Unknown info (line 10880)
    1 SUBM @S6000000000944759892@

Unknown info (line 10891)
    1 SUBM @S6000000001343390267@

Unknown info (line 10902)
    1 SUBM @S6000000001343390267@

Unknown info (line 10945)
    1 SUBM @S6000000007278581048@

Unknown info (line 10960)
    1 SUBM @S6000000007278581048@

Unknown info (line 10984)
    1 SUBM @S6000000007278581048@

Unknown info (line 11004)
    1 SUBM @S6000000004877920610@

Unknown info (line 11012)
    2 _MARNM Fulvius

Unknown info (line 11022)
    1 SUBM @S6000000007278581048@

Unknown info (line 11039)
    1 SUBM @S6000000007278581048@

Unknown info (line 11057)
    1 SUBM @S6000000007278581048@

Unknown info (line 11073)
    1 SUBM @S6000000007278581048@

Unknown info (line 11090)
    1 SUBM @S6000000007278581048@

Unknown info (line 11109)
    1 SUBM @S6000000007278581048@

Unknown info (line 11125)
    1 SUBM @S6000000007278581048@

Unknown info (line 11146)
    1 SUBM @S6000000001343390267@

Unknown info (line 11166)
    1 SUBM @S6000000041088106785@

Unknown info (line 11173)
    2 _MARNM Magna

Unknown info (line 11245)
    1 SUBM @S6000000000944759892@

Unknown info (line 11307)
    1 SUBM @S6000000000944759892@

Unknown info (line 11339)
    1 SUBM @S6000000007278581048@

Unknown info (line 11354)
    1 SUBM @S6000000000944759892@

Unknown info (line 11361)
    2 _MARNM Saturninus

Unknown info (line 11370)
    1 SUBM @S6000000000944759892@

Unknown info (line 11377)
    2 _MARNM Saturninus

Unknown info (line 11420)
    1 SUBM @S6000000000944759892@

Unknown info (line 11427)
    2 _MARNM Africanus

Unknown info (line 11436)
    1 SUBM @S6000000000944759892@

Unknown info (line 11443)
    2 _MARNM Pulcher

Unknown info (line 11451)
    1 SUBM @S6000000000944759892@

Unknown info (line 11458)
    2 _MARNM Pollio

Unknown info (line 11466)
    1 SUBM @S6000000029918390035@

Unknown info (line 11478)
    1 SUBM @S6000000000944759892@

Unknown info (line 11492)
    1 SUBM @S6000000000944759892@

Unknown info (line 11507)
    1 SUBM @S6000000000944759892@

Unknown info (line 11521)
    1 SUBM @S6000000000944759892@

Unknown info (line 11533)
    1 SUBM @S6000000000944759892@

Unknown info (line 11547)
    1 SUBM @S6000000000944759892@

Unknown info (line 11571)
    1 SUBM @S6000000000626121273@

Unknown info (line 11694)
    1 SUBM @S6000000000626121273@

Unknown info (line 11726)
    1 SUBM @S6000000040147495991@

Unknown info (line 11738)
    1 SUBM @S6000000040147495991@

Unknown info (line 11750)
    1 SUBM @S6000000000944759892@

Unknown info (line 11762)
    1 SUBM @S6000000004877920610@

Unknown info (line 11775)
    1 SUBM @S6000000003145501780@

Unknown info (line 11810)
    1 SUBM @S6000000004877920610@

Unknown info (line 11869)
    1 SUBM @S1684718@

Unknown info (line 11939)
    1 SUBM @S1684718@

Unknown info (line 11960)
    2 _MARNM .

Unknown info (line 11985)
    1 SUBM @S6000000000944759892@

Unknown info (line 12003)
    1 SUBM @S6000000040147495991@

Unknown info (line 12019)
    1 SUBM @S6000000000944759892@

Unknown info (line 12029)
    1 SUBM @S6000000007278581048@

Unknown info (line 12037)
    2 _MARNM Macer

Unknown info (line 12046)
    1 SUBM @S6000000000944759892@

Unknown info (line 12066)
    1 SUBM @S6000000000944759892@

Unknown info (line 12077)
    2 _MARNM Commodus

Unknown info (line 12081)
    1 SUBM @S6000000013830321333@

Unknown info (line 12093)
    2 _MARNM Silvanus

Unknown info (line 12102)
    1 SUBM @S6000000000944759892@

Unknown info (line 12114)
    2 _MARNM Silvanus

Unknown info (line 12125)
    1 SUBM @S6000000000944759892@

Unknown info (line 12232)
    1 SUBM @S1684718@

Unknown info (line 12280)
    1 SUBM @S1684718@

Unknown info (line 12296)
    1 SUBM @S6000000003735865868@

Unknown info (line 12329)
    1 SUBM @S285725352490006131@

Unknown info (line 12345)
    1 SUBM @S6000000029918390035@

Unknown info (line 12353)
    2 _MARNM Gneius Caesar

Unknown info (line 12359)
    1 SUBM @S6000000189434367913@

Unknown info (line 12366)
    2 _MARNM Munatia

Unknown info (line 12372)
    1 SUBM @S6000000189434367913@

Unknown info (line 12387)
    1 SUBM @S6000000007278581048@

Unknown info (line 12399)
    1 SUBM @S6000000029918390035@

Unknown info (line 12407)
    2 _MARNM Domitia

Unknown info (line 12414)
    1 SUBM @S6000000006100279149@

Unknown info (line 12422)
    2 _MARNM Rom

Unknown info (line 12434)
    1 SUBM @S6000000003864556885@

Unknown info (line 12442)
    2 _MARNM Afer

Unknown info (line 12448)
    1 SUBM @S6000000006915421611@

Unknown info (line 12460)
    1 SUBM @S6000000040147495991@

Unknown info (line 12473)
    1 SUBM @S6000000003735865868@

Unknown info (line 12510)
    1 SUBM @S6000000002575967860@

Unknown info (line 12528)
    1 SUBM @S6000000007278581048@

Unknown info (line 12543)
    1 SUBM @S6000000007278581048@

Unknown info (line 12554)
    1 SUBM @S6000000001343390267@

Unknown info (line 12564)
    1 SUBM @S6000000001343390267@

Unknown info (line 12574)
    1 SUBM @S6000000001343390267@

Unknown info (line 12584)
    1 SUBM @S6000000001343390267@

Unknown info (line 12595)
    1 SUBM @S6000000001343390267@

Unknown info (line 12605)
    1 SUBM @S6000000003145501780@

Unknown info (line 12616)
    1 SUBM @S6000000040147495991@

Unknown info (line 12627)
    1 SUBM @S6000000040147495991@

Unknown info (line 12663)
    1 SUBM @S6000000007278581048@

Unknown info (line 12671)
    2 _MARNM Fulvius

Unknown info (line 12681)
    1 SUBM @S6000000007278581048@

Unknown info (line 12692)
    1 SUBM @S6000000040147495991@

Unknown info (line 12707)
    1 SUBM @S6000000007278581048@

Unknown info (line 12723)
    1 SUBM @S6000000007278581048@

Unknown info (line 12740)
    1 SUBM @S6000000007278581048@

Unknown info (line 12755)
    1 SUBM @S6000000007278581048@

Unknown info (line 12775)
    1 SUBM @S6000000001343390267@

Unknown info (line 12791)
    1 SUBM @S6000000041088106785@

Unknown info (line 12808)
    1 SUBM @S6000000000944759892@

Unknown info (line 12833)
    1 SUBM @S6000000000944759892@

Unknown info (line 12921)
    1 SUBM @S137285@

Unknown info (line 12969)
    1 SUBM @S6000000007278581048@

Unknown info (line 12976)
    2 _MARNM Crassus Frugi

Unknown info (line 13013)
    1 SUBM @S6000000007278581048@

Unknown info (line 13021)
    2 _MARNM Cornelia

Unknown info (line 13034)
    1 SUBM @S6000000007278581048@

Unknown info (line 13052)
    1 SUBM @S6000000007278581048@

Unknown info (line 13072)
    1 SUBM @S6000000000944759892@

Unknown info (line 13108)
    1 SUBM @S6000000029918390035@

Unknown info (line 13115)
    2 _MARNM Lentulus

Unknown info (line 13127)
    1 SUBM @S6000000029918390035@

Unknown info (line 13134)
    2 _MARNM Saturninus

Unknown info (line 13186)
    1 SUBM @S6000000000944759892@

Unknown info (line 13193)
    2 _MARNM Polla

Unknown info (line 13201)
    1 SUBM @S6000000000944759892@

Unknown info (line 13208)
    2 _MARNM Africanus

Unknown info (line 13215)
    1 SUBM @S6000000000944759892@

Unknown info (line 13222)
    2 _MARNM Pulcher

Unknown info (line 13231)
    1 SUBM @S5079474084160022074@

Unknown info (line 13239)
    2 _MARNM Pollio

Unknown info (line 13250)
    1 SUBM @S6000000003145501780@

Unknown info (line 13264)
    1 SUBM @S6000000000944759892@

Unknown info (line 13283)
    1 SUBM @S6000000000944759892@

Unknown info (line 13290)
    2 _MARNM Bassus

Unknown info (line 13296)
    1 SUBM @S6000000029918390035@

Unknown info (line 13308)
    1 SUBM @S6000000000944759892@

Unknown info (line 13315)
    2 _MARNM Camurius

Unknown info (line 13322)
    1 SUBM @S6000000029918390035@

Unknown info (line 13350)
    1 SUBM @S6000000000626121273@

Unknown info (line 13372)
    1 SUBM @S6000000000626121273@

Unknown info (line 13422)
    1 SUBM @S2649781@

Unknown info (line 13502)
    1 SUBM @S2649781@

Unknown info (line 13535)
    1 SUBM @S6000000040147495991@

Unknown info (line 13546)
    1 SUBM @S6000000040147495991@

Unknown info (line 13557)
    1 SUBM @S6000000007278581048@

Unknown info (line 13569)
    1 SUBM @S6000000007278581048@

Unknown info (line 13585)
    1 SUBM @S6000000000944759892@

Unknown info (line 13602)
    1 SUBM @S6000000040147495991@

Unknown info (line 13621)
    1 SUBM @S3995291@

Unknown info (line 13673)
    1 SUBM @S3995291@

Unknown info (line 13680)
    2 _MARNM Varus

Unknown info (line 13690)
    1 SUBM @S6000000000944759892@

Unknown info (line 13703)
    1 SUBM @S6000000000944759892@

Unknown info (line 13715)
    2 _MARNM Lamia

Unknown info (line 13726)
    1 SUBM @S6000000000944759892@

Unknown info (line 13737)
    2 _MARNM Plautia

Unknown info (line 13747)
    1 SUBM @S6000000000944759892@

Unknown info (line 13759)
    2 _MARNM Silvanus

Unknown info (line 13794)
    1 SUBM @S6000000000944759892@

Unknown info (line 13806)
    2 _MARNM Torquatus

Unknown info (line 13886)
    1 SUBM @S6000000003023495364@

Unknown info (line 14063)
    1 SUBM @S1684718@

Unknown info (line 14092)
    1 SUBM @S6000000003023495364@

Unknown info (line 14099)
    2 _MARNM Caesia

Unknown info (line 14117)
    1 SUBM @S6000000041088106785@

Unknown info (line 14128)
    2 _MARNM Isauricus

Unknown info (line 14177)
    1 SUBM @S6000000007278581048@

Unknown info (line 14188)
    1 SUBM @S6000000029918390035@

Unknown info (line 14196)
    2 _MARNM Terentia

Unknown info (line 14213)
    1 SUBM @S6000000002575967860@

Unknown info (line 14223)
    2 _MARNM Salvius

Unknown info (line 14235)
    1 SUBM @S6000000002105895441@

Unknown info (line 14242)
    2 _MARNM Caecena T.

Unknown info (line 14261)
    1 SUBM @S6000000003864556885@

Unknown info (line 14313)
    1 SUBM @S6000000003864556885@

Unknown info (line 14329)
    1 SUBM @S6000000040147495991@

Unknown info (line 14340)
    1 SUBM @S6000000040147495991@

Unknown info (line 14347)
    2 _MARNM Rufus

Unknown info (line 14355)
    1 SUBM @S6000000040147495991@

Unknown info (line 14366)
    1 SUBM @S6000000040147495991@

Unknown info (line 14379)
    1 SUBM @S6000000004877920610@

Unknown info (line 14386)
    2 _MARNM Crispina

Unknown info (line 14392)
    1 SUBM @S6000000040147495991@

Unknown info (line 14416)
    1 SUBM @S6000000007278581048@

Unknown info (line 14448)
    1 SUBM @S6000000001343390267@

Unknown info (line 14459)
    1 SUBM @S6000000001343390267@

Unknown info (line 14469)
    1 SUBM @S6000000001343390267@

Unknown info (line 14477)
    2 _MARNM Hosidius

Unknown info (line 14485)
    1 SUBM @S6000000007278581048@

Unknown info (line 14498)
    1 SUBM @S6000000003145501780@

Unknown info (line 14509)
    1 SUBM @S6000000040147495991@

Unknown info (line 14526)
    1 SUBM @S6000000007278581048@

Unknown info (line 14542)
    1 SUBM @S6000000001343390267@

Unknown info (line 14549)
    2 _MARNM Salvidienes

Unknown info (line 14562)
    1 SUBM @S6000000041088106785@

Unknown info (line 14660)
    1 SUBM @S285725352490006131@

Unknown info (line 14741)
    1 SUBM @S6000000000626121273@

Unknown info (line 14767)
    1 SUBM @S6000000000944759892@

Unknown info (line 14884)
    1 SUBM @S137285@

Unknown info (line 14995)
    1 SUBM @S137285@

Unknown info (line 15003)
    2 _MARNM Libo

Unknown info (line 15110)
    1 SUBM @S4880369542270047123@

Unknown info (line 15120)
    1 SUBM @S6000000007278581048@

Unknown info (line 15138)
    1 SUBM @S6000000007278581048@

Unknown info (line 15149)
    1 SUBM @S6000000040147495991@

Unknown info (line 15179)
    1 SUBM @S6000000007278581048@

Unknown info (line 15189)
    1 SUBM @S6000000003145501780@

Unknown info (line 15206)
    1 SUBM @S6000000007278581048@

Unknown info (line 15255)
    1 SUBM @S6000000000944759892@

Unknown info (line 15269)
    2 _MARNM Arria

Unknown info (line 15275)
    1 SUBM @S6000000041088106785@

Unknown info (line 15311)
    1 SUBM @S6000000029918390035@

Unknown info (line 15323)
    1 SUBM @S6000000040147495991@

Unknown info (line 15330)
    2 _MARNM Lentulus

Unknown info (line 15338)
    1 SUBM @S6000000029918390035@

Unknown info (line 15361)
    1 SUBM @S6000000000944759892@

Unknown info (line 15369)
    2 _MARNM Volusius-Saturninus

Unknown info (line 15402)
    1 SUBM @S6000000000944759892@

Unknown info (line 15438)
    1 SUBM @S6000000000944759892@

Unknown info (line 15449)
    1 SUBM @S6000000040147495991@

Unknown info (line 15456)
    2 _MARNM Sextius

Unknown info (line 15464)
    1 SUBM @S6000000000944759892@

Unknown info (line 15471)
    2 _MARNM Pulcher

Unknown info (line 15481)
    1 SUBM @S6000000000944759892@

Unknown info (line 15489)
    2 _MARNM Saloninus

Unknown info (line 15541)
    1 SUBM @S6000000007278581048@

Unknown info (line 15622)
    1 SUBM @S6000000000626121273@

Unknown info (line 15644)
    2 _MARNM Gavius

Unknown info (line 15652)
    1 SUBM @S6000000000944759892@

Unknown info (line 15659)
    2 _MARNM Gavius

Unknown info (line 15666)
    1 SUBM @S6000000029918390035@

Unknown info (line 15805)
    1 SUBM @S1684718@

Unknown info (line 15926)
    1 SUBM @S1684718@

Unknown info (line 15998)
    1 SUBM @S6000000000944759892@

Unknown info (line 16013)
    1 SUBM @S6000000040147495991@

Unknown info (line 16095)
    1 SUBM @S6000000000626121273@

Unknown info (line 16231)
    1 SUBM @S1684718@

Unknown info (line 16257)
    1 SUBM @S6000000007278581048@

Unknown info (line 16268)
    1 SUBM @S6000000040147495991@

Unknown info (line 16280)
    1 SUBM @S6000000007278581048@

Unknown info (line 16288)
    2 _MARNM .

Unknown info (line 16298)
    1 SUBM @S6000000000944759892@

Unknown info (line 16307)
    2 _MARNM Lamia

Unknown info (line 16316)
    1 SUBM @S6000000000944759892@

Unknown info (line 16327)
    2 _MARNM Lartius

Unknown info (line 16334)
    1 SUBM @S6000000007278581048@

Unknown info (line 16350)
    1 SUBM @S6000000000944759892@

Unknown info (line 16389)
    1 SUBM @S6000000013830321333@

Unknown info (line 16411)
    1 SUBM @S1684718@

Unknown info (line 16426)
    1 SUBM @S6000000002575967860@

Unknown info (line 16449)
    1 SUBM @S6000000007278581048@

Unknown info (line 16460)
    2 _MARNM Tertia

Unknown info (line 16470)
    1 SUBM @S6000000041088106785@

Unknown info (line 16477)
    2 _MARNM Caesoninus

Unknown info (line 16484)
    1 SUBM @S6000000041088106785@

Unknown info (line 16502)
    1 SUBM @S6000000007278581048@

Unknown info (line 16509)
    2 _MARNM Lepida

Unknown info (line 16515)
    1 SUBM @S6000000041088106785@

Unknown info (line 16587)
    1 SUBM @S6000000040147495991@

Unknown info (line 16595)
    2 _MARNM Torqutas

Unknown info (line 16600)
    1 SUBM @S6000000002878688880@

Unknown info (line 16608)
    2 _MARNM Torquatus

Unknown info (line 16612)
    1 SUBM @S6000000002878688880@

Unknown info (line 16620)
    2 _MARNM I

Unknown info (line 16625)
    1 SUBM @S6000000006100279149@

Unknown info (line 16632)
    2 _MARNM Galba

Unknown info (line 16640)
    1 SUBM @S2385265@

Unknown info (line 16648)
    2 _MARNM Galba

Unknown info (line 16656)
    1 SUBM @S6000000091819376959@

Unknown info (line 16667)
    1 SUBM @S6000000040147495991@

Unknown info (line 16678)
    1 SUBM @S6000000040147495991@

Unknown info (line 16685)
    2 _MARNM Crispinus

Unknown info (line 16692)
    1 SUBM @S6000000041088106785@

Unknown info (line 16710)
    1 SUBM @S6000000007278581048@

Unknown info (line 16721)
    1 SUBM @S6000000001343390267@

Unknown info (line 16729)
    2 _MARNM Hosidius

Unknown info (line 16737)
    1 SUBM @S6000000007278581048@

Unknown info (line 16752)
    1 SUBM @S6000000040147495991@

Unknown info (line 16763)
    1 SUBM @S6000000040147495991@

Unknown info (line 16782)
    1 SUBM @S6000000007278581048@

Unknown info (line 16842)
    1 SUBM @S6000000002764837879@

Unknown info (line 16864)
    2 _MARNM Lentulus

Unknown info (line 16874)
    1 SUBM @S6000000041088106785@

Unknown info (line 16932)
    1 SUBM @S285725352490006131@

Unknown info (line 16975)
    1 SUBM @S6000000000944759892@

Unknown info (line 17008)
    1 SUBM @S6000000029918390035@

Unknown info (line 17046)
    1 SUBM @S6000000000944759892@

Unknown info (line 17293)
    1 SUBM @S137285@

Unknown info (line 17311)
    2 _MARNM Pupia

Unknown info (line 17324)
    1 SUBM @S137285@

Unknown info (line 17418)
    1 SUBM @S137285@

Unknown info (line 17426)
    2 _MARNM Pompeius

Unknown info (line 18065)
    1 SUBM @S6000000002764837879@

Unknown info (line 18174)
    1 SUBM @S299871508120003679@

Unknown info (line 18194)
    1 SUBM @S6000000004877920610@

    3 ADOP BOTH
Unknown info (line 18221)
    1 SUBM @S6000000007278581048@

Unknown info (line 18229)
    2 _MARNM Sulla

Unknown info (line 18272)
    1 SUBM @S6000000003783574804@

Unknown info (line 18290)
    1 SUBM @S6000000007278581048@

Unknown info (line 18419)
    1 SUBM @S1684718@

Unknown info (line 18440)
    1 SUBM @S6000000007278581048@

Unknown info (line 18447)
    2 _MARNM Sabinus II

Unknown info (line 18452)
    1 SUBM @S6000000041088106785@

Unknown info (line 18465)
    1 SUBM @S6000000041088106785@

Unknown info (line 18549)
    1 SUBM @S2649781@

Unknown info (line 18568)
    1 SUBM @S2649781@

Unknown info (line 18575)
    2 _MARNM Crusiello

Unknown info (line 18583)
    1 SUBM @S6000000029918390035@

Unknown info (line 18590)
    2 _MARNM Crusiello

Unknown info (line 18600)
    1 SUBM @S6000000029918390035@

Unknown info (line 18607)
    2 _MARNM Nero

Unknown info (line 18616)
    1 SUBM @S6000000000944759892@

Unknown info (line 18623)
    2 _MARNM Nonius

Unknown info (line 18632)
    1 SUBM @S6000000000944759892@

Unknown info (line 18874)
    1 SUBM @S6000000004877920610@

Unknown info (line 18946)
    1 SUBM @S6000000002764837879@

Unknown info (line 18969)
    2 _MARNM Pollio

Unknown info (line 18974)
    1 SUBM @S6000000003145501780@

Unknown info (line 18982)
    2 _MARNM Pollio

Unknown info (line 19075)
    1 SUBM @S6000000003145501780@

Unknown info (line 19152)
    1 SUBM @S6000000003512278932@

Unknown info (line 19334)
    1 SUBM @S1684718@

Unknown info (line 19671)
    1 SUBM @S6000000002764837879@

Unknown info (line 19773)
    1 SUBM @S6000000003145501780@

Unknown info (line 19784)
    1 SUBM @S6000000040147495991@

Unknown info (line 20119)
    1 SUBM @S299813023680007965@

Unknown info (line 20415)
    1 SUBM @S1684718@

Unknown info (line 20808)
    1 SUBM @S1684718@

Unknown info (line 20894)
    1 SUBM @S6000000007278581048@

Unknown info (line 20902)
    2 _MARNM .

Unknown info (line 20912)
    1 SUBM @S6000000000944759892@

Unknown info (line 20920)
    2 _MARNM Lamia

Unknown info (line 20931)
    1 SUBM @S6000000000944759892@

Unknown info (line 20947)
    1 SUBM @S6000000007278581048@

Unknown info (line 20961)
    1 SUBM @S6000000000944759892@

Unknown info (line 20973)
    2 _MARNM Silanus

Unknown info (line 20978)
    1 SUBM @S2385265@

Unknown info (line 20985)
    2 _MARNM Silanus

Unknown info (line 20991)
    1 SUBM @S6000000029918390035@

Unknown info (line 21007)
    1 SUBM @S6000000029918390035@

Unknown info (line 21021)
    1 SUBM @S6000000029918390035@

Unknown info (line 21057)
    1 SUBM @S6000000002764837879@

Unknown info (line 21091)
    1 SUBM @S6000000007278581048@

Unknown info (line 21098)
    2 _MARNM Caepionis

Unknown info (line 21107)
    1 SUBM @S6000000041088106785@

Unknown info (line 21114)
    2 _MARNM Silanus

Unknown info (line 21123)
    1 SUBM @S6000000041088106785@

Unknown info (line 21130)
    2 _MARNM Caesoninus

Unknown info (line 21138)
    1 SUBM @S6000000029918390035@

Unknown info (line 21145)
    2 _MARNM Caesoninus

Unknown info (line 21151)
    1 SUBM @S6000000041088106785@

Unknown info (line 21159)
    2 _MARNM .

Unknown info (line 21172)
    1 SUBM @S6000000007278581048@

Unknown info (line 21188)
    1 SUBM @S6000000002764837879@

Unknown info (line 21221)
    1 SUBM @S6000000002764837879@

Unknown info (line 21232)
    2 _MARNM Lepidus

Unknown info (line 21274)
    1 SUBM @S6000000003783574804@

Unknown info (line 21303)
    1 SUBM @S6000000040147495991@

Unknown info (line 21311)
    2 _MARNM Paulus

Unknown info (line 21315)
    1 SUBM @S6000000002878688880@

Unknown info (line 21322)
    2 _MARNM Paulus

Unknown info (line 21326)
    1 SUBM @S6000000002878688880@

Unknown info (line 21333)
    2 _MARNM Galba

Unknown info (line 21341)
    1 SUBM @S6000000091819376959@

Unknown info (line 21349)
    2 _MARNM Capitolinus

Unknown info (line 21355)
    1 SUBM @S6000000091819376959@

Unknown info (line 21362)
    2 _MARNM Achaicus

Unknown info (line 21370)
    1 SUBM @S6000000091819376959@

Unknown info (line 21388)
    1 SUBM @S6000000007278581048@

Unknown info (line 21401)
    1 SUBM @S6000000001343390267@

Unknown info (line 21409)
    2 _MARNM Hosidius

Unknown info (line 21417)
    1 SUBM @S6000000007278581048@

Unknown info (line 21431)
    1 SUBM @S6000000041088106785@

Unknown info (line 21438)
    2 _MARNM Marcellinus

Unknown info (line 21467)
    1 SUBM @S6000000041088106785@

Unknown info (line 21474)
    2 _MARNM Paula

Unknown info (line 21479)
    1 SUBM @S6000000024694954730@

Unknown info (line 21486)
    2 _MARNM Scipio

Unknown info (line 21499)
    1 SUBM @S6000000024694954730@

Unknown info (line 21575)
    1 SUBM @S6000000000944759892@

Unknown info (line 21615)
    1 SUBM @S6000000002764837879@

Unknown info (line 21782)
    1 SUBM @S6000000002764837879@

Unknown info (line 21805)
    1 SUBM @S6000000007278581048@

Unknown info (line 21831)
    1 SUBM @S6000000003023495364@

Unknown info (line 21841)
    1 SUBM @S6000000004877920610@

Unknown info (line 21849)
    2 _MARNM Augur

Unknown info (line 21910)
    1 SUBM @S137285@

Unknown info (line 21920)
    2 _MARNM Crassa

Unknown info (line 21930)
    1 SUBM @S6000000003512278932@

Unknown info (line 22007)
    1 SUBM @S137285@

Unknown info (line 22088)
    1 SUBM @S6000000007278581048@

Unknown info (line 22096)
    2 _MARNM Licinia

Unknown info (line 22103)
    1 SUBM @S6000000026891212644@

Unknown info (line 22111)
    2 _MARNM Licinius-Crassus

Unknown info (line 22116)
    1 SUBM @S6000000026891212644@

Unknown info (line 22128)
    2 _MARNM Pupius

Unknown info (line 22133)
    1 SUBM @S6000000026891212644@

Unknown info (line 22144)
    1 SUBM @S6000000040147495991@

Unknown info (line 22179)
    1 SUBM @S6000000003783574804@

Unknown info (line 22595)
    1 SUBM @S6000000003783574804@

Unknown info (line 22630)
    1 SUBM @S6000000007278581048@

Unknown info (line 22643)
    1 SUBM @S6000000007278581048@

Unknown info (line 22839)
    1 SUBM @S6000000002764837879@

Unknown info (line 22943)
    1 SUBM @S6000000002764837879@

Unknown info (line 22952)
    2 _MARNM Varus

Unknown info (line 22961)
    1 SUBM @S6000000003145501780@

Unknown info (line 22968)
    2 _MARNM Crus

Unknown info (line 22978)
    1 SUBM @S6000000029918390035@

Unknown info (line 22986)
    2 _MARNM Rufus

Unknown info (line 22996)
    1 SUBM @S6000000029918390035@

Unknown info (line 23004)
    2 _MARNM Rufus

Unknown info (line 23014)
    1 SUBM @S6000000029918390035@

Unknown info (line 23021)
    2 _MARNM Nero

Unknown info (line 23027)
    1 SUBM @S6000000000944759892@

Unknown info (line 23034)
    2 _MARNM Nonius

Unknown info (line 23040)
    1 SUBM @S6000000000944759892@

Unknown info (line 23049)
    2 _MARNM Balearica

Unknown info (line 23104)
    1 SUBM @S369973@

Unknown info (line 23113)
    2 _MARNM Pulcher

Unknown info (line 23194)
    1 SUBM @S6000000001175003035@

Unknown info (line 23230)
    1 SUBM @S299813023680007965@

Unknown info (line 23261)
    1 SUBM @S6000000003783574804@

Unknown info (line 23275)
    1 SUBM @S6000000003145501780@

Unknown info (line 23286)
    1 SUBM @S6000000040147495991@

Unknown info (line 23301)
    1 SUBM @S6000000003145501780@

Unknown info (line 23318)
    1 SUBM @S6000000003512278932@

Unknown info (line 23331)
    1 SUBM @S6000000003145501780@

Unknown info (line 23409)
    1 SUBM @S1684718@

Unknown info (line 24431)
    1 SUBM @S6000000002764837879@

Unknown info (line 25452)
    2 _MARNM Drusilla

Unknown info (line 25858)
    1 SUBM @S6000000002764837879@

Unknown info (line 26392)
    1 SUBM @S6000000002764837879@

Unknown info (line 27119)
    1 SUBM @S6000000002764837879@

Unknown info (line 27892)
    2 _MARNM Lamia

Unknown info (line 27909)
    1 SUBM @S6000000000944759892@

Unknown info (line 27920)
    2 _MARNM Lamia

Unknown info (line 27925)
    1 SUBM @S6000000006270092187@

Unknown info (line 27932)
    2 _MARNM Silanus

Unknown info (line 27938)
    1 SUBM @S6000000029918390035@

Unknown info (line 27945)
    2 _MARNM Silanus

Unknown info (line 27950)
    1 SUBM @S6000000029918390035@

Unknown info (line 27957)
    2 _MARNM Crispinus

Unknown info (line 27963)
    1 SUBM @S6000000029918390035@

Unknown info (line 27971)
    2 _MARNM .

Unknown info (line 28008)
    1 SUBM @S6000000002764837879@

Unknown info (line 28020)
    2 _MARNM Bibulus

Unknown info (line 28043)
    1 SUBM @S6000000007278581048@

Unknown info (line 28058)
    1 SUBM @S6000000029918390035@

Unknown info (line 28142)
    1 SUBM @S6000000002764837879@

Unknown info (line 28163)
    1 SUBM @S6000000007278581048@

Unknown info (line 28174)
    1 SUBM @S6000000029918390035@

Unknown info (line 28185)
    1 SUBM @S6000000041088106785@

Unknown info (line 28192)
    2 _MARNM Caesoninus

Unknown info (line 28198)
    1 SUBM @S6000000041088106785@

Unknown info (line 28216)
    1 SUBM @S6000000007278581048@

Unknown info (line 28239)
    1 SUBM @S6000000000944759892@

Unknown info (line 28310)
    1 SUBM @S369973@

Unknown info (line 28320)
    1 SUBM @S6000000003145501780@

Unknown info (line 28327)
    2 _MARNM Galba

Unknown info (line 28334)
    1 SUBM @S6000000091819376959@

Unknown info (line 28341)
    2 _MARNM Capitolinus

Unknown info (line 28351)
    1 SUBM @S6000000091819376959@

Unknown info (line 28358)
    2 _MARNM Achaicus

Unknown info (line 28366)
    1 SUBM @S6000000091819376959@

Unknown info (line 28381)
    1 SUBM @S6000000007278581048@

Unknown info (line 28392)
    1 SUBM @S6000000001343390267@

Unknown info (line 28400)
    2 _MARNM Hosidius

Unknown info (line 28408)
    1 SUBM @S6000000007278581048@

Unknown info (line 28415)
    2 _MARNM Maximus

Unknown info (line 28425)
    1 SUBM @S6000000041088106785@

Unknown info (line 28439)
    1 SUBM @S6000000041088106785@

Unknown info (line 28446)
    2 _MARNM Lentulus

Unknown info (line 28456)
    1 SUBM @S6000000041088106785@

Unknown info (line 28463)
    2 _MARNM Paullus consul

Unknown info (line 28467)
    1 SUBM @S6000000024694954730@

Unknown info (line 28486)
    1 SUBM @S6000000000944759892@

Unknown info (line 28497)
    1 SUBM @S6000000040147495991@

Unknown info (line 28506)
    2 _MARNM Caepio

Unknown info (line 28541)
    1 SUBM @S2385265@

Unknown info (line 28579)
    2 _MARNM Drusa

Unknown info (line 28595)
    1 SUBM @S6000000003783574804@

Unknown info (line 28604)
    1 SUBM @S6000000024694954730@

Unknown info (line 28613)
    1 SUBM @S6000000024694954730@

Unknown info (line 28624)
    1 SUBM @S6000000001343390267@

Unknown info (line 28640)
    1 SUBM @S6000000007278581048@

Unknown info (line 28649)
    2 _MARNM Scaevola

Unknown info (line 28672)
    1 SUBM @S137285@

Unknown info (line 28684)
    1 SUBM @S6000000040147495991@

Unknown info (line 28691)
    2 _MARNM Crassus

Unknown info (line 28700)
    1 SUBM @S6000000029918390035@

Unknown info (line 28714)
    1 SUBM @S6000000041088106785@

Unknown info (line 28740)
    1 SUBM @S137285@

Unknown info (line 28754)
    1 SUBM @S6000000029918390035@

Unknown info (line 28823)
    1 SUBM @S6000000012744948017@

Unknown info (line 28832)
    2 _MARNM Terentius-Varro

    3 ADOP BOTH
Unknown info (line 28844)
    1 SUBM @S6000000026891212644@

Unknown info (line 28852)
    2 _MARNM Licinius-Crassus

Unknown info (line 28857)
    1 SUBM @S6000000026891212644@

Unknown info (line 28905)
    1 SUBM @S6000000007278581048@

Unknown info (line 28919)
    1 SUBM @S6000000003145501780@

Unknown info (line 28935)
    1 SUBM @S6000000007278581048@

Unknown info (line 28946)
    1 SUBM @S6000000040147495991@

Unknown info (line 28965)
    1 SUBM @S6000000007278581048@

Unknown info (line 28986)
    1 SUBM @S6000000007278581048@

Unknown info (line 29234)
    1 SUBM @S6000000002764837879@

Unknown info (line 29476)
    1 SUBM @S6000000002764837879@

Unknown info (line 29550)
    2 _MARNM Bruta

Unknown info (line 29557)
    1 SUBM @S2385265@

Unknown info (line 29564)
    2 _MARNM Marcellus

Unknown info (line 29571)
    1 SUBM @S2385265@

Unknown info (line 29583)
    1 SUBM @S6000000029918390035@

Unknown info (line 29590)
    2 _MARNM Lentulus

Unknown info (line 29595)
    1 SUBM @S6000000029918390035@

Unknown info (line 29603)
    2 _MARNM Sullæ

Unknown info (line 29613)
    1 SUBM @S0@

Unknown info (line 29622)
    2 _MARNM .

Unknown info (line 29687)
    1 SUBM @S285725352490006131@

Unknown info (line 29747)
    1 SUBM @S369973@

Unknown info (line 29754)
    2 _MARNM de Rome

Unknown info (line 29765)
    1 SUBM @S369973@

Unknown info (line 29783)
    1 SUBM @S6000000001175003035@

Unknown info (line 29790)
    2 _MARNM Pulcher

Unknown info (line 29802)
    1 SUBM @S4880369542270047123@

Unknown info (line 29821)
    1 SUBM @S299813023680007965@

Unknown info (line 29839)
    1 SUBM @S6000000004877920610@

Unknown info (line 29846)
    2 _MARNM Asinius

Unknown info (line 29853)
    1 SUBM @S6000000029918390035@

Unknown info (line 29893)
    1 SUBM @S6000000003512278932@

Unknown info (line 29908)
    1 SUBM @S6000000004877920610@

Unknown info (line 29920)
    1 SUBM @S6000000003145501780@

Unknown info (line 29927)
    2 _MARNM Pilius

Unknown info (line 29934)
    1 SUBM @S6000000003145501780@

Unknown info (line 29941)
    2 _MARNM Drusus

Unknown info (line 30003)
    1 SUBM @S5079474084160022074@

Unknown info (line 30010)
    2 _MARNM Drusus

Unknown info (line 30018)
    1 SUBM @S6000000043396959979@

Unknown info (line 30030)
    2 _MARNM Claudia

Unknown info (line 30039)
    1 SUBM @S2100892@

Unknown info (line 30202)
    1 SUBM @S2100892@

Unknown info (line 30408)
    1 SUBM @S1684718@

Unknown info (line 30477)
    1 SUBM @S1684718@

Unknown info (line 30522)
    1 SUBM @S6000000007278581048@

Unknown info (line 30534)
    1 SUBM @S6000000040147495991@

Unknown info (line 30541)
    2 _MARNM Flamininus

Unknown info (line 30547)
    1 SUBM @S6000000029918390035@

Unknown info (line 30562)
    1 SUBM @S6000000002764837879@

Unknown info (line 30776)
    1 SUBM @S6000000002764837879@

Unknown info (line 30795)
    2 _MARNM Calpurnius

Unknown info (line 30803)
    1 SUBM @S6000000007278581048@

Unknown info (line 30821)
    1 SUBM @S2649781@

Unknown info (line 30836)
    1 SUBM @S6000000007278581048@

Unknown info (line 30854)
    1 SUBM @S6000000007278581048@

Unknown info (line 30862)
    2 _MARNM Wife of Lucius (?-100 BC)

Unknown info (line 30872)
    1 SUBM @S6000000003783574804@

Unknown info (line 30879)
    2 _MARNM Saturninus

Unknown info (line 30960)
    1 SUBM @S6000000000944759892@

Unknown info (line 30995)
    1 SUBM @S369973@

Unknown info (line 31042)
    2 _MARNM Catulus

Unknown info (line 31052)
    1 SUBM @S6000000091819376959@

Unknown info (line 31059)
    2 _MARNM Achaicus

Unknown info (line 31066)
    1 SUBM @S6000000091819376959@

Unknown info (line 31079)
    1 SUBM @S6000000007278581048@

Unknown info (line 31090)
    1 SUBM @S6000000001343390267@

Unknown info (line 31098)
    2 _MARNM Hosidius

Unknown info (line 31105)
    1 SUBM @S6000000007278581048@

Unknown info (line 31112)
    2 _MARNM Allobrogicus

Unknown info (line 31122)
    1 SUBM @S6000000041088106785@

Unknown info (line 31129)
    2 _MARNM Serapio

Unknown info (line 31146)
    1 SUBM @S6000000041088106785@

Unknown info (line 31153)
    2 _MARNM Lentulus

Unknown info (line 31161)
    1 SUBM @S6000000041088106785@

Unknown info (line 31182)
    1 SUBM @S6000000009813772191@

Unknown info (line 31193)
    1 SUBM @S6000000040147495991@

Unknown info (line 31201)
    2 _MARNM Caepio

Unknown info (line 31293)
    1 SUBM @S2385265@

Unknown info (line 31321)
    1 SUBM @S2385265@

Unknown info (line 31370)
    1 SUBM @S299813023680007965@

Unknown info (line 31394)
    1 SUBM @S299813023680007965@

Unknown info (line 31401)
    2 _MARNM Plancus

Unknown info (line 31406)
    1 SUBM @S6000000001343390267@

Unknown info (line 31414)
    2 _MARNM Mucius-Scaevola

Unknown info (line 31420)
    1 SUBM @S6000000003783574804@

Unknown info (line 31428)
    2 _MARNM Licinia

Unknown info (line 31434)
    1 SUBM @S6000000003783574804@

Unknown info (line 31442)
    2 _MARNM Scaevola

Unknown info (line 31447)
    1 SUBM @S6000000003023495364@

Unknown info (line 31454)
    2 _MARNM Scaevola

Unknown info (line 31463)
    1 SUBM @S6000000041088106785@

Unknown info (line 31482)
    1 SUBM @S137285@

Unknown info (line 31495)
    1 SUBM @S6000000003145501780@

Unknown info (line 31528)
    2 _MARNM Licinius-Lucullus

Unknown info (line 31533)
    1 SUBM @S6000000026891212644@

Unknown info (line 31540)
    2 _MARNM Terentius-Varro

Unknown info (line 31560)
    1 SUBM @S6000000026891212644@

Unknown info (line 31572)
    2 _MARNM Licinius-Crassus

Unknown info (line 31578)
    1 SUBM @S6000000026891212644@

Unknown info (line 31599)
    1 SUBM @S6000000007278581048@

Unknown info (line 31614)
    1 SUBM @S6000000040147495991@

Unknown info (line 31629)
    1 SUBM @S6000000029918390035@

Unknown info (line 31640)
    1 SUBM @S6000000040147495991@

Unknown info (line 31657)
    1 SUBM @S6000000007278581048@

Unknown info (line 31670)
    1 SUBM @S6000000007278581048@

Unknown info (line 31808)
    1 SUBM @S6000000002764837879@

Unknown info (line 32120)
    1 SUBM @S6000000002764837879@

Unknown info (line 32283)
    1 SUBM @S1684718@

Unknown info (line 32304)
    1 SUBM @S6000000012744948017@

Unknown info (line 32315)
    2 _MARNM Brutus

Unknown info (line 32325)
    1 SUBM @S2385265@

Unknown info (line 32332)
    2 _MARNM Marcella

Unknown info (line 32339)
    1 SUBM @S2385265@

Unknown info (line 32346)
    2 _MARNM Marcellus

Unknown info (line 32353)
    1 SUBM @S2385265@

Unknown info (line 32367)
    1 SUBM @S6000000029918390035@

Unknown info (line 32398)
    1 SUBM @S6000000000598916847@

Unknown info (line 32660)
    1 SUBM @S1684718@

Unknown info (line 32699)
    1 SUBM @S1684718@

Unknown info (line 32709)
    2 _MARNM Claudius-Pulcher

Unknown info (line 32767)
    1 SUBM @S6000000001175003035@

Unknown info (line 32774)
    2 _MARNM de Rome

Unknown info (line 32781)
    1 SUBM @S6000000017523614934@

Unknown info (line 32802)
    1 SUBM @S299813023680007965@

Unknown info (line 32823)
    1 SUBM @S299813023680007965@

Unknown info (line 32832)
    2 _MARNM Tuditanus

Unknown info (line 32842)
    1 SUBM @S6000000041088106785@

Unknown info (line 32850)
    2 _MARNM Crassus

Unknown info (line 32861)
    1 SUBM @S6000000003783574804@

Unknown info (line 32955)
    1 SUBM @S6000000003783574804@

Unknown info (line 33014)
    1 SUBM @S5079474084160022074@

Unknown info (line 33026)
    2 _MARNM Drusus

Unknown info (line 33041)
    1 SUBM @S299813023680007965@

Unknown info (line 33053)
    2 _MARNM Drusus

Unknown info (line 33059)
    1 SUBM @S6000000001285920008@

Unknown info (line 33066)
    2 _MARNM Claudianus

Unknown info (line 33070)
    1 SUBM @S6000000003145501780@

Unknown info (line 33077)
    2 _MARNM Claudianus

Unknown info (line 33082)
    1 SUBM @S6000000003145501780@

Unknown info (line 33089)
    2 _MARNM Nero "the Elder"

Unknown info (line 33128)
    1 SUBM @S5079474084160022074@

Unknown info (line 33295)
    1 SUBM @S1684718@

Unknown info (line 33315)
    2 _MARNM Manlianus

Unknown info (line 33325)
    1 SUBM @S6000000029918390035@

Unknown info (line 33332)
    2 _MARNM Claudus

Unknown info (line 33340)
    1 SUBM @S6000000029918390035@

Unknown info (line 33348)
    2 _MARNM Atilius

Unknown info (line 33356)
    1 SUBM @S6000000007278581048@

Unknown info (line 33393)
    1 SUBM @S6000000002764837879@

Unknown info (line 33411)
    1 SUBM @S6000000007278581048@

Unknown info (line 33429)
    1 SUBM @S6000000007278581048@

Unknown info (line 33469)
    1 SUBM @S6000000007278581048@

Unknown info (line 33499)
    2 _MARNM Catulus

Unknown info (line 33507)
    1 SUBM @S6000000091819376959@

Unknown info (line 33519)
    1 SUBM @S6000000007278581048@

Unknown info (line 33526)
    2 _MARNM Marathonios

Unknown info (line 33533)
    1 SUBM @S6000000003417761038@

Unknown info (line 33544)
    1 SUBM @S6000000001343390267@

Unknown info (line 33555)
    1 SUBM @S6000000001343390267@

Unknown info (line 33562)
    2 _MARNM Aemilianus

Unknown info (line 33580)
    1 SUBM @S6000000041088106785@

Unknown info (line 33587)
    2 _MARNM Lupus

Unknown info (line 33597)
    1 SUBM @S6000000041088106785@

Unknown info (line 33616)
    1 SUBM @S6000000009813772191@

Unknown info (line 33630)
    1 SUBM @S6000000040147495991@

Unknown info (line 33641)
    1 SUBM @S6000000040147495991@

Unknown info (line 33648)
    2 _MARNM Caepio

Unknown info (line 33658)
    1 SUBM @S6000000041088106785@

Unknown info (line 33708)
    1 SUBM @S299813023680007965@

Unknown info (line 33715)
    2 _MARNM Drusus

Unknown info (line 33720)
    1 SUBM @S6000000001285920008@

Unknown info (line 33861)
    1 SUBM @S6000000029918390035@

Unknown info (line 33890)
    2 _MARNM Plancus

Unknown info (line 33895)
    1 SUBM @S6000000001343390267@

Unknown info (line 33904)
    2 _MARNM Scaevola

Unknown info (line 33912)
    1 SUBM @S6000000003783574804@

Unknown info (line 33920)
    2 _MARNM Scaevola

Unknown info (line 33925)
    1 SUBM @S6000000003783574804@

Unknown info (line 33936)
    1 SUBM @S6000000040147495991@

Unknown info (line 33943)
    2 _MARNM Licinius-Crassus

Unknown info (line 33948)
    1 SUBM @S6000000026891212644@

Unknown info (line 33956)
    2 _MARNM Sapiens

Unknown info (line 33962)
    1 SUBM @S6000000029918390035@

Unknown info (line 34087)
    1 SUBM @S6000000003512278932@

Unknown info (line 34099)
    2 _MARNM Licinius-Lucullus

Unknown info (line 34104)
    1 SUBM @S6000000026891212644@

Unknown info (line 34112)
    2 _MARNM Licinius-Crassus

Unknown info (line 34117)
    1 SUBM @S6000000026891212644@

Unknown info (line 34131)
    1 SUBM @S6000000029918390035@

Unknown info (line 34142)
    1 SUBM @S6000000040147495991@

Unknown info (line 34159)
    1 SUBM @S6000000007278581048@

Unknown info (line 34220)
    1 SUBM @S1684718@

Unknown info (line 34251)
    1 SUBM @S1684718@

Unknown info (line 34419)
    1 SUBM @S6000000002764837879@

Unknown info (line 34550)
    1 SUBM @S6000000002764837879@

Unknown info (line 34682)
    1 SUBM @S1684718@

Unknown info (line 34697)
    2 _MARNM Brutus

Unknown info (line 34705)
    1 SUBM @S2385265@

Unknown info (line 34712)
    2 _MARNM Marcellus

Unknown info (line 34722)
    1 SUBM @S2385265@

Unknown info (line 34730)
    2 _MARNM Marcellus

Unknown info (line 34737)
    1 SUBM @S2385265@

Unknown info (line 34751)
    1 SUBM @S6000000029918390035@

Unknown info (line 34831)
    1 SUBM @S1684718@

Unknown info (line 34883)
    1 SUBM @S1684718@

Unknown info (line 34894)
    2 _MARNM Claudius-Pulcher

Unknown info (line 34924)
    1 SUBM @S6000000004877920610@

Unknown info (line 34935)
    1 SUBM @S6000000040147495991@

Unknown info (line 34942)
    2 _MARNM de Rome

Unknown info (line 34948)
    1 SUBM @S6000000017523614934@

Unknown info (line 34955)
    2 _MARNM de Rome

Unknown info (line 34960)
    1 SUBM @S6000000017523614934@

Unknown info (line 34981)
    1 SUBM @S299813023680007965@

Unknown info (line 34999)
    1 SUBM @S299813023680007965@

Unknown info (line 35008)
    2 _MARNM Tudianus

Unknown info (line 35016)
    1 SUBM @S6000000041088106785@

Unknown info (line 35023)
    2 _MARNM Lucullus

Unknown info (line 35033)
    1 SUBM @S6000000029918390035@

Unknown info (line 35078)
    1 SUBM @S6000000003512278932@

Unknown info (line 35090)
    1 SUBM @S6000000003145501780@

Unknown info (line 35097)
    2 _MARNM Drusus

Unknown info (line 35106)
    1 SUBM @S299813023680007965@

Unknown info (line 35113)
    2 _MARNM Drusus Salinator

Unknown info (line 35125)
    1 SUBM @S299813023680007965@

Unknown info (line 35132)
    2 _MARNM Nero

Unknown info (line 35140)
    1 SUBM @S6000000015542526064@

Unknown info (line 35175)
    1 SUBM @S299813023680007965@

Unknown info (line 35187)
    2 _MARNM Torquatus

Unknown info (line 35195)
    1 SUBM @S6000000029918390035@

Unknown info (line 35202)
    2 _MARNM Claudus

Unknown info (line 35210)
    1 SUBM @S6000000029918390035@

Unknown info (line 35236)
    1 SUBM @S6000000002764837879@

Unknown info (line 35252)
    1 SUBM @S6000000007278581048@

Unknown info (line 35266)
    1 SUBM @S6000000007278581048@

Unknown info (line 35295)
    1 SUBM @S369973@

Unknown info (line 35306)
    2 _MARNM Calavius

Unknown info (line 35314)
    1 SUBM @S6000000004877920610@

Unknown info (line 35322)
    2 _MARNM Calavius

Unknown info (line 35329)
    1 SUBM @S6000000091819376959@

Unknown info (line 35339)
    1 SUBM @S6000000001343390267@

Unknown info (line 35347)
    2 _MARNM Macedonicus

Unknown info (line 35480)
    1 SUBM @S6000000007278581048@

Unknown info (line 35496)
    1 SUBM @S6000000041088106785@

Unknown info (line 35503)
    2 _MARNM Lentulus

Unknown info (line 35513)
    1 SUBM @S6000000041088106785@

Unknown info (line 35532)
    1 SUBM @S6000000009813772191@

Unknown info (line 35543)
    1 SUBM @S6000000040147495991@

Unknown info (line 35557)
    1 SUBM @S6000000040147495991@

Unknown info (line 35564)
    2 _MARNM Caepio

Unknown info (line 35573)
    1 SUBM @S6000000041088106785@

Unknown info (line 35583)
    1 SUBM @S6000000003023495364@

Unknown info (line 35591)
    2 _MARNM of Rome

Unknown info (line 35597)
    1 SUBM @S6000000003023495364@

Unknown info (line 35677)
    1 SUBM @S6000000000944759892@

Unknown info (line 35698)
    1 SUBM @S6000000000944759892@

Unknown info (line 35794)
    1 SUBM @S6000000004877920610@

Unknown info (line 35805)
    2 _MARNM Plancus

Unknown info (line 35810)
    1 SUBM @S6000000001343390267@

Unknown info (line 35817)
    2 _MARNM Scaevola

Unknown info (line 35823)
    1 SUBM @S6000000029918390035@

Unknown info (line 35830)
    2 _MARNM Varus

Unknown info (line 35836)
    1 SUBM @S6000000029918390035@

Unknown info (line 35844)
    2 _MARNM Laelius

Unknown info (line 35850)
    1 SUBM @S6000000029918390035@

Unknown info (line 35858)
    2 _MARNM Licinius-Lucullus

Unknown info (line 35862)
    1 SUBM @S6000000026891212644@

Unknown info (line 35876)
    1 SUBM @S6000000029918390035@

Unknown info (line 35887)
    1 SUBM @S6000000040147495991@

Unknown info (line 35908)
    1 SUBM @S6000000007278581048@

Unknown info (line 35918)
    1 SUBM @S6000000008177154488@

Unknown info (line 35949)
    1 SUBM @S1684718@

Unknown info (line 35995)
    1 SUBM @S1684718@

Unknown info (line 36017)
    1 SUBM @S1684718@

Unknown info (line 36090)
    1 SUBM @S1684718@

Unknown info (line 36132)
    1 SUBM @S1684718@

Unknown info (line 36146)
    2 _MARNM Brutus

Unknown info (line 36152)
    1 SUBM @S2385265@

Unknown info (line 36159)
    2 _MARNM Marcellus

Unknown info (line 36169)
    1 SUBM @S2385265@

Unknown info (line 36176)
    2 _MARNM Marcellus

Unknown info (line 36184)
    1 SUBM @S2385265@

Unknown info (line 36199)
    1 SUBM @S6000000029918390035@

Unknown info (line 36291)
    1 SUBM @S1684718@

Unknown info (line 36324)
    2 _MARNM Laenates

Unknown info (line 36339)
    1 SUBM @S6000000024694954730@

Unknown info (line 36346)
    2 _MARNM Laenas

Unknown info (line 36351)
    1 SUBM @S6000000029918390035@

Unknown info (line 36358)
    2 _MARNM Pulcher

Unknown info (line 36400)
    1 SUBM @S137285@

Unknown info (line 36411)
    1 SUBM @S6000000040147495991@

Unknown info (line 36435)
    1 SUBM @S299813023680007965@

Unknown info (line 36457)
    1 SUBM @S299813023680007965@

Unknown info (line 36466)
    2 _MARNM Tudianus

Unknown info (line 36476)
    1 SUBM @S6000000041088106785@

Unknown info (line 36483)
    2 _MARNM Calva

Unknown info (line 36491)
    1 SUBM @S6000000029918390035@

Unknown info (line 36498)
    2 _MARNM Lucullus

Unknown info (line 36508)
    1 SUBM @S6000000029918390035@

Unknown info (line 36526)
    1 SUBM @S6000000003145501780@

Unknown info (line 36541)
    1 SUBM @S6000000040147495991@

Unknown info (line 36548)
    2 _MARNM Pulcher

Unknown info (line 36556)
    1 SUBM @S6000000004877920610@

Unknown info (line 36566)
    1 SUBM @S6000000009886103273@

Unknown info (line 36574)
    2 _MARNM NN

Unknown info (line 36578)
    1 SUBM @S6000000004877920610@

Unknown info (line 36586)
    2 _MARNM Nero

Unknown info (line 36594)
    1 SUBM @S6000000015542526064@

Unknown info (line 36606)
    1 SUBM @S6000000001993104936@

Unknown info (line 36614)
    2 _MARNM Torquatus

Unknown info (line 36622)
    1 SUBM @S6000000029918390035@

Unknown info (line 36629)
    2 _MARNM Capitolinus

Unknown info (line 36637)
    1 SUBM @S6000000029918390035@

Unknown info (line 36665)
    1 SUBM @S6000000002764837879@

Unknown info (line 36673)
    2 _MARNM Cato

Unknown info (line 36693)
    1 SUBM @S6000000002764837879@

Unknown info (line 36718)
    1 SUBM @S6000000007278581048@

Unknown info (line 36732)
    1 SUBM @S6000000007278581048@

Unknown info (line 36748)
    1 SUBM @S6000000003145501780@

Unknown info (line 36808)
    1 SUBM @S6000000000944759892@

Unknown info (line 36818)
    1 SUBM @S6000000004877920610@

Unknown info (line 36835)
    1 SUBM @S6000000041088106785@

Unknown info (line 36842)
    2 _MARNM Lentulus

Unknown info (line 36852)
    1 SUBM @S6000000041088106785@

Unknown info (line 36867)
    1 SUBM @S6000000009813772191@

Unknown info (line 36881)
    1 SUBM @S6000000040147495991@

Unknown info (line 36892)
    1 SUBM @S6000000040147495991@

Unknown info (line 36900)
    2 _MARNM the I

Unknown info (line 36906)
    1 SUBM @S6000000003023495364@

Unknown info (line 36917)
    1 SUBM @S6000000003023495364@

Unknown info (line 36950)
    1 SUBM @S6000000003145501780@

Unknown info (line 36961)
    1 SUBM @S6000000040147495991@

Unknown info (line 36995)
    1 SUBM @S6000000040147495991@

Unknown info (line 37002)
    2 _MARNM Paulla

Unknown info (line 37156)
    1 SUBM @S6000000000944759892@

Unknown info (line 37636)
    1 SUBM @S6000000000944759892@

Unknown info (line 37656)
    2 _MARNM Plancus

Unknown info (line 37661)
    1 SUBM @S6000000001343390267@

Unknown info (line 37672)
    1 SUBM @S6000000029918390035@

Unknown info (line 37679)
    2 _MARNM Varus

Unknown info (line 37685)
    1 SUBM @S6000000029918390035@

Unknown info (line 37692)
    2 _MARNM Laelius

Unknown info (line 37698)
    1 SUBM @S6000000029918390035@

Unknown info (line 37712)
    1 SUBM @S6000000040147495991@

Unknown info (line 37723)
    1 SUBM @S6000000040147495991@

Unknown info (line 37740)
    1 SUBM @S6000000007278581048@

Unknown info (line 37747)
    2 _MARNM Rutilius

Unknown info (line 37752)
    1 SUBM @S6000000026891212644@

Unknown info (line 37800)
    1 SUBM @S1684718@

Unknown info (line 37826)
    1 SUBM @S1684718@

Unknown info (line 37880)
    1 SUBM @S1684718@

Unknown info (line 37923)
    1 SUBM @S5079474084160022074@

Unknown info (line 37935)
    2 _MARNM Brutus

Unknown info (line 37943)
    1 SUBM @S2385265@

Unknown info (line 37951)
    2 _MARNM Marcellus

Unknown info (line 37961)
    1 SUBM @S2385265@

Unknown info (line 38055)
    1 SUBM @S1684718@

Unknown info (line 38120)
    1 SUBM @S369973@

Unknown info (line 38133)
    1 SUBM @S299813023680007965@

Unknown info (line 38154)
    1 SUBM @S299813023680007965@

Unknown info (line 38170)
    1 SUBM @S299813023680007965@

Unknown info (line 38179)
    2 _MARNM Tudianus

Unknown info (line 38188)
    1 SUBM @S6000000041088106785@

Unknown info (line 38196)
    2 _MARNM Lucullus

Unknown info (line 38204)
    1 SUBM @S6000000029918390035@

Unknown info (line 38247)
    1 SUBM @S6000000003145501780@

Unknown info (line 38263)
    1 SUBM @S6000000040147495991@

Unknown info (line 38276)
    1 SUBM @S6000000003145501780@

Unknown info (line 38284)
    2 _MARNM Nero

Unknown info (line 38293)
    1 SUBM @S6000000015542526064@

Unknown info (line 38304)
    1 SUBM @S6000000004877920610@

Unknown info (line 38312)
    2 _MARNM Torquatus

Unknown info (line 38320)
    1 SUBM @S6000000029918390035@

Unknown info (line 38327)
    2 _MARNM Capitolinus

Unknown info (line 38335)
    1 SUBM @S6000000029918390035@

Unknown info (line 38346)
    1 SUBM @S6000000004877920610@

Unknown info (line 38353)
    2 _MARNM Censorius

Unknown info (line 38362)
    1 SUBM @S6000000007278581048@

Unknown info (line 38377)
    1 SUBM @S6000000007278581048@

Unknown info (line 38391)
    1 SUBM @S6000000007278581048@

Unknown info (line 38406)
    1 SUBM @S6000000007278581048@

Unknown info (line 38424)
    1 SUBM @S6000000007278581048@

Unknown info (line 38431)
    2 _MARNM Paullus

Unknown info (line 38441)
    1 SUBM @S6000000041088106785@

Unknown info (line 38448)
    2 _MARNM Caudinus

Unknown info (line 38458)
    1 SUBM @S6000000041088106785@

Unknown info (line 38480)
    1 SUBM @S6000000009813772191@

Unknown info (line 38494)
    1 SUBM @S6000000040147495991@

Unknown info (line 38505)
    1 SUBM @S6000000040147495991@

Unknown info (line 38516)
    1 SUBM @S6000000003023495364@

Unknown info (line 38524)
    2 _MARNM NN

Unknown info (line 38528)
    1 SUBM @S6000000003023495364@

Unknown info (line 38572)
    1 SUBM @S6000000003145501780@

Unknown info (line 38623)
    1 SUBM @S6000000040147495991@

Unknown info (line 38631)
    2 _MARNM Scipio

Unknown info (line 38728)
    1 SUBM @S6000000000944759892@

Unknown info (line 38757)
    1 SUBM @S6000000000944759892@

Unknown info (line 38764)
    2 _MARNM Plancus

Unknown info (line 38768)
    1 SUBM @S6000000001343390267@

Unknown info (line 38780)
    1 SUBM @S6000000029918390035@

Unknown info (line 38787)
    2 _MARNM Laelius

Unknown info (line 38792)
    1 SUBM @S6000000029918390035@

Unknown info (line 38803)
    1 SUBM @S6000000040147495991@

Unknown info (line 38818)
    1 SUBM @S6000000040147495991@

Unknown info (line 38835)
    1 SUBM @S6000000007278581048@

Unknown info (line 38843)
    2 _MARNM -

Unknown info (line 38858)
    1 SUBM @S2649781@

Unknown info (line 38875)
    1 SUBM @S6000000002318087032@

Unknown info (line 38883)
    2 _MARNM Brutus

Unknown info (line 38890)
    1 SUBM @S2385265@

Unknown info (line 38897)
    2 _MARNM Marcellus

Unknown info (line 38905)
    1 SUBM @S2385265@

Unknown info (line 38925)
    1 SUBM @S1684718@

Unknown info (line 39004)
    1 SUBM @S1684718@

Unknown info (line 39035)
    1 SUBM @S6000000004877920610@

Unknown info (line 39046)
    1 SUBM @S6000000040147495991@

Unknown info (line 39061)
    1 SUBM @S299813023680007965@

Unknown info (line 39079)
    1 SUBM @S299813023680007965@

Unknown info (line 39100)
    1 SUBM @S299813023680007965@

Unknown info (line 39114)
    1 SUBM @S6000000003512278932@

Unknown info (line 39121)
    2 _MARNM Lucullus

Unknown info (line 39129)
    1 SUBM @S6000000029918390035@

Unknown info (line 39137)
    2 _MARNM Dives

Unknown info (line 39144)
    1 SUBM @S6000000003145501780@

Unknown info (line 39235)
    1 SUBM @S6000000040147495991@

Unknown info (line 39246)
    1 SUBM @S6000000040147495991@

Unknown info (line 39263)
    1 SUBM @S6000000000944759892@

Unknown info (line 39270)
    2 _MARNM Claudius-Nero

Unknown info (line 39277)
    1 SUBM @S6000000000944759892@

Unknown info (line 39288)
    1 SUBM @S6000000004877920610@

Unknown info (line 39296)
    2 _MARNM Torquatus

Unknown info (line 39304)
    1 SUBM @S6000000029918390035@

Unknown info (line 39311)
    2 _MARNM Crispinus

Unknown info (line 39319)
    1 SUBM @S6000000029918390035@

Unknown info (line 39326)
    2 _MARNM Cato

Unknown info (line 39339)
    1 SUBM @S6000000004877920610@

Unknown info (line 39349)
    1 SUBM @S6000000002764837879@

Unknown info (line 39365)
    1 SUBM @S6000000007278581048@

Unknown info (line 39379)
    1 SUBM @S6000000007278581048@

Unknown info (line 39386)
    2 _MARNM Paullus

Unknown info (line 39396)
    1 SUBM @S6000000041088106785@

Unknown info (line 39403)
    2 _MARNM Lentulus

Unknown info (line 39410)
    1 SUBM @S6000000041088106785@

Unknown info (line 39427)
    1 SUBM @S6000000009813772191@

Unknown info (line 39442)
    1 SUBM @S6000000040147495991@

Unknown info (line 39453)
    1 SUBM @S6000000040147495991@

Unknown info (line 39461)
    2 _MARNM Scipio

Unknown info (line 39574)
    1 SUBM @S6000000029918390035@

Unknown info (line 39592)
    1 SUBM @S6000000040147495991@

Unknown info (line 39650)
    1 SUBM @S6000000004877920610@

Unknown info (line 39661)
    1 SUBM @S6000000040147495991@

Unknown info (line 39674)
    1 SUBM @S6000000040147495991@

Unknown info (line 39685)
    1 SUBM @S6000000040147495991@

Unknown info (line 39702)
    1 SUBM @S6000000007278581048@

Unknown info (line 39719)
    1 SUBM @S6000000007278581048@

Unknown info (line 39741)
    1 SUBM @S6000000007278581048@

Unknown info (line 39748)
    2 _MARNM Brutus

Unknown info (line 39754)
    1 SUBM @S2385265@

Unknown info (line 39761)
    2 _MARNM Marcellus

Unknown info (line 39771)
    1 SUBM @S2385265@

Unknown info (line 39806)
    1 SUBM @S4380397840520055510@

Unknown info (line 39900)
    1 SUBM @S6000000000944759892@

Unknown info (line 39921)
    1 SUBM @S6000000003783574804@

Unknown info (line 39929)
    2 _MARNM Caepio

Unknown info (line 39940)
    1 SUBM @S137285@

Unknown info (line 39948)
    2 _MARNM Major

Unknown info (line 39952)
    1 SUBM @S137285@

Unknown info (line 39978)
    1 SUBM @S299813023680007965@

Unknown info (line 39987)
    2 _MARNM Lucullus

Unknown info (line 39993)
    1 SUBM @S6000000029918390035@

Unknown info (line 40000)
    2 _MARNM Crassus

Unknown info (line 40008)
    1 SUBM @S6000000029918390035@

Unknown info (line 40016)
    2 _MARNM Crassus

Unknown info (line 40025)
    1 SUBM @S6000000000944759892@

Unknown info (line 40038)
    1 SUBM @S6000000000944759892@

Unknown info (line 40045)
    2 _MARNM Torquatus

Unknown info (line 40053)
    1 SUBM @S6000000029918390035@

Unknown info (line 40060)
    2 _MARNM Capitolinus

Unknown info (line 40068)
    1 SUBM @S6000000029918390035@

Unknown info (line 40078)
    1 SUBM @S6000000004877920610@

Unknown info (line 40092)
    1 SUBM @S6000000007278581048@

Unknown info (line 40169)
    1 SUBM @S6000000041088106785@

Unknown info (line 40293)
    1 SUBM @S6000000009813772191@

Unknown info (line 40308)
    1 SUBM @S6000000040147495991@

Unknown info (line 40319)
    1 SUBM @S6000000040147495991@

Unknown info (line 40330)
    1 SUBM @S6000000040147495991@

Unknown info (line 40338)
    2 _MARNM Barbatus

Unknown info (line 40456)
    1 SUBM @S6000000029918390035@

Unknown info (line 40477)
    1 SUBM @S6000000007278581048@

Unknown info (line 40494)
    1 SUBM @S6000000007278581048@

Unknown info (line 40506)
    1 SUBM @S6000000040147495991@

Unknown info (line 40513)
    2 _MARNM Brutus

Unknown info (line 40521)
    1 SUBM @S2385265@

Unknown info (line 40528)
    2 _MARNM Marcellus

Unknown info (line 40537)
    1 SUBM @S2385265@

Unknown info (line 40567)
    1 SUBM @S4380397840520055510@

Unknown info (line 40585)
    1 SUBM @S6000000000944759892@

Unknown info (line 40596)
    1 SUBM @S6000000040147495991@

Unknown info (line 40621)
    1 SUBM @S299813023680007965@

Unknown info (line 40630)
    2 _MARNM Crassus

Unknown info (line 40638)
    1 SUBM @S6000000029918390035@

Unknown info (line 40646)
    2 _MARNM Sabinus

Unknown info (line 40656)
    1 SUBM @S6000000000944759892@

Unknown info (line 40664)
    2 _MARNM Torquatus

Unknown info (line 40699)
    1 SUBM @S6000000029918390035@

Unknown info (line 40706)
    2 _MARNM Cincinnatus

Unknown info (line 40712)
    1 SUBM @S6000000029918390035@

Unknown info (line 40719)
    2 _MARNM Cincinnatus

Unknown info (line 40725)
    1 SUBM @S6000000029918390035@

Unknown info (line 40739)
    1 SUBM @S6000000007278581048@

Unknown info (line 40746)
    2 _MARNM Memercinus

Unknown info (line 40757)
    1 SUBM @S6000000041088106785@

Unknown info (line 40784)
    1 SUBM @S6000000009813772191@

Unknown info (line 40813)
    1 SUBM @S6000000040147495991@

Unknown info (line 40824)
    1 SUBM @S6000000040147495991@

Unknown info (line 40831)
    2 _MARNM Scipio

Unknown info (line 40840)
    1 SUBM @S6000000029918390035@

Unknown info (line 40861)
    1 SUBM @S6000000007278581048@

Unknown info (line 40877)
    1 SUBM @S6000000007278581048@

Unknown info (line 40892)
    1 SUBM @S6000000007278581048@

Unknown info (line 40904)
    1 SUBM @S6000000040147495991@

Unknown info (line 40911)
    2 _MARNM Brutus

Unknown info (line 40918)
    1 SUBM @S2385265@

Unknown info (line 41007)
    1 SUBM @S4380397840520055510@

Unknown info (line 41032)
    1 SUBM @S6000000003023495364@

Unknown info (line 41041)
    2 _MARNM Regillensis

Unknown info (line 41183)
    1 SUBM @S6000000000944759892@

Unknown info (line 41191)
    2 _MARNM Octavius

Unknown info (line 41195)
    1 SUBM @S6000000015542526064@

Unknown info (line 41202)
    2 _MARNM Torquatus

Unknown info (line 41221)
    1 SUBM @S6000000029918390035@

Unknown info (line 41232)
    2 _MARNM Tubertus

Unknown info (line 41238)
    1 SUBM @S6000000029918390035@

Unknown info (line 41246)
    2 _MARNM Cincinnatus

Unknown info (line 41262)
    1 SUBM @S6000000029918390035@

Unknown info (line 41273)
    2 _MARNM Cincinnatus

Unknown info (line 41278)
    1 SUBM @S6000000029918390035@

Unknown info (line 41292)
    1 SUBM @S6000000007278581048@

Unknown info (line 41299)
    2 _MARNM Mamercus

Unknown info (line 41309)
    1 SUBM @S6000000041088106785@

Unknown info (line 41343)
    1 SUBM @S6000000009813772191@

Unknown info (line 41367)
    1 SUBM @S6000000040147495991@

Unknown info (line 41378)
    1 SUBM @S6000000040147495991@

Unknown info (line 41385)
    2 _MARNM Scipio

Unknown info (line 41394)
    1 SUBM @S6000000041088106785@

Unknown info (line 41415)
    1 SUBM @S6000000007278581048@

Unknown info (line 41423)
    2 _MARNM Fabius

Unknown info (line 41433)
    1 SUBM @S6000000007278581048@

Unknown info (line 41441)
    2 _MARNM -

Unknown info (line 41450)
    1 SUBM @S6000000007278581048@

Unknown info (line 41462)
    1 SUBM @S6000000040147495991@

Unknown info (line 41473)
    1 SUBM @S6000000040147495991@

Unknown info (line 41483)
    1 SUBM @S6000000003145501780@

Unknown info (line 41587)
    1 SUBM @S6000000003145501780@

Unknown info (line 41612)
    1 SUBM @S369973@

Unknown info (line 41621)
    2 _MARNM Octavius

Unknown info (line 41714)
    1 SUBM @S6000000000944759892@

Unknown info (line 41722)
    2 _MARNM Torquatus

Unknown info (line 41783)
    1 SUBM @S6000000029918390035@

Unknown info (line 41790)
    2 _MARNM Tubertus

Unknown info (line 41796)
    1 SUBM @S6000000029918390035@

Unknown info (line 41803)
    2 _MARNM Quinctius

Unknown info (line 41809)
    1 SUBM @S6000000029918390035@

Unknown info (line 41823)
    1 SUBM @S6000000007278581048@

Unknown info (line 41830)
    2 _MARNM Mamercinus

Unknown info (line 41840)
    1 SUBM @S6000000041088106785@

Unknown info (line 41854)
    1 SUBM @S6000000009813772191@

Unknown info (line 41868)
    1 SUBM @S6000000040147495991@

Unknown info (line 41879)
    1 SUBM @S6000000040147495991@

Unknown info (line 41894)
    1 SUBM @S6000000007278581048@

Unknown info (line 41902)
    2 _MARNM Fabius

Unknown info (line 41910)
    1 SUBM @S6000000007278581048@

Unknown info (line 41922)
    1 SUBM @S6000000040147495991@

Unknown info (line 41933)
    1 SUBM @S6000000040147495991@

Unknown info (line 41957)
    1 SUBM @S0@

Unknown info (line 41967)
    1 SUBM @S0@

Unknown info (line 41984)
    1 SUBM @S4380397840520055510@

Unknown info (line 41993)
    2 _MARNM Imperiosus

Unknown info (line 42001)
    1 SUBM @S6000000029918390035@

Unknown info (line 42009)
    2 _MARNM Tubertus

Unknown info (line 42015)
    1 SUBM @S6000000029918390035@

Unknown info (line 42022)
    2 _MARNM Quinctius

Unknown info (line 42027)
    1 SUBM @S6000000029918390035@

Unknown info (line 42041)
    1 SUBM @S6000000007278581048@

Unknown info (line 42071)
    1 SUBM @S6000000041088106785@

Unknown info (line 42105)
    1 SUBM @S6000000029918390035@

Unknown info (line 42135)
    1 SUBM @S6000000040147495991@

Unknown info (line 42146)
    1 SUBM @S6000000040147495991@

Unknown info (line 42163)
    1 SUBM @S6000000007278581048@

Unknown info (line 42171)
    2 _MARNM Fabius

Unknown info (line 42176)
    1 SUBM @S6000000007278581048@

Unknown info (line 42187)
    1 SUBM @S2385265@

Unknown info (line 42199)
    1 SUBM @S6000000040147495991@

Unknown info (line 42210)
    1 SUBM @S6000000040147495991@

Unknown info (line 42254)
    1 SUBM @S0@

Unknown info (line 42356)
    1 SUBM @S0@

Unknown info (line 42411)
    1 SUBM @S4380397840520055510@

Unknown info (line 42428)
    2 _MARNM Capitolinus

Unknown info (line 42436)
    1 SUBM @S6000000029918390035@

Unknown info (line 42443)
    2 _MARNM Postumius

Unknown info (line 42448)
    1 SUBM @S6000000029918390035@

Unknown info (line 42462)
    1 SUBM @S6000000007278581048@

Unknown info (line 42470)
    2 _MARNM Mamercus

Unknown info (line 42579)
    1 SUBM @S6000000041088106785@

Unknown info (line 42672)
    1 SUBM @S6000000029918390035@

Unknown info (line 42686)
    1 SUBM @S6000000040147495991@

Unknown info (line 42697)
    1 SUBM @S6000000040147495991@

Unknown info (line 42714)
    1 SUBM @S6000000007278581048@

Unknown info (line 42722)
    2 _MARNM Fabius

Unknown info (line 42727)
    1 SUBM @S6000000007278581048@

Unknown info (line 42734)
    2 _MARNM Fabius

Unknown info (line 42739)
    1 SUBM @S6000000007278581048@

Unknown info (line 42750)
    1 SUBM @S6000000040147495991@

Unknown info (line 42762)
    1 SUBM @S6000000040147495991@

Unknown info (line 42773)
    1 SUBM @S6000000040147495991@

Unknown info (line 42781)
    2 _MARNM de Tarquinii

Unknown info (line 42785)
    1 SUBM @S0@

Unknown info (line 42792)
    2 _MARNM the Corinthian

Unknown info (line 42799)
    1 SUBM @S0@

Unknown info (line 42816)
    1 SUBM @S6000000009457845859@

Unknown info (line 42823)
    2 _MARNM Capitolinus

Unknown info (line 42831)
    1 SUBM @S6000000029918390035@

Unknown info (line 42845)
    1 SUBM @S6000000007278581048@

Unknown info (line 42852)
    2 _MARNM Aemilius

Unknown info (line 42859)
    1 SUBM @S6000000041088106785@

Unknown info (line 42873)
    1 SUBM @S6000000040147495991@

Unknown info (line 42884)
    1 SUBM @S6000000040147495991@

Unknown info (line 42900)
    1 SUBM @S6000000007278581048@

Unknown info (line 42908)
    2 _MARNM Fabius

Unknown info (line 42913)
    1 SUBM @S6000000007278581048@

Unknown info (line 42921)
    2 _MARNM Otacilius

Unknown info (line 42925)
    1 SUBM @S6000000007278581048@

Unknown info (line 42937)
    1 SUBM @S6000000040147495991@

Unknown info (line 42953)
    2 _MARNM Numae

Unknown info (line 42960)
    1 SUBM @S6000000040147495991@

Unknown info (line 42986)
    1 SUBM @S369973@

Unknown info (line 42993)
    2 _MARNM Capitolinus

Unknown info (line 43001)
    1 SUBM @S6000000029918390035@

Unknown info (line 43014)
    1 SUBM @S6000000007278581048@

Unknown info (line 43028)
    1 SUBM @S6000000040147495991@

Unknown info (line 43039)
    1 SUBM @S6000000040147495991@

Unknown info (line 43047)
    2 _MARNM Fabius

Unknown info (line 43051)
    1 SUBM @S6000000007278581048@

Unknown info (line 43062)
    1 SUBM @S6000000040147495991@

Unknown info (line 43069)
    2 _MARNM Marcius

Unknown info (line 43076)
    1 SUBM @S6000000040147495991@

Unknown info (line 43104)
    1 SUBM @S369973@

Unknown info (line 43111)
    2 _MARNM Vulso

Unknown info (line 43119)
    1 SUBM @S6000000029918390035@

Unknown info (line 43131)
    1 SUBM @S6000000040147495991@

Unknown info (line 43142)
    1 SUBM @S6000000040147495991@

Unknown info (line 43149)
    2 _MARNM Marcius

Unknown info (line 43157)
    1 SUBM @S6000000091819376959@

Unknown info (line 43182)
    1 SUBM @S4380397840520055510@

Unknown info (line 43190)
    2 _MARNM Vulso

Unknown info (line 43198)
    1 SUBM @S6000000029918390035@

Unknown info (line 43210)
    1 SUBM @S6000000040147495991@

Unknown info (line 43221)
    1 SUBM @S6000000040147495991@

Unknown info (line 43237)
    1 SUBM @S4380397840520055510@

Unknown info (line 43244)
    2 _MARNM Manlius

Unknown info (line 43387)
    1 SUBM @S6000000029918390035@

Unknown info (line 43399)
    1 SUBM @S6000000040147495991@

Unknown info (line 43410)
    1 SUBM @S6000000040147495991@

Unknown info (line 43429)
    1 SUBM @S4380397840520055510@

Unknown info (line 43447)
    1 SUBM @S6000000040147495991@

Unknown info (line 43458)
    1 SUBM @S6000000040147495991@

Unknown info (line 43465)
    2 _MARNM Julles II

Unknown info (line 43480)
    1 SUBM @S1684718@

Unknown info (line 43516)
    1 SUBM @S6000000003492963200@

Unknown info (line 43680)
    1 SUBM @S6000000040147495991@

Unknown info (line 43699)
    1 SUBM @S1684718@

Unknown info (line 43732)
    1 SUBM @S6000000040147495991@

Unknown info (line 43747)
    1 SUBM @S6000000040147495991@

Unknown info (line 43767)
    1 SUBM @S6000000003492963200@

Unknown info (line 43785)
    1 SUBM @S6000000040147495991@

Unknown info (line 43796)
    1 SUBM @S6000000040147495991@

Unknown info (line 43815)
    1 SUBM @S1684718@

Unknown info (line 43841)
    1 SUBM @S4380397840520055510@

Unknown info (line 43893)
    1 SUBM @S1684718@

    1 NAME Eric Borsheim
    1 NAME Ricardo Alejandro Seminario León
    1 NAME François-Régis Allouis
    1 NAME Sven Terclavers
    1 NAME James Frederick Pultz
    1 NAME Ryan William Voll
    1 NAME Matt Joshua Filion
    1 NAME Bradley Thomas Kassian
    1 NAME Peter Spiering
    1 NAME Håkon Bjordal Vinje
    1 NAME Justin Durand
    1 NAME Therese Marie Catherine Bilodeau (Sanders)
    1 NAME Victar
    1 NAME Jeanne
    1 NAME Blair Gordon
    1 NAME Pablo Menéndez-Ponte Alonso
    1 NAME William Harden Waesche, Jr.
    1 NAME Christian Cussonneau
    1 NAME John Michael Lewis
    1 NAME Wilhelmina Giltjes
    1 NAME Taylor Sills
    1 NAME Brandie
    1 NAME Jason Scott Wills
    1 ADDR
    2 CITY Waihi
    2 STAE Waikato
    2 CTRY New Zealand
    1 NAME Bjørn P. Brox
    1 ADDR
    2 CITY Kongsberg
    2 STAE Buskerud
    2 CTRY Norway
    1 NAME Joseph Bilodeau
    1 NAME FARKAS Mihály László
    1 NAME Ahmad Djaelani
    1 NAME Tricia McDaris
    1 NAME denise jo kinsey
    1 NAME Kaylene Hansen
    1 NAME Matthew Brian Schneider
    1 NAME Ryan Cutillo
    1 NAME Meiska S
    1 NAME Rodolfo Salinas Garcés
    1 NAME Sharon Lee Cofer
    1 NAME Peter Geoffrey "Maneaba" Albers
    1 NAME Chris Duben
    1 NAME Jeanne de Lastic de La Roque
    1 NAME David Robert Wooten
    1 NAME Kenneth Allen Fabrizio
    1 NAME Taniel Heinaste
    1 NAME Gail Ann Kern
    1 NAME Jennifer Kathryn Wolfe
    1 NAME Pablo Benítez Barreto
    1 NAME Heidi Suarez
    1 NAME Brian Thomas Lynch
    1 NAME MANAGER TO BE DELETED
    1 NAME Lena Larsson
    1 NAME Jerry Lee Nelson
    1 NAME Ingrid Sedin
    1 ADDR
    2 CITY Obbola
    2 STAE Västerbotten County
    2 CTRY Sweden
    1 NAME David Prins
    1 NAME Claus Færch Jensen
    1 NAME Toni
    1 NAME Søren Færch Jensen
    1 NAME Elizabeth Marie Le Grand
    1 NAME Sextus Octavius McDonald
    1 NAME Noel Clark Bush
    1 NAME Roger B. Horntvedt
    1 NAME Will Chapman (Vol. Curator)
    1 NAME Susan Angeline Schumacher Lostetter
    1 NAME Trine Ervik Ellefsen
    1 NAME John Sanders
    1 NAME Ingvar Ejdfors
    1 ADDR
    2 CITY 457 45  Hamburgsund
    2 CTRY Sweden
    1 NAME Ruben Medrano
    1 NAME Johannes Rye Røste
    1 NAME Jelena Paunovic
    1 ADDR
    2 ADR1 Gandijeva 49B/49
    2 CITY Belgrade
    1 NAME Marsha Gail Kamish
    1 ADDR
    2 CITY Katy
    2 STAE Texas
    2 POST 77493
    2 CTRY United States
    1 NAME Theresa Louise Schneider (Vangheluwe)
    1 NAME Robert Thomas Wood
    1 NAME Ruth Elizabeth Dixon
    1 NAME Allan Christie Edmands, Jr.
    1 NAME Timothy Alan Davis
    1 NAME Donald Earl Baxter
    1 NAME John J. Browne III Ayes, Alles (PCID)
