
====================================================================================
[13 JUL 2018 22:23:11 GMT-8] Pre-Sync - Preparing for execution...

====================================================================================
[13 JUL 2018 22:23:11 GMT-8] Pre-Sync Request:
"C:\PROGRA~2\MYHERI~1\Bin\FAMILY~2.EXE" https://www.myheritage.com/FP/API/FTB/ftb-api.php --data "@C:\Users\Eric\AppData\Roaming\MYHERI~1\Temp\datCD75.tmp" --progress-bar --output "C:\Users\Eric\AppData\Roaming\MYHERI~1\Temp\outCD95.tmp" --stderr "C:\Users\Eric\AppData\Roaming\MYHERI~1\Temp\errCD96.tmp" --ssl-no-revoke -A "Family Tree Builder 8.0.0.8397"
---DATA:---
action=api-sync-pre-sync&site_admin=theogrammaticus@gmail.com&site_pwd=1.373f21efaeb14380a3cb574ed6e254dd.832521481.1531545722.43200.33.d66d77c355994acc771afa478f225af6&project_guid=57FCA7416EAD763E2E06995A33EE916F&publishing_guid=&revision=0&client_program_version=8.0.0.8397&site_id=511413591&computer_name=DESKTOP-G4N757J&bin_log_transaction_offset=0
------------------------------------------------------------------------------------
[13 JUL 2018 22:23:13 GMT-8] Pre-Sync Connection result:
0 (WAIT_OBJECT_0)

------------------------------------------------------------------------------------
[13 JUL 2018 22:23:13 GMT-8] Pre-Sync Response:
<?xml version="1.0"?>
<Pre-sync error_code="200" error_desc="MyHeritage\Web\Ftb\Model\Api\ApiBase::handleAuthorizeUserResponse: Unauthorized request, error code: '201'" outcome="error"/>


====================================================================================
[13 JUL 2018 22:30:33 GMT-8] Pre-Sync - Preparing for execution...

====================================================================================
[13 JUL 2018 22:30:33 GMT-8] Pre-Sync Request:
"C:\PROGRA~2\MYHERI~1\Bin\FAMILY~2.EXE" https://www.myheritage.com/FP/API/FTB/ftb-api.php --data "@C:\Users\Eric\AppData\Roaming\MYHERI~1\Temp\dat8CD0.tmp" --progress-bar --output "C:\Users\Eric\AppData\Roaming\MYHERI~1\Temp\out8CD1.tmp" --stderr "C:\Users\Eric\AppData\Roaming\MYHERI~1\Temp\err8CD2.tmp" --ssl-no-revoke -A "Family Tree Builder 8.0.0.8397"
---DATA:---
action=api-sync-pre-sync&site_admin=theogrammaticus@gmail.com&site_pwd=1.373f21efaeb14380a3cb574ed6e254dd.832521481.1531546103.43200.33.1dbc1c24f01fea004e49528cc5c878c8&project_guid=57FCA7416EAD763E2E06995A33EE916F&publishing_guid=&revision=0&client_program_version=8.0.0.8397&site_id=511413591&computer_name=DESKTOP-G4N757J&bin_log_transaction_offset=0
------------------------------------------------------------------------------------
[13 JUL 2018 22:30:35 GMT-8] Pre-Sync Connection result:
0 (WAIT_OBJECT_0)

------------------------------------------------------------------------------------
[13 JUL 2018 22:30:35 GMT-8] Pre-Sync Response:
<?xml version="1.0"?>
<Pre-sync error_code="200" error_desc="MyHeritage\Web\Ftb\Model\Api\ApiBase::handleAuthorizeUserResponse: Unauthorized request, error code: '201'" outcome="error"/>


====================================================================================
[14 JUL 2018 01:31:30 GMT-8] Pre-Sync - Preparing for execution...

====================================================================================
[14 JUL 2018 01:31:30 GMT-8] Pre-Sync - Preparing for execution...

====================================================================================
[14 JUL 2018 01:31:30 GMT-8] Pre-Sync Request:
"C:\PROGRA~2\MYHERI~1\Bin\FAMILY~2.EXE" https://www.myheritage.com/FP/API/FTB/ftb-api.php --data "@C:\Users\Eric\AppData\Roaming\MYHERI~1\Temp\dat33B9.tmp" --progress-bar --output "C:\Users\Eric\AppData\Roaming\MYHERI~1\Temp\out33BA.tmp" --stderr "C:\Users\Eric\AppData\Roaming\MYHERI~1\Temp\err33BC.tmp" --ssl-no-revoke -A "Family Tree Builder 8.0.0.8397"
---DATA:---
action=api-sync-pre-sync&site_admin=theogrammaticus@gmail.com&site_pwd=1.373f21efaeb14380a3cb574ed6e254dd.832521481.1531557064.43200.33.5012c598a2b9c383ecfc9b003c237b66&project_guid=57FCA7416EAD763E2E06995A33EE916F&publishing_guid=&revision=0&client_program_version=8.0.0.8397&site_id=511413591&computer_name=DESKTOP-G4N757J&bin_log_transaction_offset=0

====================================================================================
[14 JUL 2018 01:31:30 GMT-8] Pre-Sync Request:
"C:\PROGRA~2\MYHERI~1\Bin\FAMILY~2.EXE" https://www.myheritage.com/FP/API/FTB/ftb-api.php --data "@C:\Users\Eric\AppData\Roaming\MYHERI~1\Temp\dat33BB.tmp" --progress-bar --output "C:\Users\Eric\AppData\Roaming\MYHERI~1\Temp\out33BD.tmp" --stderr "C:\Users\Eric\AppData\Roaming\MYHERI~1\Temp\err33BE.tmp" --ssl-no-revoke -A "Family Tree Builder 8.0.0.8397"
---DATA:---
action=api-sync-pre-sync&site_admin=theogrammaticus@gmail.com&site_pwd=1.373f21efaeb14380a3cb574ed6e254dd.832521481.1531557064.43200.33.5012c598a2b9c383ecfc9b003c237b66&project_guid=57FCA7416EAD763E2E06995A33EE916F&publishing_guid=&revision=0&client_program_version=8.0.0.8397&site_id=511413591&computer_name=DESKTOP-G4N757J&bin_log_transaction_offset=0
------------------------------------------------------------------------------------
[14 JUL 2018 01:31:31 GMT-8] Pre-Sync Connection result:
0 (WAIT_OBJECT_0)

------------------------------------------------------------------------------------
[14 JUL 2018 01:31:31 GMT-8] Pre-Sync Response:
<?xml version="1.0"?>
<Pre-sync error_code="200" error_desc="MyHeritage\Web\Ftb\Model\Api\ApiBase::handleAuthorizeUserResponse: Unauthorized request, error code: '201'" outcome="error"/>

------------------------------------------------------------------------------------
[14 JUL 2018 01:31:31 GMT-8] Pre-Sync Connection result:
0 (WAIT_OBJECT_0)

------------------------------------------------------------------------------------
[14 JUL 2018 01:31:31 GMT-8] Pre-Sync Response:
<?xml version="1.0"?>
<Pre-sync error_code="200" error_desc="MyHeritage\Web\Ftb\Model\Api\ApiBase::handleAuthorizeUserResponse: Unauthorized request, error code: '201'" outcome="error"/>


====================================================================================
[14 JUL 2018 01:32:40 GMT-8] Pre-Sync - Preparing for execution...

====================================================================================
[14 JUL 2018 01:32:40 GMT-8] Pre-Sync Request:
"C:\PROGRA~2\MYHERI~1\Bin\FAMILY~2.EXE" https://www.myheritage.com/FP/API/FTB/ftb-api.php --data "@C:\Users\Eric\AppData\Roaming\MYHERI~1\Temp\dat478D.tmp" --progress-bar --output "C:\Users\Eric\AppData\Roaming\MYHERI~1\Temp\out478E.tmp" --stderr "C:\Users\Eric\AppData\Roaming\MYHERI~1\Temp\err478F.tmp" --ssl-no-revoke -A "Family Tree Builder 8.0.0.8397"
---DATA:---
action=api-sync-pre-sync&site_admin=theogrammaticus@gmail.com&site_pwd=1.373f21efaeb14380a3cb574ed6e254dd.832521481.1531557118.43200.33.3069da892e6faa6251d7efb2ad437274&project_guid=57FCA7416EAD763E2E06995A33EE916F&publishing_guid=&revision=0&client_program_version=8.0.0.8397&site_id=511413591&computer_name=DESKTOP-G4N757J&bin_log_transaction_offset=0
------------------------------------------------------------------------------------
[14 JUL 2018 01:32:41 GMT-8] Pre-Sync Connection result:
0 (WAIT_OBJECT_0)

------------------------------------------------------------------------------------
[14 JUL 2018 01:32:41 GMT-8] Pre-Sync Response:
<?xml version="1.0"?>
<Pre-sync error_code="200" error_desc="MyHeritage\Web\Ftb\Model\Api\ApiBase::handleAuthorizeUserResponse: Unauthorized request, error code: '201'" outcome="error"/>


====================================================================================
[16 JUL 2018 14:38:57 GMT-8] Pre-Sync - Preparing for execution...

====================================================================================
[16 JUL 2018 14:38:57 GMT-8] Pre-Sync Request:
"C:\PROGRA~2\MYHERI~1\Bin\FAMILY~2.EXE" https://www.myheritage.com/FP/API/FTB/ftb-api.php --data "@C:\Users\Eric\AppData\Roaming\MYHERI~1\Temp\datFE08.tmp" --progress-bar --output "C:\Users\Eric\AppData\Roaming\MYHERI~1\Temp\outFE09.tmp" --stderr "C:\Users\Eric\AppData\Roaming\MYHERI~1\Temp\errFE0A.tmp" --ssl-no-revoke -A "Family Tree Builder 8.0.0.8404"
---DATA:---
action=api-sync-pre-sync&site_admin=theogrammaticus@gmail.com&site_pwd=1.373f21efaeb14380a3cb574ed6e254dd.832521481.1531777037.43200.33.ce4db8e2eee6960b4a035d34aa154ba2&project_guid=57FCA7416EAD763E2E06995A33EE916F&publishing_guid=&revision=0&client_program_version=8.0.0.8404&site_id=511413591&computer_name=DESKTOP-G4N757J&bin_log_transaction_offset=0
------------------------------------------------------------------------------------
[16 JUL 2018 14:38:58 GMT-8] Pre-Sync Connection result:
0 (WAIT_OBJECT_0)

------------------------------------------------------------------------------------
[16 JUL 2018 14:38:58 GMT-8] Pre-Sync Response:
<?xml version="1.0"?>
<Pre-sync error_code="200" error_desc="MyHeritage\Web\Ftb\Model\Api\ApiBase::handleAuthorizeUserResponse: Unauthorized request, error code: '201'" outcome="error"/>

